#
# There is insufficient memory for the Java Runtime Environment to continue.
# Native memory allocation (malloc) failed to allocate 674736 bytes for Chunk::new
# Possible reasons:
#   The system is out of physical RAM or swap space
#   The process is running with CompressedOops enabled, and the Java Heap may be blocking the growth of the native heap
# Possible solutions:
#   Reduce memory load on the system
#   Increase physical memory or swap space
#   Check if swap backing store is full
#   Decrease Java heap size (-Xmx/-Xms)
#   Decrease number of Java threads
#   Decrease Java thread stack sizes (-Xss)
#   Set larger code cache with -XX:ReservedCodeCacheSize=
#   JVM is running with Unscaled Compressed Oops mode in which the Java heap is
#     placed in the first 4GB address space. The Java Heap base address is the
#     maximum limit for the native heap growth. Please use -XX:HeapBaseMinAddress
#     to set the Java Heap base and to place the Java Heap above 4GB virtual address.
# This output file may be truncated or incomplete.
#
#  Out of Memory Error (allocation.cpp:389), pid=8152, tid=0x0000000000001c4c
#
# JRE version: Java(TM) SE Runtime Environment (8.0_271-b09) (build 1.8.0_271-b09)
# Java VM: Java HotSpot(TM) 64-Bit Server VM (25.271-b09 mixed mode windows-amd64 compressed oops)
# Failed to write core dump. 
#

---------------  T H R E A D  ---------------

Current thread (0x000000ea2dc0a800):  JavaThread "C2 CompilerThread0" daemon [_thread_in_native, id=7244, stack(0x000000ea2eb70000,0x000000ea2ec70000)]

Stack: [0x000000ea2eb70000,0x000000ea2ec70000]
Native frames: (J=compiled Java code, j=interpreted, Vv=VM code, C=native code)
V  [jvm.dll+0x33f6c9]
V  [jvm.dll+0x286122]
V  [jvm.dll+0x286dcd]
V  [jvm.dll+0x2a4dd6]
V  [jvm.dll+0x2a5ad0]
V  [jvm.dll+0x5af86f]
C  [vcruntime140.dll+0xb8f0]
V  [jvm.dll+0x5aef5e]
C  [ntdll.dll+0x9345d]
C  [ntdll.dll+0x54937]
C  [ntdll.dll+0x925ea]
V  [jvm.dll+0x2a0eba]
V  [jvm.dll+0x29ff1e]
V  [jvm.dll+0x286a5f]
V  [jvm.dll+0x27d805]
V  [jvm.dll+0xe574c]
V  [jvm.dll+0xe5f4c]
V  [jvm.dll+0x480043]
V  [jvm.dll+0x447c30]
V  [jvm.dll+0x450c25]
V  [jvm.dll+0x44ffe5]
V  [jvm.dll+0x43aef7]
V  [jvm.dll+0xbc3eb]
V  [jvm.dll+0xbaa4b]
V  [jvm.dll+0x24e7c2]
V  [jvm.dll+0x2a2dcc]
C  [ucrtbase.DLL+0x1f4a0]
C  [KERNEL32.DLL+0x13f2]
C  [ntdll.dll+0x154f4]


Current CompileTask:
C2:  11274 1599   !   4       java.lang.ClassLoader::loadClass (122 bytes)


---------------  P R O C E S S  ---------------

Java Threads: ( => current thread )
  0x000000ea2f715800 JavaThread "background-preinit" [_thread_blocked, id=7228, stack(0x000000ea30ca0000,0x000000ea30da0000)]
  0x000000ea2dc9c800 JavaThread "Service Thread" daemon [_thread_blocked, id=7236, stack(0x000000ea2ee70000,0x000000ea2ef70000)]
  0x000000ea2dc10800 JavaThread "C1 CompilerThread2" daemon [_thread_blocked, id=6780, stack(0x000000ea2ed70000,0x000000ea2ee70000)]
  0x000000ea2dc0c800 JavaThread "C2 CompilerThread1" daemon [_thread_blocked, id=7004, stack(0x000000ea2ec70000,0x000000ea2ed70000)]
=>0x000000ea2dc0a800 JavaThread "C2 CompilerThread0" daemon [_thread_in_native, id=7244, stack(0x000000ea2eb70000,0x000000ea2ec70000)]
  0x000000ea2dbbb800 JavaThread "Attach Listener" daemon [_thread_blocked, id=6240, stack(0x000000ea2ea70000,0x000000ea2eb70000)]
  0x000000ea2dbbb000 JavaThread "Signal Dispatcher" daemon [_thread_blocked, id=8124, stack(0x000000ea2e970000,0x000000ea2ea70000)]
  0x000000ea2d459000 JavaThread "Finalizer" daemon [_thread_blocked, id=8180, stack(0x000000ea2e870000,0x000000ea2e970000)]
  0x000000ea2d44f800 JavaThread "Reference Handler" daemon [_thread_blocked, id=8188, stack(0x000000ea2e770000,0x000000ea2e870000)]
  0x000000ea193c4800 JavaThread "main" [_thread_in_native, id=8128, stack(0x000000ea1ad90000,0x000000ea1ae90000)]

Other Threads:
  0x000000ea2d449000 VMThread [stack: 0x000000ea2e670000,0x000000ea2e770000] [id=8144]
  0x000000ea2dcae800 WatcherThread [stack: 0x000000ea2ef70000,0x000000ea2f070000] [id=4736]

VM state:not at safepoint (normal execution)

VM Mutex/Monitor currently owned by a thread: None

OutOfMemory and StackOverflow Exception counts:
OutOfMemoryError java_heap_errors=5

heap address: 0x00000000c0000000, size: 1024 MB, Compressed Oops mode: 32-bit
Narrow klass base: 0x0000000000000000, Narrow klass shift: 3
Compressed class space size: 1073741824 Address: 0x0000000100000000

Heap:
 PSYoungGen      total 458752K, used 369633K [0x00000000e0000000, 0x0000000100000000, 0x0000000100000000)
  eden space 393216K, 94% used [0x00000000e0000000,0x00000000f68f87a8,0x00000000f8000000)
  from space 65536K, 0% used [0x00000000fc000000,0x00000000fc000000,0x0000000100000000)
  to   space 65536K, 0% used [0x00000000f8000000,0x00000000f8000000,0x00000000fc000000)
 ParOldGen       total 524288K, used 0K [0x00000000c0000000, 0x00000000e0000000, 0x00000000e0000000)
  object space 524288K, 0% used [0x00000000c0000000,0x00000000c0000000,0x00000000e0000000)
 Metaspace       used 15737K, capacity 16344K, committed 16640K, reserved 1064960K
  class space    used 2032K, capacity 2196K, committed 2304K, reserved 1048576K

Card table byte_map: [0x000000ea2a250000,0x000000ea2a460000] byte_map_base: 0x000000ea29c50000

Marking Bits: (ParMarkBitMap*) 0x0000000066f27fe0
 Begin Bits: [0x000000ea2a960000, 0x000000ea2b960000)
 End Bits:   [0x000000ea2b960000, 0x000000ea2c960000)

Polling page: 0x000000ea195a0000

CodeCache: size=245760Kb used=5162Kb max_used=5169Kb free=240597Kb
 bounds [0x000000ea1ae90000, 0x000000ea1b3a0000, 0x000000ea29e90000]
 total_blobs=1914 nmethods=1558 adapters=269
 compilation: enabled

Compilation events (10 events):
Event: 10.752 Thread 0x000000ea2dc10800 nmethod 1617 0x000000ea1b395890 code [0x000000ea1b395a20, 0x000000ea1b395d40]
Event: 10.752 Thread 0x000000ea2dc10800 1618       3       java.util.Properties::getProperty (46 bytes)
Event: 10.753 Thread 0x000000ea2dc0c800 nmethod 1619 0x000000ea1b395650 code [0x000000ea1b395780, 0x000000ea1b3957f8]
Event: 10.753 Thread 0x000000ea2dc10800 nmethod 1618 0x000000ea1b39dc10 code [0x000000ea1b39dda0, 0x000000ea1b39e2c0]
Event: 10.756 Thread 0x000000ea2dc10800 1620       3       org.springframework.boot.loader.LaunchedURLClassLoader$$Lambda$7/835648992::run (16 bytes)
Event: 10.756 Thread 0x000000ea2dc10800 nmethod 1620 0x000000ea1b395250 code [0x000000ea1b3953c0, 0x000000ea1b395570]
Event: 10.777 Thread 0x000000ea2dc0c800 1621       4       java.lang.String::concat (47 bytes)
Event: 10.782 Thread 0x000000ea2dc0c800 nmethod 1621 0x000000ea1b39bf90 code [0x000000ea1b39c0e0, 0x000000ea1b39c478]
Event: 10.786 Thread 0x000000ea2dc10800 1622       3       java.util.zip.ZipUtils::get16 (19 bytes)
Event: 10.786 Thread 0x000000ea2dc10800 nmethod 1622 0x000000ea1b39ba90 code [0x000000ea1b39bc00, 0x000000ea1b39be38]

GC Heap History (0 events):
No events

Deoptimization events (10 events):
Event: 3.209 Thread 0x000000ea193c4800 Uncommon trap: reason=unstable_if action=reinterpret pc=0x000000ea1b190dec method=java.lang.Boolean.equals(Ljava/lang/Object;)Z @ 18
Event: 5.090 Thread 0x000000ea193c4800 Uncommon trap: reason=range_check action=make_not_entrant pc=0x000000ea1b212ce0 method=sun.reflect.generics.parser.SignatureParser.current()C @ 34
Event: 6.889 Thread 0x000000ea193c4800 Uncommon trap: reason=unstable_if action=reinterpret pc=0x000000ea1b221d48 method=java.util.HashMap.getNode(ILjava/lang/Object;)Ljava/util/HashMap$Node; @ 129
Event: 7.072 Thread 0x000000ea2f715800 Uncommon trap: reason=unstable_if action=reinterpret pc=0x000000ea1b09e808 method=java.lang.String.startsWith(Ljava/lang/String;I)Z @ 25
Event: 7.074 Thread 0x000000ea2f715800 Uncommon trap: reason=unstable_if action=reinterpret pc=0x000000ea1b145e84 method=java.net.URL.<init>(Ljava/net/URL;Ljava/lang/String;Ljava/net/URLStreamHandler;)V @ 273
Event: 7.074 Thread 0x000000ea2f715800 Uncommon trap: reason=unstable_if action=reinterpret pc=0x000000ea1b22f1e4 method=java.net.URLStreamHandler.parseURL(Ljava/net/URL;Ljava/lang/String;II)V @ 143
Event: 7.126 Thread 0x000000ea2f6c9800 Uncommon trap: reason=unstable_if action=reinterpret pc=0x000000ea1b129cec method=java.lang.ThreadLocal.get()Ljava/lang/Object; @ 11
Event: 7.185 Thread 0x000000ea193c4800 Uncommon trap: reason=unstable_if action=reinterpret pc=0x000000ea1b271d24 method=org.springframework.boot.context.properties.source.ConfigurationPropertyName$ElementsParser.updateType(Lorg/springframework/boot/context/properties/source/ConfigurationPrope
Event: 8.336 Thread 0x000000ea193c4800 Uncommon trap: reason=predicate action=maybe_recompile pc=0x000000ea1b0a6628 method=java.util.regex.Pattern$Slice.match(Ljava/util/regex/Matcher;ILjava/lang/CharSequence;)Z @ 21
Event: 10.351 Thread 0x000000ea2f715800 Uncommon trap: reason=unstable_if action=reinterpret pc=0x000000ea1b2af564 method=java.util.jar.Manifest$FastInputStream.readLine([BII)I @ 87

Classes redefined (0 events):
No events

Internal exceptions (10 events):
Event: 5.941 Thread 0x000000ea2f715800 Exception <a 'java/lang/IllegalArgumentException'> (0x00000000e7e42b28) thrown at [C:\jenkins\workspace\8-2-build-windows-amd64-cygwin\jdk8u271\605\hotspot\src\share\vm\prims\jvm.cpp, line 1516]
Event: 5.953 Thread 0x000000ea193c4800 Exception <a 'java/lang/IllegalArgumentException'> (0x00000000e7a1dfe0) thrown at [C:\jenkins\workspace\8-2-build-windows-amd64-cygwin\jdk8u271\605\hotspot\src\share\vm\prims\jvm.cpp, line 1516]
Event: 5.961 Thread 0x000000ea2f715800 Exception <a 'java/lang/IllegalArgumentException'> (0x00000000e7f1cde0) thrown at [C:\jenkins\workspace\8-2-build-windows-amd64-cygwin\jdk8u271\605\hotspot\src\share\vm\prims\jvm.cpp, line 1516]
Event: 6.234 Thread 0x000000ea193c4800 Exception <a 'java/lang/NoSuchMethodError': java.lang.Object.lambda$chars$0()Ljava/util/Spliterator$OfInt;> (0x00000000e95036e8) thrown at [C:\jenkins\workspace\8-2-build-windows-amd64-cygwin\jdk8u271\605\hotspot\src\share\vm\interpreter\linkResolver.cpp,
Event: 7.126 Thread 0x000000ea2f6c9800 Implicit null exception at 0x000000ea1b129c1c to 0x000000ea1b129cd5
Event: 8.409 Thread 0x000000ea193c4800 Exception <a 'java/lang/NoSuchMethodError': java.lang.Object.lambda$comparing$77a9974f$1(Ljava/util/function/Function;Ljava/lang/Object;Ljava/lang/Object;)I> (0x00000000f0e3a5d0) thrown at [C:\jenkins\workspace\8-2-build-windows-amd64-cygwin\jdk8u271\605\
Event: 8.410 Thread 0x000000ea193c4800 Exception <a 'java/lang/NoSuchMethodError': java.lang.Object.lambda$comparingByKey$6d558cbf$1(Ljava/util/Comparator;Ljava/util/Map$Entry;Ljava/util/Map$Entry;)I> (0x00000000f0e3ee58) thrown at [C:\jenkins\workspace\8-2-build-windows-amd64-cygwin\jdk8u271\
Event: 10.274 Thread 0x000000ea2f715800 Exception <a 'java/lang/NoClassDefFoundError': javax/el/ExpressionFactory> (0x00000000f4312d70) thrown at [C:\jenkins\workspace\8-2-build-windows-amd64-cygwin\jdk8u271\605\hotspot\src\share\vm\classfile\systemDictionary.cpp, line 201]
Event: 10.275 Thread 0x000000ea2f715800 Exception <a 'java/lang/NoClassDefFoundError': javax/el/ExpressionFactory> (0x00000000f4340b10) thrown at [C:\jenkins\workspace\8-2-build-windows-amd64-cygwin\jdk8u271\605\hotspot\src\share\vm\oops\constantPool.cpp, line 606]
Event: 10.276 Thread 0x000000ea2f715800 Exception <a 'java/lang/NoClassDefFoundError': javax/el/ELManager> (0x00000000f4391228) thrown at [C:\jenkins\workspace\8-2-build-windows-amd64-cygwin\jdk8u271\605\hotspot\src\share\vm\classfile\systemDictionary.cpp, line 201]

Events (10 events):
Event: 10.809 loading class com/fasterxml/jackson/databind/ser/SerializerFactory done
Event: 10.810 loading class com/fasterxml/jackson/databind/ser/BeanSerializerFactory
Event: 10.810 loading class com/fasterxml/jackson/databind/ser/BeanSerializerFactory done
Event: 10.811 loading class com/fasterxml/jackson/databind/ser/BasicSerializerFactory
Event: 10.811 loading class com/fasterxml/jackson/databind/ser/BasicSerializerFactory done
Event: 10.814 loading class com/fasterxml/jackson/databind/AnnotationIntrospector
Event: 10.814 loading class com/fasterxml/jackson/databind/AnnotationIntrospector done
Event: 10.816 loading class com/fasterxml/jackson/databind/introspect/JacksonAnnotationIntrospector
Event: 10.816 loading class com/fasterxml/jackson/databind/introspect/JacksonAnnotationIntrospector done
Event: 10.831 Executing VM operation: CollectForMetadataAllocation


Dynamic libraries:
0x00007ff7690d0000 - 0x00007ff769117000 	C:\Windows\system32\java.exe
0x00007ffbbef60000 - 0x00007ffbbf10d000 	C:\Windows\SYSTEM32\ntdll.dll
0x00007ffbbcca0000 - 0x00007ffbbcddf000 	C:\Windows\system32\KERNEL32.DLL
0x00007ffbbc4c0000 - 0x00007ffbbc5d5000 	C:\Windows\system32\KERNELBASE.dll
0x00007ffbbacb0000 - 0x00007ffbbad3e000 	C:\Windows\system32\apphelp.dll
0x00007ffb97720000 - 0x00007ffb97775000 	C:\Windows\AppPatch\AppPatch64\AcGenral.DLL
0x00007ffbbd440000 - 0x00007ffbbd4ea000 	C:\Windows\system32\msvcrt.dll
0x00007ffbbc440000 - 0x00007ffbbc46e000 	C:\Windows\system32\SspiCli.dll
0x00007ffbbd730000 - 0x00007ffbbd784000 	C:\Windows\system32\SHLWAPI.dll
0x00007ffbbd5b0000 - 0x00007ffbbd727000 	C:\Windows\system32\USER32.dll
0x00007ffbbc810000 - 0x00007ffbbc9a5000 	C:\Windows\system32\ole32.dll
0x00007ffbbd790000 - 0x00007ffbbecbe000 	C:\Windows\system32\SHELL32.dll
0x00007ffbbb950000 - 0x00007ffbbb971000 	C:\Windows\system32\USERENV.dll
0x00007ffbbca20000 - 0x00007ffbbcaca000 	C:\Windows\system32\ADVAPI32.dll
0x00007ffbb7970000 - 0x00007ffbb798e000 	C:\Windows\system32\MPR.dll
0x00007ffbbd300000 - 0x00007ffbbd440000 	C:\Windows\system32\RPCRT4.dll
0x00007ffbbcad0000 - 0x00007ffbbcb28000 	C:\Windows\SYSTEM32\sechost.dll
0x00007ffbbd010000 - 0x00007ffbbd221000 	C:\Windows\SYSTEM32\combase.dll
0x00007ffbbcb30000 - 0x00007ffbbcc7d000 	C:\Windows\system32\GDI32.dll
0x00007ffbbc080000 - 0x00007ffbbc095000 	C:\Windows\system32\profapi.dll
0x00007ffbba450000 - 0x00007ffbba502000 	C:\Windows\system32\SHCORE.dll
0x00007ffbbd570000 - 0x00007ffbbd5a6000 	C:\Windows\system32\IMM32.DLL
0x00007ffbbceb0000 - 0x00007ffbbd001000 	C:\Windows\system32\MSCTF.dll
0x00007ffbb9870000 - 0x00007ffbb9aeb000 	C:\Windows\WinSxS\amd64_microsoft.windows.common-controls_6595b64144ccf1df_6.0.9600.19394_none_62486577ecb635cf\COMCTL32.dll
0x00007ffb96f90000 - 0x00007ffb96fa5000 	C:\Program Files\Java\jre1.8.0_271\bin\vcruntime140.dll
0x00007ffbb7290000 - 0x00007ffbb7294000 	C:\Windows\system32\api-ms-win-crt-runtime-l1-1-0.dll
0x00007ffbb72a0000 - 0x00007ffbb72a3000 	C:\Windows\system32\api-ms-win-crt-heap-l1-1-0.dll
0x00007ffbb7040000 - 0x00007ffbb7044000 	C:\Windows\system32\api-ms-win-crt-string-l1-1-0.dll
0x00007ffbb78f0000 - 0x00007ffbb78f4000 	C:\Windows\system32\api-ms-win-crt-stdio-l1-1-0.dll
0x00007ffbb7030000 - 0x00007ffbb7034000 	C:\Windows\system32\api-ms-win-crt-convert-l1-1-0.dll
0x00007ffbb6e80000 - 0x00007ffbb6f74000 	C:\Windows\system32\ucrtbase.DLL
0x00007ffb92ee0000 - 0x00007ffb92f7b000 	C:\Program Files\Java\jre1.8.0_271\bin\msvcp140.dll
0x00007ffbb7270000 - 0x00007ffbb7273000 	C:\Windows\system32\api-ms-win-crt-locale-l1-1-0.dll
0x00007ffbb7280000 - 0x00007ffbb7285000 	C:\Windows\system32\api-ms-win-crt-math-l1-1-0.dll
0x00007ffbb6fe0000 - 0x00007ffbb6fe3000 	C:\Windows\system32\api-ms-win-crt-filesystem-l1-1-0.dll
0x00007ffbb7020000 - 0x00007ffbb7023000 	C:\Windows\system32\api-ms-win-crt-time-l1-1-0.dll
0x00007ffbb7010000 - 0x00007ffbb7013000 	C:\Windows\system32\api-ms-win-crt-environment-l1-1-0.dll
0x00007ffbb6bf0000 - 0x00007ffbb6bf3000 	C:\Windows\system32\api-ms-win-crt-utility-l1-1-0.dll
0x0000000066730000 - 0x0000000066f9f000 	C:\Program Files\Java\jre1.8.0_271\bin\server\jvm.dll
0x00007ffbb6dd0000 - 0x00007ffbb6dd9000 	C:\Windows\system32\WSOCK32.dll
0x00007ffbb51a0000 - 0x00007ffbb51c2000 	C:\Windows\system32\WINMM.dll
0x00007ffbb7050000 - 0x00007ffbb705a000 	C:\Windows\system32\VERSION.dll
0x00007ffbbcc80000 - 0x00007ffbbcc87000 	C:\Windows\system32\PSAPI.DLL
0x00007ffbbc9b0000 - 0x00007ffbbca0a000 	C:\Windows\system32\WS2_32.dll
0x00007ffbb5170000 - 0x00007ffbb519a000 	C:\Windows\system32\WINMMBASE.dll
0x00007ffbbcc90000 - 0x00007ffbbcc99000 	C:\Windows\system32\NSI.dll
0x00007ffbbc470000 - 0x00007ffbbc4bf000 	C:\Windows\SYSTEM32\cfgmgr32.dll
0x00007ffbbaf30000 - 0x00007ffbbaf58000 	C:\Windows\system32\DEVOBJ.dll
0x00007ffbb6dc0000 - 0x00007ffbb6dd0000 	C:\Program Files\Java\jre1.8.0_271\bin\verify.dll
0x00007ffbb6d90000 - 0x00007ffbb6dbb000 	C:\Program Files\Java\jre1.8.0_271\bin\java.dll
0x00007ffbb6d70000 - 0x00007ffbb6d88000 	C:\Program Files\Java\jre1.8.0_271\bin\zip.dll
0x00007ffb97ed0000 - 0x00007ffb97eec000 	C:\Program Files\Java\jre1.8.0_271\bin\net.dll
0x00007ffbbb980000 - 0x00007ffbbb9d9000 	C:\Windows\system32\mswsock.dll
0x00007ffbb8ba0000 - 0x00007ffbb8bca000 	C:\Windows\system32\IPHLPAPI.DLL
0x00007ffbb8b10000 - 0x00007ffbb8b1a000 	C:\Windows\system32\WINNSI.DLL
0x00007ffbb8370000 - 0x00007ffbb8386000 	C:\Windows\system32\dhcpcsvc6.DLL
0x00007ffbb82b0000 - 0x00007ffbb82ca000 	C:\Windows\system32\dhcpcsvc.DLL
0x00007ffbbb660000 - 0x00007ffbbb704000 	C:\Windows\system32\DNSAPI.dll
0x00007ffbb7990000 - 0x00007ffbb799a000 	C:\Windows\System32\rasadhlp.dll
0x00007ffbb87c0000 - 0x00007ffbb882b000 	C:\Windows\System32\fwpuclnt.dll
0x00007ffb99a00000 - 0x00007ffb99a0d000 	C:\Program Files\Java\jre1.8.0_271\bin\management.dll
0x00007ffba87b0000 - 0x00007ffba87c5000 	C:\Windows\system32\napinsp.dll
0x00007ffbb9e00000 - 0x00007ffbb9e1b000 	C:\Windows\system32\NLAapi.dll
0x00007ffba87a0000 - 0x00007ffba87ad000 	C:\Windows\System32\winrnr.dll
0x00007ffbb29c0000 - 0x00007ffbb2b49000 	C:\Windows\system32\dbghelp.dll

VM Arguments:
jvm_args: -Xmn512m -Xms1024m -Xmx1024m 
java_command: petrel-game-slots-1.0-SNAPSHOT-boot.jar --spring.profiles.active=prod --zebra.ip.out=103.96.149.127
java_class_path (initial): petrel-game-slots-1.0-SNAPSHOT-boot.jar
Launcher Type: SUN_STANDARD

Environment Variables:
JAVA_HOME=C:\Program Files\Java\jdk1.8.0_271
CLASSPATH=.;%JAVA_HOME%\lib;%JAVA_HOME%\lib\tools.jar
PATH=C:\Windows\system32;C:\Windows;C:\Windows\System32\Wbem;C:\Windows\System32\WindowsPowerShell\v1.0\;C:\Program Files (x86)\Microsoft SQL Server\140\Tools\Binn\;C:\Program Files\Microsoft SQL Server\140\Tools\Binn\;C:\Program Files (x86)\Microsoft SQL Server\140\DTS\Binn\;C:\Program Files\Microsoft SQL Server\140\DTS\Binn\;C:\Program Files\Microsoft SQL Server\Client SDK\ODBC\130\Tools\Binn\;C:\Program Files (x86)\Microsoft SQL Server\150\DTS\Binn\;C:\Program Files\Azure Data Studio\bin;C:\Program Files\python;C:\Program Files\python\Scripts;;D:\BtSoft\panel\script;%JAVA_HOME%\bin;;C:\Program Files\Azure Data Studio\bin
USERNAME=Administrator
OS=Windows_NT
PROCESSOR_IDENTIFIER=Intel64 Family 6 Model 63 Stepping 2, GenuineIntel



---------------  S Y S T E M  ---------------

OS: Windows Server 2012 R2 , 64 bit Build 9600 (6.3.9600.19843)

CPU:total 4 (initial active 4) (2 cores per cpu, 1 threads per core) family 6 model 63 stepping 2, cmov, cx8, fxsr, mmx, sse, sse2, sse3, ssse3, sse4.1, sse4.2, popcnt, avx, avx2, aes, clmul, erms, lzcnt, tsc, bmi1, bmi2

Memory: 4k page, physical 4193748k(55096k free), swap 12522724k(3292k free)

vm_info: Java HotSpot(TM) 64-Bit Server VM (25.271-b09) for windows-amd64 JRE (1.8.0_271-b09), built on Sep 16 2020 19:14:59 by "" with MS VC++ 15.9 (VS2017)

time: Thu Jun  2 10:24:13 2022
timezone: ?D1¨²¡À¨º¡Á?¨º¡À??
elapsed time: 11.301766 seconds (0d 0h 0m 11s)

