#
# There is insufficient memory for the Java Runtime Environment to continue.
# Native memory allocation (malloc) failed to allocate 2357136 bytes for Chunk::new
# Possible reasons:
#   The system is out of physical RAM or swap space
#   The process is running with CompressedOops enabled, and the Java Heap may be blocking the growth of the native heap
# Possible solutions:
#   Reduce memory load on the system
#   Increase physical memory or swap space
#   Check if swap backing store is full
#   Decrease Java heap size (-Xmx/-Xms)
#   Decrease number of Java threads
#   Decrease Java thread stack sizes (-Xss)
#   Set larger code cache with -XX:ReservedCodeCacheSize=
#   JVM is running with Unscaled Compressed Oops mode in which the Java heap is
#     placed in the first 4GB address space. The Java Heap base address is the
#     maximum limit for the native heap growth. Please use -XX:HeapBaseMinAddress
#     to set the Java Heap base and to place the Java Heap above 4GB virtual address.
# This output file may be truncated or incomplete.
#
#  Out of Memory Error (allocation.cpp:389), pid=4672, tid=0x0000000000000e80
#
# JRE version: Java(TM) SE Runtime Environment (8.0_271-b09) (build 1.8.0_271-b09)
# Java VM: Java HotSpot(TM) 64-Bit Server VM (25.271-b09 mixed mode windows-amd64 compressed oops)
# Core dump written. Default location: D:\ycd\petrel\hs_err_pid4672.mdmp
#

---------------  T H R E A D  ---------------

Current thread (0x00000008cf8f9800):  JavaThread "C2 CompilerThread1" daemon [_thread_in_native, id=3712, stack(0x00000008d09a0000,0x00000008d0aa0000)]

Stack: [0x00000008d09a0000,0x00000008d0aa0000]
Native frames: (J=compiled Java code, j=interpreted, Vv=VM code, C=native code)
V  [jvm.dll+0x33f6c9]
V  [jvm.dll+0x286122]
V  [jvm.dll+0x286dcd]
V  [jvm.dll+0x27d805]
V  [jvm.dll+0xe574c]
V  [jvm.dll+0xe5f4c]
V  [jvm.dll+0x480043]
V  [jvm.dll+0x447c30]
V  [jvm.dll+0x450c25]
V  [jvm.dll+0x44ffe5]
V  [jvm.dll+0x43aef7]
V  [jvm.dll+0xbc3eb]
V  [jvm.dll+0xbaa4b]
V  [jvm.dll+0x24e7c2]
V  [jvm.dll+0x2a2dcc]
C  [ucrtbase.DLL+0x1f4a0]
C  [KERNEL32.DLL+0x13f2]
C  [ntdll.dll+0x154f4]


Current CompileTask:
C2:  18361 1683   !   4       java.net.URLClassLoader$1::run (63 bytes)


---------------  P R O C E S S  ---------------

Java Threads: ( => current thread )
  0x00000008d108b800 JavaThread "background-preinit" [_thread_blocked, id=3560, stack(0x00000008d29d0000,0x00000008d2ad0000)]
  0x00000008cf97e800 JavaThread "Service Thread" daemon [_thread_blocked, id=3128, stack(0x00000008d0ba0000,0x00000008d0ca0000)]
  0x00000008cf90b800 JavaThread "C1 CompilerThread2" daemon [_thread_blocked, id=3280, stack(0x00000008d0aa0000,0x00000008d0ba0000)]
=>0x00000008cf8f9800 JavaThread "C2 CompilerThread1" daemon [_thread_in_native, id=3712, stack(0x00000008d09a0000,0x00000008d0aa0000)]
  0x00000008cf8ed000 JavaThread "C2 CompilerThread0" daemon [_thread_in_native, id=7824, stack(0x00000008d08a0000,0x00000008d09a0000)]
  0x00000008cf8ea000 JavaThread "Attach Listener" daemon [_thread_blocked, id=2088, stack(0x00000008d07a0000,0x00000008d08a0000)]
  0x00000008cf8e9800 JavaThread "Signal Dispatcher" daemon [_thread_blocked, id=2852, stack(0x00000008d06a0000,0x00000008d07a0000)]
  0x00000008cf876800 JavaThread "Finalizer" daemon [_thread_blocked, id=2728, stack(0x00000008d0540000,0x00000008d0640000)]
  0x00000008cf145000 JavaThread "Reference Handler" daemon [_thread_blocked, id=7732, stack(0x00000008d0440000,0x00000008d0540000)]
  0x00000008bb264800 JavaThread "main" [_thread_in_native, id=7740, stack(0x00000008bca60000,0x00000008bcb60000)]

Other Threads:
  0x00000008cf853800 VMThread [stack: 0x00000008d0340000,0x00000008d0440000] [id=7528]
  0x00000008d0cb8800 WatcherThread [stack: 0x00000008d10a0000,0x00000008d11a0000] [id=2816]

VM state:not at safepoint (normal execution)

VM Mutex/Monitor currently owned by a thread: None

heap address: 0x00000000c0000000, size: 1024 MB, Compressed Oops mode: 32-bit
Narrow klass base: 0x0000000000000000, Narrow klass shift: 3
Compressed class space size: 1073741824 Address: 0x0000000100000000

Heap:
 PSYoungGen      total 458752K, used 81555K [0x00000000e0000000, 0x0000000100000000, 0x0000000100000000)
  eden space 393216K, 19% used [0x00000000e0000000,0x00000000e49b98e0,0x00000000f8000000)
  from space 65536K, 9% used [0x00000000f8000000,0x00000000f85eb328,0x00000000fc000000)
  to   space 65536K, 0% used [0x00000000fc000000,0x00000000fc000000,0x0000000100000000)
 ParOldGen       total 524288K, used 16K [0x00000000c0000000, 0x00000000e0000000, 0x00000000e0000000)
  object space 524288K, 0% used [0x00000000c0000000,0x00000000c0004000,0x00000000e0000000)
 Metaspace       used 19567K, capacity 20190K, committed 20352K, reserved 1067008K
  class space    used 2522K, capacity 2683K, committed 2688K, reserved 1048576K

Card table byte_map: [0x00000008cbf20000,0x00000008cc130000] byte_map_base: 0x00000008cb920000

Marking Bits: (ParMarkBitMap*) 0x0000000066f27fe0
 Begin Bits: [0x00000008cc630000, 0x00000008cd630000)
 End Bits:   [0x00000008cd630000, 0x00000008ce630000)

Polling page: 0x00000008bb200000

CodeCache: size=245760Kb used=5757Kb max_used=5773Kb free=240002Kb
 bounds [0x00000008bcb60000, 0x00000008bd110000, 0x00000008cbb60000]
 total_blobs=2188 nmethods=1824 adapters=277
 compilation: enabled

Compilation events (10 events):
Event: 4.407 Thread 0x00000008cf90b800 1787       3       java.util.stream.StreamSpliterators$WrappingSpliterator$$Lambda$65/1225616405::getAsBoolean (8 bytes)
Event: 4.408 Thread 0x00000008cf90b800 nmethod 1787 0x00000008bd0e7090 code [0x00000008bd0e7200, 0x00000008bd0e7490]
Event: 4.408 Thread 0x00000008cf90b800 1788       3       java.util.stream.ReferencePipeline$2$1::accept (27 bytes)
Event: 4.408 Thread 0x00000008cf90b800 nmethod 1788 0x00000008bd0e6ad0 code [0x00000008bd0e6c40, 0x00000008bd0e6f80]
Event: 4.408 Thread 0x00000008cf90b800 1789       3       org.springframework.boot.context.properties.bind.MapBinder$$Lambda$118/920011586::test (12 bytes)
Event: 4.409 Thread 0x00000008cf90b800 nmethod 1789 0x00000008bd0e9f10 code [0x00000008bd0ea0c0, 0x00000008bd0ea7e0]
Event: 4.409 Thread 0x00000008cf90b800 1790       3       java.lang.invoke.MethodHandles::access$000 (4 bytes)
Event: 4.409 Thread 0x00000008cf90b800 nmethod 1790 0x00000008bd0e6750 code [0x00000008bd0e68a0, 0x00000008bd0e69d8]
Event: 4.410 Thread 0x00000008cf90b800 1791       3       java.lang.invoke.TypeConvertingMethodAdapter::cast (42 bytes)
Event: 4.411 Thread 0x00000008cf90b800 nmethod 1791 0x00000008bd0e95d0 code [0x00000008bd0e9780, 0x00000008bd0e9d30]

GC Heap History (2 events):
Event: 3.877 GC heap before
{Heap before GC invocations=1 (full 0):
 PSYoungGen      total 458752K, used 393216K [0x00000000e0000000, 0x0000000100000000, 0x0000000100000000)
  eden space 393216K, 100% used [0x00000000e0000000,0x00000000f8000000,0x00000000f8000000)
  from space 65536K, 0% used [0x00000000fc000000,0x00000000fc000000,0x0000000100000000)
  to   space 65536K, 0% used [0x00000000f8000000,0x00000000f8000000,0x00000000fc000000)
 ParOldGen       total 524288K, used 0K [0x00000000c0000000, 0x00000000e0000000, 0x00000000e0000000)
  object space 524288K, 0% used [0x00000000c0000000,0x00000000c0000000,0x00000000e0000000)
 Metaspace       used 16459K, capacity 17076K, committed 17152K, reserved 1064960K
  class space    used 2108K, capacity 2290K, committed 2304K, reserved 1048576K
Event: 3.898 GC heap after
Heap after GC invocations=1 (full 0):
 PSYoungGen      total 458752K, used 6060K [0x00000000e0000000, 0x0000000100000000, 0x0000000100000000)
  eden space 393216K, 0% used [0x00000000e0000000,0x00000000e0000000,0x00000000f8000000)
  from space 65536K, 9% used [0x00000000f8000000,0x00000000f85eb328,0x00000000fc000000)
  to   space 65536K, 0% used [0x00000000fc000000,0x00000000fc000000,0x0000000100000000)
 ParOldGen       total 524288K, used 16K [0x00000000c0000000, 0x00000000e0000000, 0x00000000e0000000)
  object space 524288K, 0% used [0x00000000c0000000,0x00000000c0004000,0x00000000e0000000)
 Metaspace       used 16459K, capacity 17076K, committed 17152K, reserved 1064960K
  class space    used 2108K, capacity 2290K, committed 2304K, reserved 1048576K
}

Deoptimization events (10 events):
Event: 2.540 Thread 0x00000008bb264800 Uncommon trap: reason=predicate action=maybe_recompile pc=0x00000008bce3465c method=java.lang.String.regionMatches(ZILjava/lang/String;II)Z @ 63
Event: 2.555 Thread 0x00000008d108b800 Uncommon trap: reason=unstable_if action=reinterpret pc=0x00000008bcd84fc8 method=java.lang.String.startsWith(Ljava/lang/String;I)Z @ 25
Event: 2.556 Thread 0x00000008d108b800 Uncommon trap: reason=unstable_if action=reinterpret pc=0x00000008bce1d798 method=java.net.URL.<init>(Ljava/net/URL;Ljava/lang/String;Ljava/net/URLStreamHandler;)V @ 273
Event: 2.556 Thread 0x00000008d108b800 Uncommon trap: reason=unstable_if action=reinterpret pc=0x00000008bcedf644 method=java.net.URLStreamHandler.parseURL(Ljava/net/URL;Ljava/lang/String;II)V @ 143
Event: 2.650 Thread 0x00000008d1da3800 Uncommon trap: reason=unstable_if action=reinterpret pc=0x00000008bce0c5ac method=java.lang.ThreadLocal.get()Ljava/lang/Object; @ 11
Event: 2.698 Thread 0x00000008bb264800 Uncommon trap: reason=unstable_if action=reinterpret pc=0x00000008bcf80ee4 method=org.springframework.boot.context.properties.source.ConfigurationPropertyName$ElementsParser.updateType(Lorg/springframework/boot/context/properties/source/ConfigurationPrope
Event: 3.006 Thread 0x00000008bb264800 Uncommon trap: reason=predicate action=maybe_recompile pc=0x00000008bcd78068 method=java.util.regex.Pattern$Slice.match(Ljava/util/regex/Matcher;ILjava/lang/CharSequence;)Z @ 21
Event: 3.276 Thread 0x00000008d108b800 Uncommon trap: reason=unstable_if action=reinterpret pc=0x00000008bcec1a38 method=java.util.HashMap.getNode(ILjava/lang/Object;)Ljava/util/HashMap$Node; @ 129
Event: 3.637 Thread 0x00000008d108b800 Uncommon trap: reason=unstable_if action=reinterpret pc=0x00000008bcf9a9e4 method=java.util.jar.Manifest$FastInputStream.readLine([BII)I @ 87
Event: 4.042 Thread 0x00000008bb264800 Uncommon trap: reason=bimorphic action=maybe_recompile pc=0x00000008bcf9bc5c method=java.util.HashMap.putVal(ILjava/lang/Object;Ljava/lang/Object;ZZ)Ljava/lang/Object; @ 203

Classes redefined (0 events):
No events

Internal exceptions (10 events):
Event: 2.059 Thread 0x00000008bb264800 Exception <a 'java/lang/IllegalArgumentException'> (0x00000000e6fc0a00) thrown at [C:\jenkins\workspace\8-2-build-windows-amd64-cygwin\jdk8u271\605\hotspot\src\share\vm\prims\jvm.cpp, line 1516]
Event: 2.072 Thread 0x00000008bb264800 Exception <a 'java/lang/IllegalArgumentException'> (0x00000000e703ff20) thrown at [C:\jenkins\workspace\8-2-build-windows-amd64-cygwin\jdk8u271\605\hotspot\src\share\vm\prims\jvm.cpp, line 1516]
Event: 2.082 Thread 0x00000008bb264800 Exception <a 'java/lang/IllegalArgumentException'> (0x00000000e7082cb0) thrown at [C:\jenkins\workspace\8-2-build-windows-amd64-cygwin\jdk8u271\605\hotspot\src\share\vm\prims\jvm.cpp, line 1516]
Event: 2.276 Thread 0x00000008bb264800 Exception <a 'java/lang/NoSuchMethodError': java.lang.Object.lambda$chars$0()Ljava/util/Spliterator$OfInt;> (0x00000000e8ff3ce8) thrown at [C:\jenkins\workspace\8-2-build-windows-amd64-cygwin\jdk8u271\605\hotspot\src\share\vm\interpreter\linkResolver.cpp,
Event: 2.650 Thread 0x00000008d1da3800 Implicit null exception at 0x00000008bce0c4dc to 0x00000008bce0c595
Event: 3.129 Thread 0x00000008bb264800 Exception <a 'java/lang/NoSuchMethodError': java.lang.Object.lambda$comparing$77a9974f$1(Ljava/util/function/Function;Ljava/lang/Object;Ljava/lang/Object;)I> (0x00000000f01d6ac0) thrown at [C:\jenkins\workspace\8-2-build-windows-amd64-cygwin\jdk8u271\605\
Event: 3.137 Thread 0x00000008bb264800 Exception <a 'java/lang/NoSuchMethodError': java.lang.Object.lambda$comparingByKey$6d558cbf$1(Ljava/util/Comparator;Ljava/util/Map$Entry;Ljava/util/Map$Entry;)I> (0x00000000f01db348) thrown at [C:\jenkins\workspace\8-2-build-windows-amd64-cygwin\jdk8u271\
Event: 3.521 Thread 0x00000008d108b800 Exception <a 'java/lang/NoClassDefFoundError': javax/el/ExpressionFactory> (0x00000000f412ce10) thrown at [C:\jenkins\workspace\8-2-build-windows-amd64-cygwin\jdk8u271\605\hotspot\src\share\vm\classfile\systemDictionary.cpp, line 201]
Event: 3.523 Thread 0x00000008d108b800 Exception <a 'java/lang/NoClassDefFoundError': javax/el/ExpressionFactory> (0x00000000f415b288) thrown at [C:\jenkins\workspace\8-2-build-windows-amd64-cygwin\jdk8u271\605\hotspot\src\share\vm\oops\constantPool.cpp, line 606]
Event: 3.525 Thread 0x00000008d108b800 Exception <a 'java/lang/NoClassDefFoundError': javax/el/ELManager> (0x00000000f41ad5f0) thrown at [C:\jenkins\workspace\8-2-build-windows-amd64-cygwin\jdk8u271\605\hotspot\src\share\vm\classfile\systemDictionary.cpp, line 201]

Events (10 events):
Event: 4.400 loading class org/springframework/boot/context/logging/LoggingApplicationListener
Event: 4.400 loading class org/springframework/boot/context/logging/LoggingApplicationListener done
Event: 4.401 loading class com/fasterxml/jackson/databind/deser/std/ThrowableDeserializer
Event: 4.401 loading class com/fasterxml/jackson/databind/deser/std/ThrowableDeserializer done
Event: 4.402 loading class com/fasterxml/jackson/databind/deser/BeanDeserializer
Event: 4.402 loading class com/fasterxml/jackson/databind/deser/BeanDeserializer done
Event: 4.410 loading class com/fasterxml/jackson/databind/deser/BeanDeserializerBase
Event: 4.410 loading class com/fasterxml/jackson/databind/deser/BeanDeserializerBase done
Event: 4.410 loading class org/springframework/boot/context/logging/LoggingApplicationListener
Event: 4.410 loading class org/springframework/boot/context/logging/LoggingApplicationListener done


Dynamic libraries:
0x00007ff7690d0000 - 0x00007ff769117000 	C:\Windows\system32\java.exe
0x00007ffbbef60000 - 0x00007ffbbf10d000 	C:\Windows\SYSTEM32\ntdll.dll
0x00007ffbbcca0000 - 0x00007ffbbcddf000 	C:\Windows\system32\KERNEL32.DLL
0x00007ffbbc4c0000 - 0x00007ffbbc5d5000 	C:\Windows\system32\KERNELBASE.dll
0x00007ffbbacb0000 - 0x00007ffbbad3e000 	C:\Windows\system32\apphelp.dll
0x00007ffb97720000 - 0x00007ffb97775000 	C:\Windows\AppPatch\AppPatch64\AcGenral.DLL
0x00007ffbbd440000 - 0x00007ffbbd4ea000 	C:\Windows\system32\msvcrt.dll
0x00007ffbbc440000 - 0x00007ffbbc46e000 	C:\Windows\system32\SspiCli.dll
0x00007ffbbd730000 - 0x00007ffbbd784000 	C:\Windows\system32\SHLWAPI.dll
0x00007ffbbd5b0000 - 0x00007ffbbd727000 	C:\Windows\system32\USER32.dll
0x00007ffbbc810000 - 0x00007ffbbc9a5000 	C:\Windows\system32\ole32.dll
0x00007ffbbd790000 - 0x00007ffbbecbe000 	C:\Windows\system32\SHELL32.dll
0x00007ffbbb950000 - 0x00007ffbbb971000 	C:\Windows\system32\USERENV.dll
0x00007ffbbca20000 - 0x00007ffbbcaca000 	C:\Windows\system32\ADVAPI32.dll
0x00007ffbb7970000 - 0x00007ffbb798e000 	C:\Windows\system32\MPR.dll
0x00007ffbbd300000 - 0x00007ffbbd440000 	C:\Windows\system32\RPCRT4.dll
0x00007ffbbcad0000 - 0x00007ffbbcb28000 	C:\Windows\SYSTEM32\sechost.dll
0x00007ffbbd010000 - 0x00007ffbbd221000 	C:\Windows\SYSTEM32\combase.dll
0x00007ffbbcb30000 - 0x00007ffbbcc7d000 	C:\Windows\system32\GDI32.dll
0x00007ffbbc080000 - 0x00007ffbbc095000 	C:\Windows\system32\profapi.dll
0x00007ffbba450000 - 0x00007ffbba502000 	C:\Windows\system32\SHCORE.dll
0x00007ffbbd570000 - 0x00007ffbbd5a6000 	C:\Windows\system32\IMM32.DLL
0x00007ffbbceb0000 - 0x00007ffbbd001000 	C:\Windows\system32\MSCTF.dll
0x00007ffbb9870000 - 0x00007ffbb9aeb000 	C:\Windows\WinSxS\amd64_microsoft.windows.common-controls_6595b64144ccf1df_6.0.9600.19394_none_62486577ecb635cf\COMCTL32.dll
0x00007ffb96f90000 - 0x00007ffb96fa5000 	C:\Program Files\Java\jre1.8.0_271\bin\vcruntime140.dll
0x00007ffbb7290000 - 0x00007ffbb7294000 	C:\Windows\system32\api-ms-win-crt-runtime-l1-1-0.dll
0x00007ffbb72a0000 - 0x00007ffbb72a3000 	C:\Windows\system32\api-ms-win-crt-heap-l1-1-0.dll
0x00007ffbb7040000 - 0x00007ffbb7044000 	C:\Windows\system32\api-ms-win-crt-string-l1-1-0.dll
0x00007ffbb78f0000 - 0x00007ffbb78f4000 	C:\Windows\system32\api-ms-win-crt-stdio-l1-1-0.dll
0x00007ffbb7030000 - 0x00007ffbb7034000 	C:\Windows\system32\api-ms-win-crt-convert-l1-1-0.dll
0x00007ffbb6e80000 - 0x00007ffbb6f74000 	C:\Windows\system32\ucrtbase.DLL
0x00007ffb92ee0000 - 0x00007ffb92f7b000 	C:\Program Files\Java\jre1.8.0_271\bin\msvcp140.dll
0x00007ffbb7270000 - 0x00007ffbb7273000 	C:\Windows\system32\api-ms-win-crt-locale-l1-1-0.dll
0x00007ffbb7280000 - 0x00007ffbb7285000 	C:\Windows\system32\api-ms-win-crt-math-l1-1-0.dll
0x00007ffbb6fe0000 - 0x00007ffbb6fe3000 	C:\Windows\system32\api-ms-win-crt-filesystem-l1-1-0.dll
0x00007ffbb7020000 - 0x00007ffbb7023000 	C:\Windows\system32\api-ms-win-crt-time-l1-1-0.dll
0x00007ffbb7010000 - 0x00007ffbb7013000 	C:\Windows\system32\api-ms-win-crt-environment-l1-1-0.dll
0x00007ffbb6bf0000 - 0x00007ffbb6bf3000 	C:\Windows\system32\api-ms-win-crt-utility-l1-1-0.dll
0x0000000066730000 - 0x0000000066f9f000 	C:\Program Files\Java\jre1.8.0_271\bin\server\jvm.dll
0x00007ffbb6dd0000 - 0x00007ffbb6dd9000 	C:\Windows\system32\WSOCK32.dll
0x00007ffbb51a0000 - 0x00007ffbb51c2000 	C:\Windows\system32\WINMM.dll
0x00007ffbb7050000 - 0x00007ffbb705a000 	C:\Windows\system32\VERSION.dll
0x00007ffbbcc80000 - 0x00007ffbbcc87000 	C:\Windows\system32\PSAPI.DLL
0x00007ffbbc9b0000 - 0x00007ffbbca0a000 	C:\Windows\system32\WS2_32.dll
0x00007ffbb5170000 - 0x00007ffbb519a000 	C:\Windows\system32\WINMMBASE.dll
0x00007ffbbcc90000 - 0x00007ffbbcc99000 	C:\Windows\system32\NSI.dll
0x00007ffbbc470000 - 0x00007ffbbc4bf000 	C:\Windows\SYSTEM32\cfgmgr32.dll
0x00007ffbbaf30000 - 0x00007ffbbaf58000 	C:\Windows\system32\DEVOBJ.dll
0x00007ffbb6dc0000 - 0x00007ffbb6dd0000 	C:\Program Files\Java\jre1.8.0_271\bin\verify.dll
0x00007ffbb6d90000 - 0x00007ffbb6dbb000 	C:\Program Files\Java\jre1.8.0_271\bin\java.dll
0x00007ffbb6d70000 - 0x00007ffbb6d88000 	C:\Program Files\Java\jre1.8.0_271\bin\zip.dll
0x00007ffb97ed0000 - 0x00007ffb97eec000 	C:\Program Files\Java\jre1.8.0_271\bin\net.dll
0x00007ffbbb980000 - 0x00007ffbbb9d9000 	C:\Windows\system32\mswsock.dll
0x00007ffbb8ba0000 - 0x00007ffbb8bca000 	C:\Windows\system32\IPHLPAPI.DLL
0x00007ffbb8b10000 - 0x00007ffbb8b1a000 	C:\Windows\system32\WINNSI.DLL
0x00007ffbb8370000 - 0x00007ffbb8386000 	C:\Windows\system32\dhcpcsvc6.DLL
0x00007ffbb82b0000 - 0x00007ffbb82ca000 	C:\Windows\system32\dhcpcsvc.DLL
0x00007ffbbb660000 - 0x00007ffbbb704000 	C:\Windows\system32\DNSAPI.dll
0x00007ffbb7990000 - 0x00007ffbb799a000 	C:\Windows\System32\rasadhlp.dll
0x00007ffbb87c0000 - 0x00007ffbb882b000 	C:\Windows\System32\fwpuclnt.dll
0x00007ffb99a00000 - 0x00007ffb99a0d000 	C:\Program Files\Java\jre1.8.0_271\bin\management.dll
0x00007ffba87b0000 - 0x00007ffba87c5000 	C:\Windows\system32\napinsp.dll
0x00007ffbb9e00000 - 0x00007ffbb9e1b000 	C:\Windows\system32\NLAapi.dll
0x00007ffba87a0000 - 0x00007ffba87ad000 	C:\Windows\System32\winrnr.dll
0x00007ffbb29c0000 - 0x00007ffbb2b49000 	C:\Windows\system32\DBGHELP.DLL

VM Arguments:
jvm_args: -Xmn512m -Xms1024m -Xmx1024m 
java_command: petrel-game-slots-1.0-SNAPSHOT-boot.jar --spring.profiles.active=prod --zebra.ip.out=103.96.149.127
java_class_path (initial): petrel-game-slots-1.0-SNAPSHOT-boot.jar
Launcher Type: SUN_STANDARD

Environment Variables:
JAVA_HOME=C:\Program Files\Java\jdk1.8.0_271
CLASSPATH=.;%JAVA_HOME%\lib;%JAVA_HOME%\lib\tools.jar
PATH=C:\Windows\system32;C:\Windows;C:\Windows\System32\Wbem;C:\Windows\System32\WindowsPowerShell\v1.0\;C:\Program Files (x86)\Microsoft SQL Server\140\Tools\Binn\;C:\Program Files\Microsoft SQL Server\140\Tools\Binn\;C:\Program Files (x86)\Microsoft SQL Server\140\DTS\Binn\;C:\Program Files\Microsoft SQL Server\140\DTS\Binn\;C:\Program Files\Microsoft SQL Server\Client SDK\ODBC\130\Tools\Binn\;C:\Program Files (x86)\Microsoft SQL Server\150\DTS\Binn\;C:\Program Files\Azure Data Studio\bin;C:\Program Files\python;C:\Program Files\python\Scripts;;D:\BtSoft\panel\script;%JAVA_HOME%\bin;;C:\Program Files\Azure Data Studio\bin
USERNAME=Administrator
OS=Windows_NT
PROCESSOR_IDENTIFIER=Intel64 Family 6 Model 63 Stepping 2, GenuineIntel



---------------  S Y S T E M  ---------------

OS: Windows Server 2012 R2 , 64 bit Build 9600 (6.3.9600.19843)

CPU:total 4 (initial active 4) (2 cores per cpu, 1 threads per core) family 6 model 63 stepping 2, cmov, cx8, fxsr, mmx, sse, sse2, sse3, ssse3, sse4.1, sse4.2, popcnt, avx, avx2, aes, clmul, erms, lzcnt, tsc, bmi1, bmi2

Memory: 4k page, physical 4193748k(289008k free), swap 12522724k(795744k free)

vm_info: Java HotSpot(TM) 64-Bit Server VM (25.271-b09) for windows-amd64 JRE (1.8.0_271-b09), built on Sep 16 2020 19:14:59 by "" with MS VC++ 15.9 (VS2017)

time: Thu Jun  2 10:27:04 2022
timezone: ?D1¨²¡À¨º¡Á?¨º¡À??
elapsed time: 18.362508 seconds (0d 0h 0m 18s)

