#
# There is insufficient memory for the Java Runtime Environment to continue.
# Native memory allocation (malloc) failed to allocate 32744 bytes for ChunkPool::allocate
# Possible reasons:
#   The system is out of physical RAM or swap space
#   The process is running with CompressedOops enabled, and the Java Heap may be blocking the growth of the native heap
# Possible solutions:
#   Reduce memory load on the system
#   Increase physical memory or swap space
#   Check if swap backing store is full
#   Decrease Java heap size (-Xmx/-Xms)
#   Decrease number of Java threads
#   Decrease Java thread stack sizes (-Xss)
#   Set larger code cache with -XX:ReservedCodeCacheSize=
#   JVM is running with Unscaled Compressed Oops mode in which the Java heap is
#     placed in the first 4GB address space. The Java Heap base address is the
#     maximum limit for the native heap growth. Please use -XX:HeapBaseMinAddress
#     to set the Java Heap base and to place the Java Heap above 4GB virtual address.
# This output file may be truncated or incomplete.
#
#  Out of Memory Error (allocation.cpp:272), pid=4472, tid=0x00000000000011e4
#
# JRE version: Java(TM) SE Runtime Environment (8.0_333-b02) (build 1.8.0_333-b02)
# Java VM: Java HotSpot(TM) 64-Bit Server VM (25.333-b02 mixed mode windows-amd64 compressed oops)
# Failed to write core dump. 
#

---------------  T H R E A D  ---------------

Current thread (0x000000493f11a000):  JavaThread "C2 CompilerThread0" daemon [_thread_in_native, id=4580, stack(0x0000004940070000,0x0000004940170000)]

Stack: [0x0000004940070000,0x0000004940170000]
Native frames: (J=compiled Java code, j=interpreted, Vv=VM code, C=native code)
V  [jvm.dll+0x32fc49]


Current CompileTask:
C2:   7255 4525       4       org.springframework.core.annotation.AnnotationsScanner::process (49 bytes)


---------------  P R O C E S S  ---------------

Java Threads: ( => current thread )
  0x0000004944a0d000 JavaThread "com.alibaba.nacos.client.naming.updater" daemon [_thread_in_native, id=4808, stack(0x0000004949aa0000,0x0000004949ba0000)]
  0x0000004944a07000 JavaThread "com.alibaba.nacos.client.naming.updater" daemon [_thread_blocked, id=4500, stack(0x00000049499a0000,0x0000004949aa0000)]
  0x0000004944a0a000 JavaThread "com.alibaba.nacos.naming.client.listener" daemon [_thread_blocked, id=3372, stack(0x00000049498a0000,0x00000049499a0000)]
  0x0000004944a09000 JavaThread "spring.cloud.inetutils" daemon [_thread_blocked, id=3352, stack(0x00000049495a0000,0x00000049496a0000)]
  0x0000004944a06000 JavaThread "lettuce-eventExecutorLoop-1-3" daemon [_thread_blocked, id=4524, stack(0x00000049494a0000,0x00000049495a0000)]
  0x0000004944a05800 JavaThread "SimplePauseDetectorThread_2" daemon [_thread_blocked, id=4796, stack(0x00000049493a0000,0x00000049494a0000)]
  0x0000004944a08800 JavaThread "SimplePauseDetectorThread_1" daemon [_thread_blocked, id=4956, stack(0x00000049492a0000,0x00000049493a0000)]
  0x0000004944a07800 JavaThread "SimplePauseDetectorThread_0" daemon [_thread_blocked, id=2588, stack(0x00000049491a0000,0x00000049492a0000)]
  0x0000004944a02800 JavaThread "Thread-9" daemon [_thread_blocked, id=4732, stack(0x0000004948fa0000,0x00000049490a0000)]
  0x0000004944a01800 JavaThread "lettuce-eventExecutorLoop-1-2" daemon [_thread_blocked, id=3676, stack(0x0000004947c80000,0x0000004947d80000)]
  0x0000004944a04800 JavaThread "lettuce-nioEventLoop-4-1" daemon [_thread_in_native, id=4812, stack(0x0000004947b80000,0x0000004947c80000)]
  0x0000004944a01000 JavaThread "com.alibaba.nacos.client.Worker.longPolling.fixed-127.0.0.1_6878" daemon [_thread_blocked, id=4820, stack(0x0000004946770000,0x0000004946870000)]
  0x0000004944a04000 JavaThread "com.alibaba.nacos.client.Worker.longPolling.fixed-127.0.0.1_6878" daemon [_thread_in_native, id=1748, stack(0x00000049468b0000,0x00000049469b0000)]
  0x0000004944a03000 JavaThread "com.alibaba.nacos.client.Worker.fixed-127.0.0.1_6878" daemon [_thread_blocked, id=4528, stack(0x0000004946670000,0x0000004946770000)]
  0x00000049417e7800 JavaThread "com.alibaba.nacos.client.config.security.updater" daemon [_thread_blocked, id=3000, stack(0x0000004946570000,0x0000004946670000)]
  0x00000049417e6000 JavaThread "Keep-Alive-Timer" daemon [_thread_blocked, id=4540, stack(0x0000004946270000,0x0000004946370000)]
  0x00000049417e7000 JavaThread "Timer-0" daemon [_thread_blocked, id=4868, stack(0x0000004944650000,0x0000004944750000)]
  0x00000049417e8800 JavaThread "logback-1" daemon [_thread_blocked, id=4828, stack(0x0000004943670000,0x0000004943770000)]
  0x00000049417e5800 JavaThread "lettuce-eventExecutorLoop-1-1" daemon [_thread_blocked, id=4768, stack(0x0000004943170000,0x0000004943270000)]
  0x000000493f1b2000 JavaThread "Service Thread" daemon [_thread_blocked, id=4744, stack(0x0000004940370000,0x0000004940470000)]
  0x000000493f129800 JavaThread "C1 CompilerThread2" daemon [_thread_blocked, id=4508, stack(0x0000004940270000,0x0000004940370000)]
  0x000000493f128000 JavaThread "C2 CompilerThread1" daemon [_thread_in_native, id=4536, stack(0x0000004940170000,0x0000004940270000)]
=>0x000000493f11a000 JavaThread "C2 CompilerThread0" daemon [_thread_in_native, id=4580, stack(0x0000004940070000,0x0000004940170000)]
  0x000000493f0c2000 JavaThread "Attach Listener" daemon [_thread_blocked, id=4720, stack(0x000000493ff70000,0x0000004940070000)]
  0x000000493f0ab000 JavaThread "Signal Dispatcher" daemon [_thread_blocked, id=4480, stack(0x000000493fe70000,0x000000493ff70000)]
  0x000000493f097000 JavaThread "Finalizer" daemon [_thread_blocked, id=4436, stack(0x000000493fd70000,0x000000493fe70000)]
  0x000000493e956800 JavaThread "Reference Handler" daemon [_thread_blocked, id=4516, stack(0x000000493fc70000,0x000000493fd70000)]
  0x000000492aaa7800 JavaThread "main" [_thread_in_native, id=4352, stack(0x000000492c290000,0x000000492c390000)]

Other Threads:
  0x000000493f073000 VMThread [stack: 0x000000493fb70000,0x000000493fc70000] [id=4448]
  0x0000004940490800 WatcherThread [stack: 0x0000004940870000,0x0000004940970000] [id=4704]

VM state:not at safepoint (normal execution)

VM Mutex/Monitor currently owned by a thread: None

heap address: 0x00000000c0000000, size: 1024 MB, Compressed Oops mode: 32-bit
Narrow klass base: 0x0000000000000000, Narrow klass shift: 3
Compressed class space size: 1073741824 Address: 0x0000000100000000

Heap:
 PSYoungGen      total 515584K, used 162655K [0x00000000e0000000, 0x0000000100000000, 0x0000000100000000)
  eden space 506880K, 31% used [0x00000000e0000000,0x00000000e9a1d4c8,0x00000000fef00000)
  from space 8704K, 55% used [0x00000000ff780000,0x00000000ffc3a938,0x0000000100000000)
  to   space 8704K, 0% used [0x00000000fef00000,0x00000000fef00000,0x00000000ff780000)
 ParOldGen       total 524288K, used 12662K [0x00000000c0000000, 0x00000000e0000000, 0x00000000e0000000)
  object space 524288K, 2% used [0x00000000c0000000,0x00000000c0c5d9f8,0x00000000e0000000)
 Metaspace       used 45579K, capacity 47448K, committed 47744K, reserved 1091584K
  class space    used 6048K, capacity 6438K, committed 6528K, reserved 1048576K

Card table byte_map: [0x000000493b750000,0x000000493b960000] byte_map_base: 0x000000493b150000

Marking Bits: (ParMarkBitMap*) 0x000000006b539030
 Begin Bits: [0x000000493be60000, 0x000000493ce60000)
 End Bits:   [0x000000493ce60000, 0x000000493de60000)

Polling page: 0x000000492a960000

CodeCache: size=245760Kb used=13913Kb max_used=15119Kb free=231846Kb
 bounds [0x000000492c390000, 0x000000492d2b0000, 0x000000493b390000]
 total_blobs=4419 nmethods=3878 adapters=452
 compilation: enabled

Compilation events (10 events):
Event: 7.172 Thread 0x000000493f129800 4564       3       org.springframework.core.MethodParameter::getNestedParameterType (122 bytes)
Event: 7.172 Thread 0x000000493f129800 nmethod 4564 0x000000492cf5be10 code [0x000000492cf5c0a0, 0x000000492cf5d330]
Event: 7.174 Thread 0x000000493f129800 4565       1       org.springframework.boot.origin.OriginTrackedValue::getValue (5 bytes)
Event: 7.174 Thread 0x000000493f129800 nmethod 4565 0x000000492c5a58d0 code [0x000000492c5a5a20, 0x000000492c5a5b38]
Event: 7.178 Thread 0x000000493f129800 4566       3       java.lang.AbstractStringBuilder::append (50 bytes)
Event: 7.178 Thread 0x000000493f129800 nmethod 4566 0x000000492c69b310 code [0x000000492c69b4e0, 0x000000492c69bc40]
Event: 7.187 Thread 0x000000493f129800 4568       3       java.nio.Buffer::remaining (20 bytes)
Event: 7.187 Thread 0x000000493f129800 nmethod 4568 0x000000492c5a5550 code [0x000000492c5a56a0, 0x000000492c5a5858]
Event: 7.189 Thread 0x000000493f129800 4569       3       java.nio.Buffer::hasRemaining (17 bytes)
Event: 7.189 Thread 0x000000493f129800 nmethod 4569 0x000000492c7f9810 code [0x000000492c7f9960, 0x000000492c7f9b18]

GC Heap History (10 events):
Event: 4.051 GC heap before
{Heap before GC invocations=4 (full 1):
 PSYoungGen      total 458752K, used 393216K [0x00000000e0000000, 0x0000000100000000, 0x0000000100000000)
  eden space 393216K, 100% used [0x00000000e0000000,0x00000000f8000000,0x00000000f8000000)
  from space 65536K, 0% used [0x00000000fc000000,0x00000000fc000000,0x0000000100000000)
  to   space 65536K, 0% used [0x00000000f8000000,0x00000000f8000000,0x00000000fc000000)
 ParOldGen       total 524288K, used 6245K [0x00000000c0000000, 0x00000000e0000000, 0x00000000e0000000)
  object space 524288K, 1% used [0x00000000c0000000,0x00000000c0619750,0x00000000e0000000)
 Metaspace       used 26234K, capacity 27438K, committed 27520K, reserved 1073152K
  class space    used 3391K, capacity 3665K, committed 3712K, reserved 1048576K
Event: 4.057 GC heap after
Heap after GC invocations=4 (full 1):
 PSYoungGen      total 458752K, used 4448K [0x00000000e0000000, 0x0000000100000000, 0x0000000100000000)
  eden space 393216K, 0% used [0x00000000e0000000,0x00000000e0000000,0x00000000f8000000)
  from space 65536K, 6% used [0x00000000f8000000,0x00000000f8458030,0x00000000fc000000)
  to   space 65536K, 0% used [0x00000000fc000000,0x00000000fc000000,0x0000000100000000)
 ParOldGen       total 524288K, used 6253K [0x00000000c0000000, 0x00000000e0000000, 0x00000000e0000000)
  object space 524288K, 1% used [0x00000000c0000000,0x00000000c061b750,0x00000000e0000000)
 Metaspace       used 26234K, capacity 27438K, committed 27520K, reserved 1073152K
  class space    used 3391K, capacity 3665K, committed 3712K, reserved 1048576K
}
Event: 5.250 GC heap before
{Heap before GC invocations=5 (full 1):
 PSYoungGen      total 458752K, used 397664K [0x00000000e0000000, 0x0000000100000000, 0x0000000100000000)
  eden space 393216K, 100% used [0x00000000e0000000,0x00000000f8000000,0x00000000f8000000)
  from space 65536K, 6% used [0x00000000f8000000,0x00000000f8458030,0x00000000fc000000)
  to   space 65536K, 0% used [0x00000000fc000000,0x00000000fc000000,0x0000000100000000)
 ParOldGen       total 524288K, used 6253K [0x00000000c0000000, 0x00000000e0000000, 0x00000000e0000000)
  object space 524288K, 1% used [0x00000000c0000000,0x00000000c061b750,0x00000000e0000000)
 Metaspace       used 32723K, capacity 34252K, committed 34304K, reserved 1079296K
  class space    used 4285K, capacity 4584K, committed 4608K, reserved 1048576K
Event: 5.258 GC heap after
Heap after GC invocations=5 (full 1):
 PSYoungGen      total 458752K, used 7476K [0x00000000e0000000, 0x0000000100000000, 0x0000000100000000)
  eden space 393216K, 0% used [0x00000000e0000000,0x00000000e0000000,0x00000000f8000000)
  from space 65536K, 11% used [0x00000000fc000000,0x00000000fc74d040,0x0000000100000000)
  to   space 65536K, 0% used [0x00000000f8000000,0x00000000f8000000,0x00000000fc000000)
 ParOldGen       total 524288K, used 6269K [0x00000000c0000000, 0x00000000e0000000, 0x00000000e0000000)
  object space 524288K, 1% used [0x00000000c0000000,0x00000000c061f750,0x00000000e0000000)
 Metaspace       used 32723K, capacity 34252K, committed 34304K, reserved 1079296K
  class space    used 4285K, capacity 4584K, committed 4608K, reserved 1048576K
}
Event: 5.334 GC heap before
{Heap before GC invocations=6 (full 1):
 PSYoungGen      total 458752K, used 41429K [0x00000000e0000000, 0x0000000100000000, 0x0000000100000000)
  eden space 393216K, 8% used [0x00000000e0000000,0x00000000e2128740,0x00000000f8000000)
  from space 65536K, 11% used [0x00000000fc000000,0x00000000fc74d040,0x0000000100000000)
  to   space 65536K, 0% used [0x00000000f8000000,0x00000000f8000000,0x00000000fc000000)
 ParOldGen       total 524288K, used 6269K [0x00000000c0000000, 0x00000000e0000000, 0x00000000e0000000)
  object space 524288K, 1% used [0x00000000c0000000,0x00000000c061f750,0x00000000e0000000)
 Metaspace       used 33894K, capacity 35404K, committed 35456K, reserved 1079296K
  class space    used 4418K, capacity 4712K, committed 4736K, reserved 1048576K
Event: 5.339 GC heap after
Heap after GC invocations=6 (full 1):
 PSYoungGen      total 458752K, used 7456K [0x00000000e0000000, 0x0000000100000000, 0x0000000100000000)
  eden space 393216K, 0% used [0x00000000e0000000,0x00000000e0000000,0x00000000f8000000)
  from space 65536K, 11% used [0x00000000f8000000,0x00000000f8748040,0x00000000fc000000)
  to   space 8704K, 0% used [0x00000000ff780000,0x00000000ff780000,0x0000000100000000)
 ParOldGen       total 524288K, used 6277K [0x00000000c0000000, 0x00000000e0000000, 0x00000000e0000000)
  object space 524288K, 1% used [0x00000000c0000000,0x00000000c0621750,0x00000000e0000000)
 Metaspace       used 33894K, capacity 35404K, committed 35456K, reserved 1079296K
  class space    used 4418K, capacity 4712K, committed 4736K, reserved 1048576K
}
Event: 5.339 GC heap before
{Heap before GC invocations=7 (full 2):
 PSYoungGen      total 458752K, used 7456K [0x00000000e0000000, 0x0000000100000000, 0x0000000100000000)
  eden space 393216K, 0% used [0x00000000e0000000,0x00000000e0000000,0x00000000f8000000)
  from space 65536K, 11% used [0x00000000f8000000,0x00000000f8748040,0x00000000fc000000)
  to   space 8704K, 0% used [0x00000000ff780000,0x00000000ff780000,0x0000000100000000)
 ParOldGen       total 524288K, used 6277K [0x00000000c0000000, 0x00000000e0000000, 0x00000000e0000000)
  object space 524288K, 1% used [0x00000000c0000000,0x00000000c0621750,0x00000000e0000000)
 Metaspace       used 33894K, capacity 35404K, committed 35456K, reserved 1079296K
  class space    used 4418K, capacity 4712K, committed 4736K, reserved 1048576K
Event: 5.401 GC heap after
Heap after GC invocations=7 (full 2):
 PSYoungGen      total 458752K, used 0K [0x00000000e0000000, 0x0000000100000000, 0x0000000100000000)
  eden space 393216K, 0% used [0x00000000e0000000,0x00000000e0000000,0x00000000f8000000)
  from space 65536K, 0% used [0x00000000f8000000,0x00000000f8000000,0x00000000fc000000)
  to   space 8704K, 0% used [0x00000000ff780000,0x00000000ff780000,0x0000000100000000)
 ParOldGen       total 524288K, used 12654K [0x00000000c0000000, 0x00000000e0000000, 0x00000000e0000000)
  object space 524288K, 2% used [0x00000000c0000000,0x00000000c0c5b9f8,0x00000000e0000000)
 Metaspace       used 33894K, capacity 35404K, committed 35456K, reserved 1079296K
  class space    used 4418K, capacity 4712K, committed 4736K, reserved 1048576K
}
Event: 6.762 GC heap before
{Heap before GC invocations=8 (full 2):
 PSYoungGen      total 458752K, used 393216K [0x00000000e0000000, 0x0000000100000000, 0x0000000100000000)
  eden space 393216K, 100% used [0x00000000e0000000,0x00000000f8000000,0x00000000f8000000)
  from space 65536K, 0% used [0x00000000f8000000,0x00000000f8000000,0x00000000fc000000)
  to   space 8704K, 0% used [0x00000000ff780000,0x00000000ff780000,0x0000000100000000)
 ParOldGen       total 524288K, used 12654K [0x00000000c0000000, 0x00000000e0000000, 0x00000000e0000000)
  object space 524288K, 2% used [0x00000000c0000000,0x00000000c0c5b9f8,0x00000000e0000000)
 Metaspace       used 43793K, capacity 45574K, committed 45824K, reserved 1089536K
  class space    used 5767K, capacity 6113K, committed 6144K, reserved 1048576K
Event: 6.783 GC heap after
Heap after GC invocations=8 (full 2):
 PSYoungGen      total 515584K, used 4842K [0x00000000e0000000, 0x0000000100000000, 0x0000000100000000)
  eden space 506880K, 0% used [0x00000000e0000000,0x00000000e0000000,0x00000000fef00000)
  from space 8704K, 55% used [0x00000000ff780000,0x00000000ffc3a938,0x0000000100000000)
  to   space 8704K, 0% used [0x00000000fef00000,0x00000000fef00000,0x00000000ff780000)
 ParOldGen       total 524288K, used 12662K [0x00000000c0000000, 0x00000000e0000000, 0x00000000e0000000)
  object space 524288K, 2% used [0x00000000c0000000,0x00000000c0c5d9f8,0x00000000e0000000)
 Metaspace       used 43793K, capacity 45574K, committed 45824K, reserved 1089536K
  class space    used 5767K, capacity 6113K, committed 6144K, reserved 1048576K
}

Deoptimization events (10 events):
Event: 6.804 Thread 0x000000492aaa7800 Uncommon trap: reason=class_check action=maybe_recompile pc=0x000000492d096264 method=java.lang.reflect.Executable.getAnnotation(Ljava/lang/Class;)Ljava/lang/annotation/Annotation; @ 19
Event: 6.813 Thread 0x000000492aaa7800 Uncommon trap: reason=unstable_if action=reinterpret pc=0x000000492c88e8d4 method=java.util.concurrent.ConcurrentHashMap.get(Ljava/lang/Object;)Ljava/lang/Object; @ 76
Event: 6.815 Thread 0x000000492aaa7800 Uncommon trap: reason=class_check action=maybe_recompile pc=0x000000492ca38834 method=java.util.concurrent.ConcurrentHashMap.putVal(Ljava/lang/Object;Ljava/lang/Object;Z)Ljava/lang/Object; @ 192
Event: 6.960 Thread 0x000000492aaa7800 Uncommon trap: reason=array_check action=maybe_recompile pc=0x000000492c545b70 method=java.util.AbstractCollection.toArray([Ljava/lang/Object;)[Ljava/lang/Object; @ 119
Event: 6.960 Thread 0x000000492aaa7800 Uncommon trap: reason=array_check action=maybe_recompile pc=0x000000492c545b70 method=java.util.AbstractCollection.toArray([Ljava/lang/Object;)[Ljava/lang/Object; @ 119
Event: 6.961 Thread 0x000000492aaa7800 Uncommon trap: reason=array_check action=maybe_recompile pc=0x000000492c545b70 method=java.util.AbstractCollection.toArray([Ljava/lang/Object;)[Ljava/lang/Object; @ 119
Event: 6.962 Thread 0x000000492aaa7800 Uncommon trap: reason=array_check action=maybe_recompile pc=0x000000492c545b70 method=java.util.AbstractCollection.toArray([Ljava/lang/Object;)[Ljava/lang/Object; @ 119
Event: 7.053 Thread 0x000000492aaa7800 Uncommon trap: reason=null_check action=make_not_entrant pc=0x000000492cd97c8c method=org.springframework.beans.factory.support.DefaultSingletonBeanRegistry.getSingleton(Ljava/lang/String;Z)Ljava/lang/Object; @ 60
Event: 7.118 Thread 0x000000492aaa7800 Uncommon trap: reason=unstable_if action=reinterpret pc=0x000000492ccc28fc method=org.springframework.boot.context.properties.source.ConfigurationPropertyName.dashIgnoringElementEquals(Lorg/springframework/boot/context/properties/source/ConfigurationPrope
Event: 7.177 Thread 0x000000492aaa7800 Uncommon trap: reason=unstable_if action=reinterpret pc=0x000000492c5b59c4 method=java.lang.AbstractStringBuilder.append(Ljava/lang/String;)Ljava/lang/AbstractStringBuilder; @ 1

Classes redefined (0 events):
No events

Internal exceptions (10 events):
Event: 7.163 Thread 0x000000492aaa7800 Exception <a 'java/lang/ClassNotFoundException': org/springframework/context/ApplicationEventPublisherAwareCustomizer> (0x00000000e846b020) thrown at [C:\jenkins\workspace\8-2-build-windows-amd64-cygwin\jdk8u333\2551\hotspot\src\share\vm\classfile\systemD
Event: 7.164 Thread 0x000000492aaa7800 Exception <a 'java/lang/ClassNotFoundException': org/springframework/beans/factory/AwareCustomizer> (0x00000000e84fa058) thrown at [C:\jenkins\workspace\8-2-build-windows-amd64-cygwin\jdk8u333\2551\hotspot\src\share\vm\classfile\systemDictionary.cpp, line
Event: 7.165 Thread 0x000000492aaa7800 Exception <a 'java/lang/ClassNotFoundException': org/springframework/context/SmartLifecycleCustomizer> (0x00000000e858b4f0) thrown at [C:\jenkins\workspace\8-2-build-windows-amd64-cygwin\jdk8u333\2551\hotspot\src\share\vm\classfile\systemDictionary.cpp, l
Event: 7.165 Thread 0x000000492aaa7800 Exception <a 'java/lang/ClassNotFoundException': org/springframework/context/LifecycleCustomizer> (0x00000000e8619a50) thrown at [C:\jenkins\workspace\8-2-build-windows-amd64-cygwin\jdk8u333\2551\hotspot\src\share\vm\classfile\systemDictionary.cpp, line 2
Event: 7.166 Thread 0x000000492aaa7800 Exception <a 'java/lang/ClassNotFoundException': org/springframework/context/PhasedCustomizer> (0x00000000e86a2e30) thrown at [C:\jenkins\workspace\8-2-build-windows-amd64-cygwin\jdk8u333\2551\hotspot\src\share\vm\classfile\systemDictionary.cpp, line 212]
Event: 7.167 Thread 0x000000492aaa7800 Exception <a 'java/lang/ClassNotFoundException': java/lang/ObjectCustomizer> (0x00000000e86e4390) thrown at [C:\jenkins\workspace\8-2-build-windows-amd64-cygwin\jdk8u333\2551\hotspot\src\share\vm\classfile\systemDictionary.cpp, line 212]
Event: 7.167 Thread 0x000000492aaa7800 Exception <a 'java/lang/ClassNotFoundException': com/alibaba/cloud/nacos/endpoint/NacosDiscoveryEndpointAutoConfigurationCustomizer> (0x00000000e8ae8df0) thrown at [C:\jenkins\workspace\8-2-build-windows-amd64-cygwin\jdk8u333\2551\hotspot\src\share\vm\cla
Event: 7.170 Thread 0x000000492aaa7800 Exception <a 'java/lang/ClassNotFoundException': java/lang/ObjectCustomizer> (0x00000000e8b67aa0) thrown at [C:\jenkins\workspace\8-2-build-windows-amd64-cygwin\jdk8u333\2551\hotspot\src\share\vm\classfile\systemDictionary.cpp, line 212]
Event: 7.171 Thread 0x000000492aaa7800 Exception <a 'java/lang/ClassNotFoundException': com/alibaba/cloud/nacos/endpoint/NacosDiscoveryEndpointCustomizer> (0x00000000e8c0be70) thrown at [C:\jenkins\workspace\8-2-build-windows-amd64-cygwin\jdk8u333\2551\hotspot\src\share\vm\classfile\systemDict
Event: 7.177 Thread 0x000000492aaa7800 Implicit null exception at 0x000000492c5b5616 to 0x000000492c5b59ad

Events (10 events):
Event: 7.188 Executing VM operation: RevokeBias
Event: 7.188 Executing VM operation: RevokeBias done
Event: 7.188 Executing VM operation: RevokeBias
Event: 7.188 Executing VM operation: RevokeBias done
Event: 7.188 Executing VM operation: RevokeBias
Event: 7.188 Executing VM operation: RevokeBias done
Event: 7.188 Executing VM operation: RevokeBias
Event: 7.189 Executing VM operation: RevokeBias done
Event: 7.189 Executing VM operation: RevokeBias
Event: 7.189 Executing VM operation: RevokeBias done


Dynamic libraries:
0x00007ff64f340000 - 0x00007ff64f387000 	C:\Program Files (x86)\Common Files\Oracle\Java\javapath\java.exe
0x00007ffb78d70000 - 0x00007ffb78f1a000 	C:\Windows\SYSTEM32\ntdll.dll
0x00007ffb76f70000 - 0x00007ffb770aa000 	C:\Windows\system32\KERNEL32.DLL
0x00007ffb764e0000 - 0x00007ffb765ef000 	C:\Windows\system32\KERNELBASE.dll
0x00007ffb74d80000 - 0x00007ffb74e08000 	C:\Windows\system32\apphelp.dll
0x00007ffb6e780000 - 0x00007ffb6e7cf000 	C:\Windows\AppPatch\AppPatch64\AcGenral.DLL
0x00007ffb76650000 - 0x00007ffb766f7000 	C:\Windows\system32\msvcrt.dll
0x00007ffb75ec0000 - 0x00007ffb75eeb000 	C:\Windows\SYSTEM32\SspiCli.dll
0x00007ffb769b0000 - 0x00007ffb76a01000 	C:\Windows\system32\SHLWAPI.dll
0x00007ffb77110000 - 0x00007ffb77281000 	C:\Windows\system32\USER32.dll
0x00007ffb77290000 - 0x00007ffb77408000 	C:\Windows\system32\ole32.dll
0x00007ffb77950000 - 0x00007ffb78d67000 	C:\Windows\system32\SHELL32.dll
0x00007ffb756f0000 - 0x00007ffb7570e000 	C:\Windows\SYSTEM32\USERENV.dll
0x00007ffb76ec0000 - 0x00007ffb76f65000 	C:\Windows\system32\ADVAPI32.dll
0x00007ffb6f8a0000 - 0x00007ffb6f8bb000 	C:\Windows\SYSTEM32\MPR.dll
0x00007ffb77420000 - 0x00007ffb77556000 	C:\Windows\system32\RPCRT4.dll
0x00007ffb776b0000 - 0x00007ffb77707000 	C:\Windows\SYSTEM32\sechost.dll
0x00007ffb77710000 - 0x00007ffb778e6000 	C:\Windows\SYSTEM32\combase.dll
0x00007ffb76a10000 - 0x00007ffb76b55000 	C:\Windows\system32\GDI32.dll
0x00007ffb760e0000 - 0x00007ffb760f4000 	C:\Windows\SYSTEM32\profapi.dll
0x00007ffb743e0000 - 0x00007ffb7447f000 	C:\Windows\SYSTEM32\SHCORE.dll
0x00007ffb767d0000 - 0x00007ffb76804000 	C:\Windows\system32\IMM32.DLL
0x00007ffb77570000 - 0x00007ffb776a9000 	C:\Windows\system32\MSCTF.dll
0x00007ffb73780000 - 0x00007ffb739da000 	C:\Windows\WinSxS\amd64_microsoft.windows.common-controls_6595b64144ccf1df_6.0.9600.17031_none_6242a4b3ecbb55a1\COMCTL32.dll
0x00007ffb72800000 - 0x00007ffb72815000 	C:\Program Files\Java\jre1.8.0_333\bin\vcruntime140.dll
0x00007ffb70b50000 - 0x00007ffb70b54000 	C:\Windows\SYSTEM32\api-ms-win-crt-runtime-l1-1-0.dll
0x00007ffb70b10000 - 0x00007ffb70b13000 	C:\Windows\SYSTEM32\api-ms-win-crt-heap-l1-1-0.dll
0x00007ffb70300000 - 0x00007ffb70304000 	C:\Windows\SYSTEM32\api-ms-win-crt-string-l1-1-0.dll
0x00007ffb70b30000 - 0x00007ffb70b34000 	C:\Windows\SYSTEM32\api-ms-win-crt-stdio-l1-1-0.dll
0x00007ffb702f0000 - 0x00007ffb702f4000 	C:\Windows\SYSTEM32\api-ms-win-crt-convert-l1-1-0.dll
0x00007ffb70100000 - 0x00007ffb701f4000 	C:\Windows\SYSTEM32\ucrtbase.DLL
0x00007ffb6e360000 - 0x00007ffb6e3fb000 	C:\Program Files\Java\jre1.8.0_333\bin\msvcp140.dll
0x00007ffb70b20000 - 0x00007ffb70b23000 	C:\Windows\SYSTEM32\api-ms-win-crt-locale-l1-1-0.dll
0x00007ffb70b40000 - 0x00007ffb70b45000 	C:\Windows\SYSTEM32\api-ms-win-crt-math-l1-1-0.dll
0x00007ffb70240000 - 0x00007ffb70243000 	C:\Windows\SYSTEM32\api-ms-win-crt-filesystem-l1-1-0.dll
0x00007ffb70250000 - 0x00007ffb70253000 	C:\Windows\SYSTEM32\api-ms-win-crt-time-l1-1-0.dll
0x00007ffb70230000 - 0x00007ffb70233000 	C:\Windows\SYSTEM32\api-ms-win-crt-environment-l1-1-0.dll
0x00007ffb70220000 - 0x00007ffb70223000 	C:\Windows\SYSTEM32\api-ms-win-crt-utility-l1-1-0.dll
0x000000006ad50000 - 0x000000006b5b1000 	C:\Program Files\Java\jre1.8.0_333\bin\server\jvm.dll
0x00007ffb70200000 - 0x00007ffb70209000 	C:\Windows\SYSTEM32\WSOCK32.dll
0x00007ffb700d0000 - 0x00007ffb700ef000 	C:\Windows\SYSTEM32\WINMM.dll
0x00007ffb70090000 - 0x00007ffb7009a000 	C:\Windows\SYSTEM32\VERSION.dll
0x00007ffb76e90000 - 0x00007ffb76e97000 	C:\Windows\system32\PSAPI.DLL
0x00007ffb765f0000 - 0x00007ffb76648000 	C:\Windows\system32\WS2_32.dll
0x00007ffb700a0000 - 0x00007ffb700ca000 	C:\Windows\SYSTEM32\WINMMBASE.dll
0x00007ffb77410000 - 0x00007ffb77419000 	C:\Windows\system32\NSI.dll
0x00007ffb76200000 - 0x00007ffb7624a000 	C:\Windows\SYSTEM32\cfgmgr32.dll
0x00007ffb74fd0000 - 0x00007ffb74ff6000 	C:\Windows\SYSTEM32\DEVOBJ.dll
0x00007ffb6e6f0000 - 0x00007ffb6e700000 	C:\Program Files\Java\jre1.8.0_333\bin\verify.dll
0x00007ffb6e330000 - 0x00007ffb6e35b000 	C:\Program Files\Java\jre1.8.0_333\bin\java.dll
0x00007ffb6e6d0000 - 0x00007ffb6e6e8000 	C:\Program Files\Java\jre1.8.0_333\bin\zip.dll
0x00007ffb74ad0000 - 0x00007ffb74ada000 	C:\Windows\SYSTEM32\kernel.appcore.dll
0x00007ffb68590000 - 0x00007ffb685ac000 	C:\Program Files\Java\jre1.8.0_333\bin\net.dll
0x00007ffb75940000 - 0x00007ffb75998000 	C:\Windows\system32\mswsock.dll
0x00007ffb72160000 - 0x00007ffb72189000 	C:\Windows\SYSTEM32\IPHLPAPI.DLL
0x00007ffb72150000 - 0x00007ffb7215a000 	C:\Windows\SYSTEM32\WINNSI.DLL
0x00007ffb71e50000 - 0x00007ffb71e64000 	C:\Windows\SYSTEM32\dhcpcsvc6.DLL
0x00007ffb71e30000 - 0x00007ffb71e49000 	C:\Windows\SYSTEM32\dhcpcsvc.DLL
0x00007ffb75750000 - 0x00007ffb757f3000 	C:\Windows\SYSTEM32\DNSAPI.dll
0x00007ffb6f780000 - 0x00007ffb6f789000 	C:\Windows\System32\rasadhlp.dll
0x00007ffb71dc0000 - 0x00007ffb71e28000 	C:\Windows\System32\fwpuclnt.dll
0x00007ffb6e320000 - 0x00007ffb6e32d000 	C:\Program Files\Java\jre1.8.0_333\bin\management.dll
0x00007ffb6eea0000 - 0x00007ffb6eeb4000 	C:\Windows\system32\napinsp.dll
0x00007ffb743a0000 - 0x00007ffb743b9000 	C:\Windows\system32\NLAapi.dll
0x00007ffb6eec0000 - 0x00007ffb6eecc000 	C:\Windows\System32\winrnr.dll
0x00007ffb759a0000 - 0x00007ffb759be000 	C:\Windows\SYSTEM32\CRYPTSP.dll
0x00007ffb75600000 - 0x00007ffb75635000 	C:\Windows\system32\rsaenh.dll
0x00007ffb75bd0000 - 0x00007ffb75bf6000 	C:\Windows\SYSTEM32\bcrypt.dll
0x00007ffb75ef0000 - 0x00007ffb75f50000 	C:\Windows\system32\bcryptprimitives.dll
0x00007ffb76050000 - 0x00007ffb7605a000 	C:\Windows\SYSTEM32\CRYPTBASE.dll
0x00007ffb68570000 - 0x00007ffb68583000 	C:\Program Files\Java\jre1.8.0_333\bin\nio.dll

VM Arguments:
jvm_args: -Xmn512m -Xms1024m -Xmx1024m 
java_command: petrel-game-lobby-1.0-SNAPSHOT-boot.jar --spring.profiles.active=prod --zebra.ip.out=192.168.0.4
java_class_path (initial): petrel-game-lobby-1.0-SNAPSHOT-boot.jar
Launcher Type: SUN_STANDARD

Environment Variables:
JAVA_HOME=C:\Program Files\Java\jre1.8.0_333
CLASSPATH=.;C:\Program Files\Java\jre1.8.0_333\lib;C:\Program Files\Java\jre1.8.0_333\lib\tools.jar
PATH=C:\Program Files (x86)\Common Files\Oracle\Java\javapath;C:\Windows\system32;C:\Windows;C:\Windows\System32\Wbem;C:\Windows\System32\WindowsPowerShell\v1.0\;C:\Program Files\Java\jre1.8.0_333\bin;
USERNAME=Administrator
OS=Windows_NT
PROCESSOR_IDENTIFIER=Intel64 Family 6 Model 165 Stepping 2, GenuineIntel



---------------  S Y S T E M  ---------------

OS: Windows Server 2012 R2 , 64 bit Build 9600 (6.3.9600.17056)

CPU:total 4 (initial active 4) (2 cores per cpu, 1 threads per core) family 6 model 165 stepping 2, cmov, cx8, fxsr, mmx, sse, sse2, sse3, ssse3, sse4.1, sse4.2, popcnt, avx, avx2, aes, clmul, erms, 3dnowpref, lzcnt, tsc, tscinvbit, bmi1, bmi2, adx

Memory: 4k page, physical 2096564k(109984k free), swap 8388020k(4916k free)

vm_info: Java HotSpot(TM) 64-Bit Server VM (25.333-b02) for windows-amd64 JRE (1.8.0_333-b02), built on Apr 25 2022 22:49:11 by "java_re" with MS VC++ 15.9 (VS2017)

time: Wed Jun  8 10:20:35 2022
timezone: ?D1¨²¡À¨º¡Á?¨º¡À??
elapsed time: 7.258391 seconds (0d 0h 0m 7s)

