JvmtiExport can_access_local_variables 0
JvmtiExport can_hotswap_or_post_breakpoint 0
JvmtiExport can_post_on_exceptions 0
# 388 ciObject found
instanceKlass com/alibaba/nacos/client/naming/utils/CollectionUtils
instanceKlass com/alibaba/nacos/client/naming/net/NamingProxy$3
instanceKlass com/alibaba/nacos/client/naming/net/NamingProxy$2
instanceKlass com/alibaba/nacos/client/naming/net/NamingProxy$1
instanceKlass com/alibaba/nacos/client/naming/net/NamingProxy
instanceKlass com/alibaba/nacos/api/naming/listener/Event
instanceKlass com/alibaba/nacos/client/naming/core/EventDispatcher$Notifier
instanceKlass com/alibaba/nacos/client/naming/core/EventDispatcher$1
instanceKlass com/alibaba/nacos/client/naming/core/EventDispatcher
instanceKlass com/alibaba/nacos/client/naming/utils/InitUtils$5
instanceKlass com/alibaba/nacos/client/naming/utils/InitUtils$4
instanceKlass com/alibaba/nacos/client/naming/utils/InitUtils$3
instanceKlass com/alibaba/nacos/client/naming/utils/InitUtils$2
instanceKlass com/alibaba/nacos/client/naming/utils/InitUtils$1
instanceKlass com/alibaba/nacos/client/naming/utils/InitUtils
instanceKlass com/alibaba/nacos/client/naming/NacosNamingService
instanceKlass com/alibaba/nacos/api/naming/NamingFactory
instanceKlass com/alibaba/cloud/nacos/NacosDiscoveryProperties$$Lambda$447
instanceKlass com/alibaba/spring/util/PropertySourcesUtils
instanceKlass org/springframework/boot/actuate/endpoint/annotation/ReadOperation
instanceKlass com/alibaba/cloud/nacos/discovery/NacosWatch$$Lambda$446
instanceKlass com/alibaba/cloud/nacos/discovery/NacosDiscoveryClient
instanceKlass com/alibaba/nacos/api/naming/pojo/Instance
instanceKlass org/springframework/util/ClassUtils$$Lambda$445
instanceKlass org/springframework/beans/ExtendedBeanInfo$$Lambda$444
instanceKlass java/util/Collections$EmptyEnumeration
instanceKlass org/springframework/beans/PropertyDescriptorUtils
instanceKlass org/springframework/beans/ExtendedBeanInfo$PropertyDescriptorComparator
instanceKlass com/sun/beans/finder/InstanceFinder
instanceKlass java/beans/WeakIdentityMap
instanceKlass java/beans/ThreadGroupContext
instanceKlass org/apache/commons/lang/text/StrSubstitutor
instanceKlass com/netflix/config/DynamicProperty$DynamicPropertyListener
instanceKlass com/netflix/config/PropertyListener
instanceKlass com/netflix/config/DynamicProperty$CachedValue
instanceKlass com/netflix/config/DynamicProperty
instanceKlass com/netflix/config/ConfigurationBackedDynamicPropertySupportImpl
instanceKlass com/netflix/config/DynamicPropertySupport
instanceKlass com/netflix/config/PropertyWrapper
instanceKlass com/netflix/config/Property
instanceKlass com/netflix/config/DynamicPropertyFactory
instanceKlass com/netflix/config/ExpandedConfigurationListenerAdapter
instanceKlass org/springframework/boot/origin/SystemEnvironmentOrigin
instanceKlass org/apache/commons/configuration/PropertyConverter
instanceKlass com/netflix/config/ConfigurationBasedDeploymentContext$1
instanceKlass com/netflix/config/SimpleDeploymentContext
instanceKlass com/netflix/config/DeploymentContext
instanceKlass com/netflix/config/ConfigurationManager
instanceKlass org/apache/commons/configuration/FileSystemBased
instanceKlass org/apache/commons/configuration/FileConfiguration
instanceKlass com/netflix/config/sources/URLConfigurationSource
instanceKlass com/netflix/config/PolledConfigurationSource
instanceKlass com/netflix/config/AbstractPollingScheduler
instanceKlass com/netflix/config/ConcurrentCompositeConfiguration$1
instanceKlass org/springframework/beans/factory/annotation/InitDestroyAnnotationBeanPostProcessor$LifecycleElement
instanceKlass org/springframework/core/serializer/DefaultDeserializer
instanceKlass org/springframework/core/serializer/Deserializer
instanceKlass org/springframework/core/serializer/support/DeserializingConverter
instanceKlass org/springframework/core/serializer/DefaultSerializer
instanceKlass org/springframework/core/serializer/Serializer
instanceKlass org/springframework/core/serializer/support/SerializingConverter
instanceKlass org/springframework/data/redis/serializer/JdkSerializationRedisSerializer
instanceKlass org/springframework/data/redis/serializer/DefaultRedisElementWriter
instanceKlass org/springframework/data/redis/serializer/DefaultRedisElementReader
instanceKlass org/springframework/data/redis/serializer/DefaultSerializationPair
instanceKlass org/springframework/data/redis/serializer/RedisElementReader
instanceKlass org/springframework/data/redis/serializer/RedisElementWriter
instanceKlass org/springframework/data/redis/serializer/RedisSerializerToSerializationPairAdapter
instanceKlass org/springframework/data/redis/serializer/RedisSerializationContext$SerializationPair
instanceKlass org/springframework/data/redis/cache/CacheKeyPrefix$$Lambda$443
instanceKlass org/springframework/data/redis/cache/CacheKeyPrefix
instanceKlass org/springframework/data/redis/cache/RedisCacheConfiguration$$Lambda$442
instanceKlass org/springframework/cache/interceptor/SimpleKey
instanceKlass org/springframework/data/redis/cache/RedisCacheConfiguration$$Lambda$441
instanceKlass org/springframework/data/redis/cache/RedisCacheConfiguration
instanceKlass org/springframework/data/redis/cache/DefaultRedisCacheWriter
instanceKlass org/springframework/data/redis/cache/RedisCacheWriter
instanceKlass org/springframework/data/redis/cache/RedisCacheManager$RedisCacheManagerBuilder
instanceKlass org/LatencyUtils/PauseDetector$PauseNotification
instanceKlass com/petrel/common/entity/fish/FishingFish
instanceKlass com/petrel/common/config/FishRedisValue
instanceKlass com/petrel/common/entity/game/ControlUser
instanceKlass com/petrel/common/entity/game/ControlSpecial
instanceKlass com/petrel/common/entity/game/ControlVip
instanceKlass com/petrel/common/entity/game/ControlRoom
instanceKlass com/petrel/common/vo/TraCardVoMsgVo
instanceKlass org/springframework/data/redis/listener/ChannelTopic
instanceKlass io/netty/buffer/UnpooledByteBufAllocator$UnpooledByteBufAllocatorMetric
instanceKlass io/netty/buffer/Unpooled
instanceKlass io/netty/util/Recycler$WeakOrderQueue$Head
instanceKlass io/lettuce/core/LettuceFutures
instanceKlass io/lettuce/core/internal/TimeoutProvider$State
instanceKlass io/netty/buffer/ByteBufHolder
instanceKlass io/netty/channel/AbstractChannelHandlerContext$WriteTask$1
instanceKlass io/netty/channel/AbstractChannelHandlerContext$WriteTask
instanceKlass io/lettuce/core/protocol/CommandArgs$CommandTypeCache
instanceKlass org/springframework/data/redis/connection/lettuce/LettuceServerCommands
instanceKlass org/apache/commons/pool2/impl/BaseGenericObjectPool$IdentityWrapper
instanceKlass org/apache/commons/pool2/impl/NoOpCallStack
instanceKlass org/apache/commons/pool2/impl/CallStack
instanceKlass org/apache/commons/pool2/impl/DefaultPooledObject
instanceKlass io/lettuce/core/protocol/CommandArgsAccessor
instanceKlass org/LatencyUtils/PauseDetector$ChangeListenersRequest
instanceKlass org/LatencyUtils/PauseDetectorListener
instanceKlass org/HdrHistogram/HistogramIterationValue
instanceKlass org/HdrHistogram/AbstractHistogramIterator
instanceKlass org/HdrHistogram/DoubleValueRecorder
instanceKlass org/HdrHistogram/WriterReaderPhaser
instanceKlass org/LatencyUtils/TimeServices$ScheduledExecutor$CompareRunnableTaskEntryByStartTime
instanceKlass org/LatencyUtils/TimeServices$ScheduledExecutor
instanceKlass org/LatencyUtils/IntervalEstimator
instanceKlass org/LatencyUtils/LatencyStats
instanceKlass org/LatencyUtils/TimeServices
instanceKlass org/LatencyUtils/LatencyStats$Builder
instanceKlass io/netty/util/ByteProcessor$4
instanceKlass io/netty/util/ByteProcessor$3
instanceKlass io/netty/util/ByteProcessor$2
instanceKlass io/netty/util/ByteProcessor$1
instanceKlass io/netty/util/ByteProcessor$IndexNotOfProcessor
instanceKlass io/netty/util/ByteProcessor$IndexOfProcessor
instanceKlass io/lettuce/core/protocol/RedisStateMachine$1
instanceKlass io/netty/channel/DefaultMaxMessagesRecvByteBufAllocator$MaxMessageHandle$1
instanceKlass io/netty/util/UncheckedBooleanSupplier
instanceKlass io/netty/util/BooleanSupplier
instanceKlass io/netty/channel/DefaultMaxMessagesRecvByteBufAllocator$MaxMessageHandle
instanceKlass io/netty/channel/RecvByteBufAllocator$ExtendedHandle
instanceKlass io/lettuce/core/ConnectionEvents$PingBeforeActivate
instanceKlass io/lettuce/core/ConnectionEvents$Reset
instanceKlass io/lettuce/core/protocol/DefaultEndpoint$ListenerSupport
instanceKlass io/netty/util/internal/PromiseNotificationUtil
instanceKlass io/netty/buffer/PoolThreadCache$MemoryRegionCache$Entry
instanceKlass io/netty/buffer/PoolThreadCache$1
instanceKlass io/netty/channel/ChannelOutboundBuffer$Entry$1
instanceKlass io/netty/buffer/UnsafeByteBufUtil
instanceKlass io/lettuce/core/protocol/CommandHandler$AddToStack
instanceKlass io/lettuce/core/protocol/CommandWrapper
instanceKlass io/lettuce/core/protocol/WithLatency
instanceKlass io/netty/util/ReferenceCountUtil
instanceKlass io/lettuce/core/protocol/CommandExpiryWriter$$Lambda$440
instanceKlass java/lang/invoke/LambdaForm$MH
instanceKlass java/lang/invoke/LambdaForm$DMH
instanceKlass java/lang/invoke/LambdaForm$DMH
instanceKlass io/lettuce/core/protocol/CommandExpiryWriter$$Lambda$439
instanceKlass java/lang/invoke/LambdaForm$DMH
instanceKlass io/lettuce/core/StatefulRedisConnectionImpl$$Lambda$438
instanceKlass io/lettuce/core/protocol/Command
instanceKlass io/lettuce/core/protocol/CommandArgs$SingularArgument
instanceKlass io/lettuce/core/RedisChannelHandler$$Lambda$437
instanceKlass io/lettuce/core/CloseEvents$CloseListener
instanceKlass io/lettuce/core/ConnectionEvents$Activated
instanceKlass io/lettuce/core/protocol/CommandHandler$$Lambda$436
instanceKlass io/lettuce/core/protocol/ChannelLogDescriptor
instanceKlass io/lettuce/core/protocol/DefaultEndpoint$$Lambda$435
instanceKlass io/lettuce/core/protocol/SharedLock$$Lambda$434
instanceKlass io/lettuce/core/protocol/DefaultEndpoint$$Lambda$433
instanceKlass io/netty/channel/ServerChannel
instanceKlass io/lettuce/core/event/connection/ConnectionEventSupport
instanceKlass io/lettuce/core/event/connection/ConnectionEvent
instanceKlass io/lettuce/core/ConnectionId
instanceKlass io/lettuce/core/AbstractRedisClient$$Lambda$432
instanceKlass io/netty/channel/ChannelFutureListener$3
instanceKlass io/netty/channel/ChannelFutureListener$2
instanceKlass io/netty/channel/ChannelFutureListener$1
instanceKlass io/netty/channel/nio/AbstractNioChannel$AbstractNioUnsafe$2
instanceKlass io/netty/channel/nio/AbstractNioChannel$AbstractNioUnsafe$1
instanceKlass io/netty/util/internal/SocketUtils$3
instanceKlass io/netty/bootstrap/Bootstrap$3
instanceKlass io/netty/resolver/InetSocketAddressResolver$1
instanceKlass io/netty/util/internal/SocketUtils$8
instanceKlass io/netty/util/concurrent/GenericProgressiveFutureListener
instanceKlass io/netty/resolver/AddressResolverGroup$1
instanceKlass io/netty/resolver/AbstractAddressResolver
instanceKlass io/netty/resolver/AddressResolver
instanceKlass io/netty/resolver/SimpleNameResolver
instanceKlass io/netty/resolver/NameResolver
instanceKlass io/netty/util/concurrent/DefaultFutureListeners
instanceKlass io/lettuce/core/protocol/ReconnectionHandler
instanceKlass io/lettuce/core/protocol/ConnectionWatchdog$$Lambda$431
instanceKlass io/lettuce/core/protocol/ConnectionWatchdog$$Lambda$430
instanceKlass io/lettuce/core/protocol/CommandHandler$BackpressureSource
instanceKlass io/netty/buffer/AbstractByteBufAllocator$1
instanceKlass io/netty/buffer/PoolChunk
instanceKlass io/netty/buffer/PoolChunkMetric
instanceKlass io/netty/util/Recycler$DefaultHandle
instanceKlass io/netty/util/Recycler$Stack
instanceKlass io/netty/buffer/PooledUnsafeDirectByteBuf$1
instanceKlass io/netty/util/internal/ReferenceCountUpdater
instanceKlass io/netty/util/internal/MathUtil
instanceKlass io/netty/util/Recycler$1
instanceKlass io/netty/util/Recycler$Handle
instanceKlass io/netty/util/internal/ObjectPool$Handle
instanceKlass io/netty/util/Recycler
instanceKlass io/netty/util/internal/ObjectPool
instanceKlass io/netty/buffer/PoolThreadCache$MemoryRegionCache$1
instanceKlass io/netty/util/internal/ObjectPool$ObjectCreator
instanceKlass io/netty/buffer/PoolThreadCache$MemoryRegionCache
instanceKlass io/netty/buffer/PoolThreadCache
instanceKlass io/lettuce/core/protocol/RedisStateMachine$LongProcessor
instanceKlass io/lettuce/core/protocol/RedisStateMachine$State
instanceKlass io/lettuce/core/protocol/RedisStateMachine
instanceKlass io/lettuce/core/internal/LettuceSets
instanceKlass io/lettuce/core/protocol/DemandAware$Source
instanceKlass io/netty/util/internal/TypeParameterMatcher
instanceKlass java/util/concurrent/ForkJoinPool$ManagedBlocker
instanceKlass io/lettuce/core/RedisClient$$Lambda$429
instanceKlass io/lettuce/core/RedisClient$$Lambda$428
instanceKlass io/lettuce/core/RedisClient$$Lambda$427
instanceKlass sun/nio/ch/WindowsSelectorImpl$MapEntry
instanceKlass io/lettuce/core/AbstractRedisClient$$Lambda$426
instanceKlass java/nio/channels/spi/AbstractSelector$1
instanceKlass java/lang/invoke/LambdaForm$MH
instanceKlass io/lettuce/core/AbstractRedisClient$$Lambda$425
instanceKlass java/lang/invoke/LambdaForm$DMH
instanceKlass io/lettuce/core/AbstractRedisClient$$Lambda$424
instanceKlass io/netty/bootstrap/Bootstrap$1
instanceKlass io/netty/util/internal/shaded/org/jctools/util/UnsafeRefArrayAccess
instanceKlass io/netty/util/internal/shaded/org/jctools/queues/LinkedArrayQueueUtil
instanceKlass io/netty/channel/AbstractChannel$AbstractUnsafe$1
instanceKlass io/netty/channel/ChannelHandler$Sharable
instanceKlass io/netty/buffer/ByteBufUtil$2
instanceKlass io/netty/util/CharsetUtil
instanceKlass io/netty/util/ByteProcessor
instanceKlass io/netty/buffer/ByteBufUtil
instanceKlass io/netty/channel/RecvByteBufAllocator$Handle
instanceKlass io/netty/channel/DefaultMaxMessagesRecvByteBufAllocator
instanceKlass io/netty/channel/MaxMessagesRecvByteBufAllocator
instanceKlass io/netty/channel/WriteBufferWaterMark
instanceKlass io/netty/channel/DefaultMessageSizeEstimator$HandleImpl
instanceKlass io/netty/channel/DefaultMessageSizeEstimator
instanceKlass io/netty/channel/MessageSizeEstimator
instanceKlass io/netty/channel/RecvByteBufAllocator
instanceKlass io/netty/channel/DefaultChannelConfig
instanceKlass io/netty/channel/nio/AbstractNioByteChannel$1
instanceKlass io/netty/channel/nio/AbstractNioChannel$1
instanceKlass io/netty/channel/ChannelHandlerMask$Skip
instanceKlass io/netty/channel/ChannelHandlerMask$2
instanceKlass io/netty/channel/ChannelHandlerMask
instanceKlass io/netty/channel/AbstractChannelHandlerContext$Tasks
instanceKlass io/netty/channel/VoidChannelPromise$1
instanceKlass io/netty/channel/MessageSizeEstimator$Handle
instanceKlass io/netty/channel/DefaultChannelPipeline$PendingHandlerCallback
instanceKlass io/netty/channel/ChannelProgressivePromise
instanceKlass io/netty/channel/ChannelProgressiveFuture
instanceKlass io/netty/channel/AbstractChannelHandlerContext
instanceKlass io/netty/util/ResourceLeakHint
instanceKlass io/netty/channel/ChannelHandlerContext
instanceKlass io/netty/channel/DefaultChannelPipeline
instanceKlass io/netty/channel/ChannelOutboundBuffer$Entry
instanceKlass io/netty/channel/ChannelOutboundBuffer
instanceKlass io/netty/util/internal/SocketUtils$13
instanceKlass io/netty/util/NetUtil$1
instanceKlass io/netty/util/internal/SocketUtils$11
instanceKlass io/netty/util/internal/SocketUtils
instanceKlass io/netty/util/NetUtil
instanceKlass io/netty/util/internal/MacAddressUtil
instanceKlass io/netty/channel/DefaultChannelId
instanceKlass io/netty/channel/ChannelFlushPromiseNotifier$FlushCheckpoint
instanceKlass io/netty/channel/FileRegion
instanceKlass io/netty/channel/ChannelMetadata
instanceKlass io/lettuce/core/ConnectionBuilder$$Lambda$423
instanceKlass reactor/core/publisher/Operators$CancelledSubscription
instanceKlass reactor/core/publisher/Operators$MonoSubscriber
instanceKlass io/lettuce/core/RedisClient$$Lambda$422
instanceKlass reactor/core/publisher/FluxPeekFuseable$PeekConditionalSubscriber
instanceKlass reactor/core/publisher/MonoPeekTerminal$MonoTerminalPeekSubscriber
instanceKlass reactor/core/publisher/FluxPeekFuseable$PeekFuseableSubscriber
instanceKlass reactor/core/Fuseable$QueueSubscription
instanceKlass reactor/core/publisher/InnerOperator
instanceKlass reactor/core/publisher/LambdaMonoSubscriber
instanceKlass reactor/core/publisher/InnerConsumer
instanceKlass io/lettuce/core/AbstractRedisClient$$Lambda$421
instanceKlass io/lettuce/core/AbstractRedisClient$$Lambda$420
instanceKlass io/lettuce/core/AbstractRedisClient$$Lambda$419
instanceKlass io/lettuce/core/AbstractRedisClient$$Lambda$418
instanceKlass io/netty/channel/socket/SocketChannelConfig
instanceKlass io/netty/channel/ChannelConfig
instanceKlass io/netty/channel/AbstractChannel$AbstractUnsafe
instanceKlass io/netty/channel/nio/AbstractNioChannel$NioUnsafe
instanceKlass io/netty/channel/ChannelId
instanceKlass io/netty/channel/ChannelPipeline
instanceKlass io/netty/channel/ChannelInboundInvoker
instanceKlass io/netty/channel/Channel$Unsafe
instanceKlass io/netty/util/Attribute
instanceKlass io/netty/channel/ReflectiveChannelFactory
instanceKlass io/netty/util/DefaultAttributeMap
instanceKlass io/netty/channel/socket/SocketChannel
instanceKlass io/netty/channel/socket/DuplexChannel
instanceKlass io/netty/channel/nio/NioEventLoop$SelectorTuple
instanceKlass io/netty/channel/nio/NioEventLoop$4
instanceKlass io/netty/channel/nio/NioEventLoop$3
instanceKlass sun/nio/ch/OptionKey
instanceKlass sun/nio/ch/SocketOptionRegistry$LazyInitialization
instanceKlass sun/nio/ch/SocketOptionRegistry$RegistryKey
instanceKlass sun/nio/ch/SocketOptionRegistry
instanceKlass sun/nio/ch/ExtendedSocketOption$1
instanceKlass sun/nio/ch/ExtendedSocketOption
instanceKlass sun/nio/ch/SocketChannelImpl$DefaultOptionsHolder
instanceKlass sun/nio/ch/IOStatus
instanceKlass sun/nio/ch/Util$BufferCache
instanceKlass sun/nio/ch/NativeThread
instanceKlass java/nio/channels/spi/AbstractInterruptibleChannel$1
instanceKlass java/net/ServerSocket
instanceKlass sun/nio/ch/Net$3
instanceKlass sun/nio/ch/Net$4
instanceKlass sun/nio/ch/Net$1
instanceKlass java/net/ProtocolFamily
instanceKlass sun/nio/ch/Net
instanceKlass sun/nio/ch/NativeDispatcher
instanceKlass sun/nio/ch/SelChImpl
instanceKlass java/nio/channels/NetworkChannel
instanceKlass sun/nio/ch/PipeImpl$Initializer$LoopbackConnector
instanceKlass sun/nio/ch/PipeImpl$Initializer
instanceKlass java/nio/channels/Pipe
instanceKlass sun/nio/ch/NativeObject
instanceKlass sun/nio/ch/PollArrayWrapper
instanceKlass sun/nio/ch/WindowsSelectorImpl$FinishLock
instanceKlass sun/nio/ch/WindowsSelectorImpl$StartLock
instanceKlass sun/nio/ch/WindowsSelectorImpl$SubSelector
instanceKlass java/nio/channels/SelectionKey
instanceKlass sun/nio/ch/Util$3
instanceKlass sun/nio/ch/Util$2
instanceKlass sun/nio/ch/Util
instanceKlass io/netty/channel/nio/NioEventLoop$1
instanceKlass io/netty/channel/DefaultSelectStrategy
instanceKlass io/netty/channel/SelectStrategy
instanceKlass io/netty/channel/nio/NioEventLoop$2
instanceKlass java/nio/channels/Selector
instanceKlass io/netty/util/IntSupplier
instanceKlass io/netty/channel/ChannelPromise
instanceKlass io/netty/channel/DefaultSelectStrategyFactory
instanceKlass io/netty/channel/SelectStrategyFactory
instanceKlass sun/nio/ch/DefaultSelectorProvider
instanceKlass java/nio/channels/spi/SelectorProvider$1
instanceKlass java/nio/channels/spi/SelectorProvider
instanceKlass io/netty/channel/EventLoop
instanceKlass io/netty/channel/EventLoopGroup
instanceKlass io/netty/channel/kqueue/Native
instanceKlass io/netty/channel/kqueue/KQueue
instanceKlass io/lettuce/core/KqueueProvider$KqueueResources
instanceKlass io/lettuce/core/KqueueProvider
instanceKlass io/netty/channel/epoll/Native
instanceKlass io/netty/channel/epoll/Epoll
instanceKlass io/lettuce/core/EpollProvider$EpollResources
instanceKlass io/lettuce/core/EpollProvider
instanceKlass io/lettuce/core/Transports$NativeTransports
instanceKlass io/lettuce/core/Transports
instanceKlass io/netty/util/ConstantPool
instanceKlass io/netty/util/AbstractConstant
instanceKlass io/netty/util/Constant
instanceKlass io/netty/bootstrap/AbstractBootstrapConfig
instanceKlass io/netty/resolver/AddressResolverGroup
instanceKlass io/netty/channel/ChannelFuture
instanceKlass io/netty/channel/ChannelFactory
instanceKlass io/netty/bootstrap/ChannelFactory
instanceKlass io/netty/bootstrap/AbstractBootstrap
instanceKlass io/lettuce/core/RedisClient$$Lambda$417
instanceKlass reactor/core/publisher/Hooks
instanceKlass reactor/core/publisher/Mono$$Lambda$416
instanceKlass io/lettuce/core/RedisClient$$Lambda$415
instanceKlass io/lettuce/core/PlainChannelInitializer$$Lambda$414
instanceKlass io/lettuce/core/protocol/ReconnectionListener$1
instanceKlass io/lettuce/core/protocol/ReconnectionListener
instanceKlass io/lettuce/core/ConnectionBuilder$$Lambda$413
instanceKlass io/lettuce/core/codec/StringCodec
instanceKlass io/lettuce/core/RedisChannelInitializer
instanceKlass io/lettuce/core/RedisClient$$Lambda$412
instanceKlass io/lettuce/core/AbstractRedisReactiveCommands
instanceKlass io/lettuce/core/BitFieldArgs$SubCommand
instanceKlass io/lettuce/core/protocol/DecoratedCommand
instanceKlass io/lettuce/core/protocol/CompleteableCommand
instanceKlass io/lettuce/core/BitFieldArgs
instanceKlass io/lettuce/core/SetArgs
instanceKlass io/lettuce/core/XReadArgs
instanceKlass io/lettuce/core/XClaimArgs
instanceKlass io/lettuce/core/Consumer
instanceKlass io/lettuce/core/XGroupCreateArgs
instanceKlass io/lettuce/core/XReadArgs$StreamOffset
instanceKlass io/lettuce/core/XAddArgs
instanceKlass io/lettuce/core/ZStoreArgs
instanceKlass io/lettuce/core/Limit
instanceKlass io/lettuce/core/Range
instanceKlass io/lettuce/core/ZAddArgs
instanceKlass io/lettuce/core/output/ScoredValueStreamingChannel
instanceKlass io/lettuce/core/KillArgs
instanceKlass io/lettuce/core/MigrateArgs
instanceKlass io/lettuce/core/RestoreArgs
instanceKlass io/lettuce/core/SortArgs
instanceKlass io/lettuce/core/output/ValueStreamingChannel
instanceKlass io/lettuce/core/output/KeyValueStreamingChannel
instanceKlass io/lettuce/core/ScanArgs
instanceKlass io/lettuce/core/ScanCursor
instanceKlass io/lettuce/core/output/KeyStreamingChannel
instanceKlass io/lettuce/core/output/StreamingChannel
instanceKlass io/lettuce/core/GeoArgs
instanceKlass io/lettuce/core/GeoRadiusStoreArgs
instanceKlass io/lettuce/core/CompositeArgument
instanceKlass io/lettuce/core/protocol/CommandArgs
instanceKlass io/lettuce/core/internal/AbstractInvocationHandler$MethodTranslator$$Lambda$411
instanceKlass io/lettuce/core/internal/AbstractInvocationHandler$MethodTranslator
instanceKlass io/lettuce/core/FutureSyncInvocationHandler$$Lambda$410
instanceKlass java/util/function/LongSupplier
instanceKlass io/lettuce/core/FutureSyncInvocationHandler$$Lambda$409
instanceKlass io/lettuce/core/internal/TimeoutProvider
instanceKlass io/lettuce/core/internal/AbstractInvocationHandler
instanceKlass io/lettuce/core/api/sync/RedisCommands
instanceKlass io/lettuce/core/api/sync/RedisTransactionalCommands
instanceKlass io/lettuce/core/protocol/BaseRedisCommandBuilder
instanceKlass io/lettuce/core/RedisFuture
instanceKlass io/lettuce/core/AbstractRedisAsyncCommands
instanceKlass io/lettuce/core/CloseEvents
instanceKlass io/lettuce/core/api/reactive/RedisReactiveCommands
instanceKlass io/lettuce/core/api/reactive/RedisTransactionalReactiveCommands
instanceKlass io/lettuce/core/api/async/RedisAsyncCommands
instanceKlass io/lettuce/core/api/async/RedisTransactionalAsyncCommands
instanceKlass io/lettuce/core/protocol/RedisCommand
instanceKlass io/lettuce/core/protocol/CommandExpiryWriter
instanceKlass io/lettuce/core/protocol/DefaultEndpoint$1
instanceKlass java/util/concurrent/ConcurrentLinkedDeque$Node
instanceKlass io/lettuce/core/internal/LettuceFactories
instanceKlass io/lettuce/core/protocol/SharedLock
instanceKlass io/netty/channel/Channel
instanceKlass io/netty/channel/ChannelOutboundInvoker
instanceKlass io/netty/util/AttributeMap
instanceKlass io/lettuce/core/protocol/DefaultEndpoint
instanceKlass org/springframework/data/redis/connection/lettuce/StandaloneConnectionProvider$$Lambda$408
instanceKlass org/springframework/data/redis/connection/lettuce/StandaloneConnectionProvider$$Lambda$407
instanceKlass io/lettuce/core/ReadFrom
instanceKlass java/util/concurrent/CompletableFuture$AsynchronousCompletionTask
instanceKlass java/util/concurrent/ForkJoinPool$CommonPoolForkJoinWorkerThreadFactory
instanceKlass java/util/concurrent/ForkJoinPool$1
instanceKlass java/util/concurrent/ForkJoinPool$DefaultForkJoinWorkerThreadFactory
instanceKlass java/util/concurrent/ForkJoinTask
instanceKlass java/util/concurrent/ForkJoinPool$WorkQueue
instanceKlass java/util/concurrent/ForkJoinPool$ForkJoinWorkerThreadFactory
instanceKlass java/util/concurrent/CompletableFuture$AltResult
instanceKlass java/util/concurrent/CompletableFuture
instanceKlass io/lettuce/core/support/ConnectionPoolSupport$ObjectPoolWrapper
instanceKlass io/lettuce/core/support/ConnectionWrapping$Origin
instanceKlass java/lang/Throwable$PrintStreamOrWriter
instanceKlass org/apache/commons/pool2/impl/DefaultPooledObjectInfo
instanceKlass org/apache/commons/pool2/impl/DefaultPooledObjectInfoMBean
instanceKlass sun/management/Flag$1
instanceKlass sun/management/Flag
instanceKlass sun/management/ExtendedPlatformComponent
instanceKlass sun/management/DiagnosticCommandImpl$Wrapper
instanceKlass sun/management/DiagnosticCommandArgumentInfo
instanceKlass sun/management/DiagnosticCommandInfo
instanceKlass sun/management/DiagnosticCommandImpl$OperationInfoComparator
instanceKlass java/lang/management/ManagementFactory$3
instanceKlass com/sun/management/DiagnosticCommandMBean
instanceKlass com/sun/management/VMOption
instanceKlass sun/management/HotSpotDiagnostic
instanceKlass com/sun/management/HotSpotDiagnosticMXBean
instanceKlass com/sun/management/UnixOperatingSystemMXBean
instanceKlass sun/nio/ch/FileChannelImpl$1
instanceKlass sun/nio/ch/IOUtil$1
instanceKlass sun/nio/ch/IOUtil
instanceKlass java/nio/file/attribute/FileAttribute
instanceKlass java/nio/channels/spi/AbstractInterruptibleChannel
instanceKlass java/nio/channels/InterruptibleChannel
instanceKlass java/nio/channels/ScatteringByteChannel
instanceKlass java/nio/channels/GatheringByteChannel
instanceKlass java/nio/channels/SeekableByteChannel
instanceKlass java/nio/channels/ByteChannel
instanceKlass sun/management/ManagementFactoryHelper$1
instanceKlass java/nio/Bits$1$1
instanceKlass sun/misc/JavaNioAccess$BufferPool
instanceKlass java/lang/management/BufferPoolMXBean
instanceKlass javax/management/MBeanInfo$ArrayGettersSafeAction
instanceKlass javax/management/openmbean/OpenMBeanOperationInfo
instanceKlass sun/management/ManagementFactoryHelper$PlatformLoggingImpl
instanceKlass sun/management/ManagementFactoryHelper$LoggingMXBean
instanceKlass java/util/logging/LoggingMXBean
instanceKlass java/lang/management/PlatformLoggingMXBean
instanceKlass java/lang/management/LockInfo
instanceKlass java/lang/management/ThreadInfo
instanceKlass sun/management/ThreadImpl
instanceKlass com/sun/management/ThreadMXBean
instanceKlass java/lang/management/ThreadMXBean
instanceKlass sun/management/BaseOperatingSystemImpl
instanceKlass com/sun/management/OperatingSystemMXBean
instanceKlass sun/management/Sensor
instanceKlass sun/management/MemoryPoolImpl
instanceKlass java/lang/management/MemoryPoolMXBean
instanceKlass javax/management/DescriptorKey
instanceKlass com/sun/management/GcInfo
instanceKlass javax/management/openmbean/CompositeDataView
instanceKlass jdk/Exported
instanceKlass com/sun/management/GarbageCollectorMXBean
instanceKlass sun/management/ManagementFactory
instanceKlass java/lang/management/GarbageCollectorMXBean
instanceKlass java/lang/management/MemoryManagerMXBean
instanceKlass com/sun/jmx/mbeanserver/PerInterface$MethodAndSig
instanceKlass java/lang/management/MemoryUsage
instanceKlass sun/management/NotificationEmitterSupport
instanceKlass java/lang/management/MemoryMXBean
instanceKlass sun/management/CompilationImpl
instanceKlass sun/management/VMManagementImpl$1
instanceKlass java/lang/management/CompilationMXBean
instanceKlass com/sun/jmx/mbeanserver/WeakIdentityHashMap
instanceKlass com/sun/jmx/mbeanserver/MXBeanLookup
instanceKlass com/sun/jmx/mbeanserver/PerInterface$InitMaps
instanceKlass com/sun/jmx/mbeanserver/PerInterface
instanceKlass javax/management/openmbean/OpenMBeanAttributeInfo
instanceKlass javax/management/openmbean/OpenMBeanParameterInfo
instanceKlass com/sun/jmx/mbeanserver/MBeanIntrospector$MBeanInfoMaker
instanceKlass com/sun/jmx/mbeanserver/MBeanAnalyzer$MBeanVisitor
instanceKlass com/sun/jmx/mbeanserver/MBeanAnalyzer$AttrMethods
instanceKlass com/sun/jmx/mbeanserver/MXBeanMapping
instanceKlass javax/management/openmbean/TabularData
instanceKlass javax/management/openmbean/CompositeData
instanceKlass javax/management/openmbean/OpenType
instanceKlass com/sun/jmx/mbeanserver/MXBeanMappingFactory
instanceKlass com/sun/jmx/mbeanserver/ConvertingMethod
instanceKlass com/sun/jmx/mbeanserver/MBeanAnalyzer$MethodOrder
instanceKlass com/sun/jmx/mbeanserver/MBeanAnalyzer
instanceKlass com/sun/jmx/mbeanserver/MBeanIntrospector
instanceKlass javax/management/MXBean
instanceKlass com/sun/jmx/mbeanserver/MBeanSupport
instanceKlass com/sun/jmx/mbeanserver/DescriptorCache
instanceKlass javax/management/JMX
instanceKlass javax/management/StandardMBean
instanceKlass java/lang/management/ManagementFactory$2
instanceKlass sun/management/Util
instanceKlass sun/management/ClassLoadingImpl
instanceKlass java/lang/management/ClassLoadingMXBean
instanceKlass java/lang/management/PlatformComponent$15
instanceKlass java/lang/management/PlatformComponent$14
instanceKlass java/lang/management/PlatformComponent$13
instanceKlass java/lang/management/PlatformComponent$12
instanceKlass java/lang/management/PlatformComponent$11
instanceKlass java/lang/management/PlatformComponent$10
instanceKlass java/lang/management/PlatformComponent$9
instanceKlass java/lang/management/PlatformComponent$8
instanceKlass java/lang/management/PlatformComponent$7
instanceKlass java/lang/management/PlatformComponent$6
instanceKlass java/lang/management/PlatformComponent$5
instanceKlass java/lang/management/PlatformComponent$4
instanceKlass java/lang/management/PlatformComponent$3
instanceKlass java/lang/management/PlatformComponent$2
instanceKlass java/lang/management/PlatformComponent$1
instanceKlass java/lang/management/PlatformComponent$MXBeanFetcher
instanceKlass com/sun/jmx/mbeanserver/JmxMBeanServer$3
instanceKlass javax/management/ObjectInstance
instanceKlass com/sun/jmx/mbeanserver/NamedObject
instanceKlass com/sun/jmx/interceptor/DefaultMBeanServerInterceptor$ResourceContext$1
instanceKlass com/sun/jmx/interceptor/DefaultMBeanServerInterceptor$ResourceContext
instanceKlass com/sun/jmx/mbeanserver/Repository$RegistrationContext
instanceKlass com/sun/jmx/mbeanserver/DynamicMBean2
instanceKlass com/sun/jmx/defaults/JmxProperties
instanceKlass com/sun/jmx/mbeanserver/Introspector
instanceKlass com/sun/jmx/mbeanserver/JmxMBeanServer$2
instanceKlass com/sun/jmx/interceptor/DefaultMBeanServerInterceptor
instanceKlass com/sun/jmx/interceptor/MBeanServerInterceptor
instanceKlass com/sun/jmx/mbeanserver/Repository
instanceKlass com/sun/jmx/mbeanserver/JmxMBeanServer$1
instanceKlass com/sun/jmx/mbeanserver/SecureClassLoaderRepository
instanceKlass com/sun/jmx/mbeanserver/MBeanInstantiator
instanceKlass com/sun/jmx/mbeanserver/ClassLoaderRepositorySupport$LoaderEntry
instanceKlass com/sun/jmx/mbeanserver/ClassLoaderRepositorySupport
instanceKlass com/sun/jmx/mbeanserver/ModifiableClassLoaderRepository
instanceKlass javax/management/loading/ClassLoaderRepository
instanceKlass javax/management/ImmutableDescriptor
instanceKlass javax/management/Descriptor
instanceKlass com/sun/jmx/remote/util/ClassLogger
instanceKlass javax/management/NotificationBroadcasterSupport$1
instanceKlass javax/management/NotificationBroadcasterSupport
instanceKlass javax/management/MBeanInfo
instanceKlass javax/management/MBeanFeatureInfo
instanceKlass javax/management/DescriptorRead
instanceKlass javax/management/MBeanServerDelegate
instanceKlass javax/management/NotificationEmitter
instanceKlass javax/management/NotificationBroadcaster
instanceKlass javax/management/MBeanServerDelegateMBean
instanceKlass javax/management/MBeanRegistration
instanceKlass javax/management/DynamicMBean
instanceKlass com/sun/jmx/mbeanserver/JmxMBeanServer
instanceKlass com/sun/jmx/mbeanserver/SunJmxMBeanServer
instanceKlass javax/management/MBeanServer
instanceKlass javax/management/MBeanServerConnection
instanceKlass javax/management/MBeanServerBuilder
instanceKlass javax/management/MBeanServerFactory
instanceKlass org/apache/commons/pool2/impl/BaseGenericObjectPool$StatsStore
instanceKlass org/apache/commons/pool2/PooledObject
instanceKlass org/apache/commons/pool2/PooledObjectFactory
instanceKlass io/lettuce/core/support/ConnectionPoolSupport
instanceKlass org/springframework/data/redis/connection/lettuce/LettucePoolingConnectionProvider$$Lambda$406
instanceKlass org/springframework/data/redis/connection/lettuce/LettucePoolingConnectionProvider$$Lambda$405
instanceKlass org/springframework/data/redis/listener/PatternTopic
instanceKlass org/springframework/util/ConcurrencyThrottleSupport
instanceKlass org/springframework/util/concurrent/ListenableFuture
instanceKlass org/springframework/data/redis/connection/util/ByteArrayWrapper
instanceKlass org/springframework/data/redis/listener/RedisMessageListenerContainer$SubscriptionTask$SubscriptionPresentCondition
instanceKlass org/springframework/data/redis/listener/RedisMessageListenerContainer$Condition
instanceKlass org/springframework/data/redis/listener/RedisMessageListenerContainer$SubscriptionTask
instanceKlass org/springframework/scheduling/SchedulingAwareRunnable
instanceKlass org/springframework/data/redis/connection/Message
instanceKlass org/springframework/beans/PropertyAccessorFactory
instanceKlass org/springframework/validation/MessageCodeFormatter
instanceKlass org/springframework/validation/DefaultMessageCodesResolver
instanceKlass org/springframework/validation/MessageCodesResolver
instanceKlass org/springframework/validation/DefaultBindingErrorProcessor
instanceKlass org/springframework/validation/AbstractErrors
instanceKlass org/springframework/validation/BindingErrorProcessor
instanceKlass org/springframework/validation/DataBinder
instanceKlass com/alibaba/nacos/spring/util/ObjectUtils$1
instanceKlass com/alibaba/nacos/spring/util/ObjectUtils
instanceKlass com/alibaba/nacos/api/config/annotation/NacosIgnore
instanceKlass com/alibaba/nacos/spring/util/NacosUtils$2
instanceKlass com/alibaba/nacos/spring/util/parse/DefaultYamlConfigParse$1
instanceKlass javax/xml/parsers/DocumentBuilder
instanceKlass javax/xml/parsers/DocumentBuilderFactory
instanceKlass com/alibaba/nacos/spring/util/parse/DefaultYamlConfigParse$MatchCallback
instanceKlass com/alibaba/nacos/spring/util/AbstractConfigParse
instanceKlass com/alibaba/nacos/spring/util/ConfigParse
instanceKlass com/alibaba/nacos/spring/util/ConfigParseUtils
instanceKlass com/alibaba/nacos/client/config/filter/impl/ConfigFilterChainManager$VirtualFilterChain
instanceKlass sun/net/www/http/KeepAliveStreamCleaner$2
instanceKlass sun/net/www/http/KeepAliveStreamCleaner$1
instanceKlass com/alibaba/nacos/client/config/impl/HttpSimpleClient$HttpResult
instanceKlass com/alibaba/nacos/common/utils/VersionUtils
instanceKlass sun/nio/fs/BasicFileAttributesHolder
instanceKlass sun/nio/fs/WindowsDirectoryStream$WindowsDirectoryIterator
instanceKlass sun/nio/fs/WindowsFileAttributes
instanceKlass java/nio/file/attribute/DosFileAttributes
instanceKlass java/nio/file/attribute/BasicFileAttributes
instanceKlass sun/nio/fs/NativeBuffer$Deallocator
instanceKlass sun/nio/fs/NativeBuffer
instanceKlass sun/nio/fs/NativeBuffers
instanceKlass sun/nio/fs/WindowsNativeDispatcher$BackupResult
instanceKlass sun/nio/fs/WindowsNativeDispatcher$CompletionStatus
instanceKlass sun/nio/fs/WindowsNativeDispatcher$AclInformation
instanceKlass sun/nio/fs/WindowsNativeDispatcher$Account
instanceKlass sun/nio/fs/WindowsNativeDispatcher$DiskFreeSpace
instanceKlass sun/nio/fs/WindowsNativeDispatcher$VolumeInformation
instanceKlass sun/nio/fs/WindowsNativeDispatcher$FirstStream
instanceKlass sun/nio/fs/WindowsNativeDispatcher$FirstFile
instanceKlass sun/nio/fs/WindowsNativeDispatcher$1
instanceKlass sun/nio/fs/WindowsNativeDispatcher
instanceKlass sun/nio/fs/WindowsDirectoryStream
instanceKlass java/nio/file/DirectoryStream
instanceKlass java/nio/file/Files$AcceptAllFilter
instanceKlass java/nio/file/DirectoryStream$Filter
instanceKlass java/nio/file/Files
instanceKlass sun/nio/fs/AbstractPath
instanceKlass sun/nio/fs/Util
instanceKlass sun/nio/fs/WindowsPathParser$Result
instanceKlass sun/nio/fs/WindowsPathParser
instanceKlass java/nio/file/FileSystem
instanceKlass java/nio/file/spi/FileSystemProvider
instanceKlass sun/nio/fs/DefaultFileSystemProvider
instanceKlass java/nio/file/FileSystems$DefaultFileSystemHolder$1
instanceKlass java/nio/file/FileSystems$DefaultFileSystemHolder
instanceKlass java/nio/file/FileSystems
instanceKlass sun/security/provider/SeedGenerator$1
instanceKlass sun/security/provider/SeedGenerator
instanceKlass sun/security/provider/SecureRandom$SeederHolder
instanceKlass java/security/SecureRandomSpi
instanceKlass java/util/UUID$Holder
instanceKlass com/alibaba/nacos/common/utils/UuidUtils
instanceKlass com/google/common/math/LongMath
instanceKlass com/google/common/util/concurrent/AbstractFuture$Failure
instanceKlass com/google/common/util/concurrent/AbstractFuture$Cancellation
instanceKlass com/google/common/util/concurrent/AbstractFuture$SetFuture
instanceKlass com/google/common/util/concurrent/Uninterruptibles
instanceKlass com/google/common/util/concurrent/RateLimiter$SleepingStopwatch
instanceKlass com/google/common/util/concurrent/RateLimiter
instanceKlass com/google/common/base/Stopwatch
instanceKlass com/google/common/util/concurrent/AbstractFuture$Waiter
instanceKlass com/google/common/util/concurrent/AbstractFuture$Listener
instanceKlass com/google/common/util/concurrent/AbstractFuture$UnsafeAtomicHelper$1
instanceKlass com/google/common/util/concurrent/AbstractFuture$AtomicHelper
instanceKlass com/google/common/util/concurrent/internal/InternalFutureFailureAccess
instanceKlass com/alibaba/nacos/api/common/Constants
instanceKlass com/google/common/util/concurrent/AbstractFuture$Trusted
instanceKlass com/google/common/util/concurrent/ListenableFuture
instanceKlass com/google/common/cache/LocalCache$LoadingValueReference
instanceKlass com/google/common/base/CommonPattern
instanceKlass com/google/common/base/Platform$JdkPatternCompiler
instanceKlass com/google/common/base/PatternCompiler
instanceKlass com/google/common/base/Platform
instanceKlass com/alibaba/nacos/client/config/impl/Limiter$1
instanceKlass com/google/common/cache/LocalCache$AbstractReferenceEntry
instanceKlass java/util/concurrent/atomic/AtomicReferenceArray
instanceKlass com/google/common/cache/RemovalListener
instanceKlass com/google/common/cache/Weigher
instanceKlass com/google/common/base/Predicate
instanceKlass com/google/common/base/Equivalence
instanceKlass com/google/common/base/MoreObjects
instanceKlass com/google/common/cache/LocalCache$StrongValueReference
instanceKlass com/google/common/cache/LocalCache$1
instanceKlass com/google/common/cache/ReferenceEntry
instanceKlass com/google/common/cache/LocalCache$ValueReference
instanceKlass com/google/common/cache/CacheLoader
instanceKlass com/google/common/cache/LocalCache$LocalManualCache
instanceKlass com/google/common/cache/CacheBuilder$2
instanceKlass com/google/common/base/Preconditions
instanceKlass com/alibaba/nacos/client/config/impl/ClientWorker$LongPollingRunnable
instanceKlass com/google/common/cache/CacheStats
instanceKlass com/google/common/base/Suppliers$SupplierOfInstance
instanceKlass com/google/common/base/Suppliers
instanceKlass com/google/common/cache/CacheBuilder$1
instanceKlass com/google/common/cache/AbstractCache$StatsCounter
instanceKlass com/google/common/cache/LoadingCache
instanceKlass com/google/common/cache/Cache
instanceKlass com/google/common/base/Ticker
instanceKlass com/google/common/base/Supplier
instanceKlass com/google/common/cache/CacheBuilder
instanceKlass com/alibaba/nacos/client/config/impl/Limiter
instanceKlass com/alibaba/nacos/client/identify/STSConfig$Singleton
instanceKlass com/alibaba/nacos/client/identify/STSConfig
instanceKlass com/alibaba/nacos/client/config/impl/ServerAddressIterator$RandomizedServerAddress
instanceKlass com/alibaba/nacos/client/config/impl/ServerAddressIterator
instanceKlass io/prometheus/client/SimpleTimer$TimeProvider
instanceKlass io/prometheus/client/SimpleTimer
instanceKlass io/prometheus/client/Histogram$Timer
instanceKlass io/prometheus/client/Histogram$Child
instanceKlass com/alibaba/nacos/client/config/filter/impl/ConfigContext
instanceKlass com/alibaba/nacos/api/config/filter/IConfigContext
instanceKlass com/alibaba/nacos/client/config/filter/impl/ConfigResponse
instanceKlass com/alibaba/nacos/client/config/utils/ParamUtils
instanceKlass com/alibaba/nacos/client/config/impl/ManagerListenerWrap
instanceKlass io/prometheus/client/Striped64$Cell
instanceKlass io/prometheus/client/Striped64$1
instanceKlass io/prometheus/client/Gauge$TimeProvider
instanceKlass io/prometheus/client/Gauge$Child
instanceKlass io/prometheus/client/CollectorRegistry$1
instanceKlass io/prometheus/client/Collector$MetricFamilySamples
instanceKlass io/prometheus/client/CollectorRegistry
instanceKlass io/prometheus/client/SimpleCollector$Builder
instanceKlass io/prometheus/client/Collector
instanceKlass io/prometheus/client/Collector$Describable
instanceKlass com/alibaba/nacos/client/monitor/MetricsMonitor
instanceKlass com/google/common/collect/ImmutableMap
instanceKlass com/google/common/base/Converter
instanceKlass com/google/common/collect/Maps$EntryTransformer
instanceKlass com/google/common/collect/UnmodifiableIterator
instanceKlass com/google/common/collect/BiMap
instanceKlass com/google/common/collect/SortedMapDifference
instanceKlass com/google/common/collect/MapDifference
instanceKlass com/google/common/base/Function
instanceKlass com/google/common/collect/Maps
instanceKlass com/alibaba/nacos/client/config/utils/MD5
instanceKlass com/alibaba/nacos/client/config/utils/JVMUtil
instanceKlass com/alibaba/nacos/client/config/utils/SnapShotSwitch
instanceKlass com/alibaba/nacos/client/config/impl/LocalConfigInfoProcessor
instanceKlass com/alibaba/nacos/client/config/impl/CacheData
instanceKlass com/alibaba/nacos/client/config/common/GroupKey
instanceKlass com/alibaba/nacos/spring/context/event/config/DelegatingEventPublishingListener
instanceKlass com/alibaba/nacos/api/config/listener/AbstractListener
instanceKlass java/lang/StrictMath
instanceKlass com/alibaba/nacos/spring/context/event/config/EventPublishingConfigService
instanceKlass com/alibaba/nacos/spring/metadata/NacosServiceMetaData
instanceKlass com/alibaba/nacos/client/config/impl/ClientWorker$3
instanceKlass com/alibaba/nacos/client/config/impl/ClientWorker$2
instanceKlass com/alibaba/nacos/client/config/impl/ClientWorker$1
instanceKlass com/alibaba/nacos/client/config/impl/ClientWorker
instanceKlass com/alibaba/nacos/client/config/http/ServerHttpAgent$2
instanceKlass com/alibaba/nacos/client/config/http/ServerHttpAgent$1
instanceKlass com/alibaba/fastjson/parser/deserializer/JSONPDeserializer
instanceKlass com/alibaba/fastjson/parser/deserializer/StackTraceElementDeserializer
instanceKlass java/util/concurrent/atomic/AtomicLongArray
instanceKlass com/alibaba/fastjson/serializer/AtomicCodec
instanceKlass java/util/concurrent/atomic/AtomicIntegerArray
instanceKlass com/alibaba/fastjson/serializer/ReferenceCodec
instanceKlass com/alibaba/fastjson/serializer/CharArrayCodec
instanceKlass com/alibaba/fastjson/serializer/BooleanCodec
instanceKlass com/alibaba/fastjson/serializer/FloatCodec
instanceKlass com/alibaba/fastjson/serializer/BigDecimalCodec
instanceKlass com/alibaba/fastjson/serializer/BigIntegerCodec
instanceKlass com/alibaba/fastjson/serializer/LongCodec
instanceKlass com/alibaba/fastjson/serializer/IntegerCodec
instanceKlass com/alibaba/fastjson/parser/deserializer/NumberDeserializer
instanceKlass com/alibaba/fastjson/serializer/CharacterCodec
instanceKlass com/alibaba/fastjson/serializer/StringCodec
instanceKlass com/alibaba/fastjson/parser/deserializer/JavaObjectDeserializer
instanceKlass com/alibaba/fastjson/serializer/CollectionCodec
instanceKlass com/alibaba/fastjson/parser/deserializer/MapDeserializer
instanceKlass javax/xml/datatype/XMLGregorianCalendar
instanceKlass com/alibaba/fastjson/parser/deserializer/TimeDeserializer
instanceKlass com/alibaba/fastjson/parser/deserializer/ContextObjectDeserializer
instanceKlass com/alibaba/fastjson/serializer/MiscCodec
instanceKlass com/alibaba/fastjson/serializer/BeanContext
instanceKlass com/alibaba/fastjson/parser/deserializer/ExtraTypeProvider
instanceKlass com/alibaba/fastjson/parser/deserializer/ExtraProcessable
instanceKlass com/alibaba/fastjson/parser/deserializer/ExtraProcessor
instanceKlass com/alibaba/fastjson/parser/deserializer/ParseProcess
instanceKlass com/alibaba/fastjson/parser/deserializer/AutowiredObjectDeserializer
instanceKlass com/alibaba/fastjson/parser/JSONToken
instanceKlass com/alibaba/fastjson/parser/ParseContext
instanceKlass com/alibaba/fastjson/parser/deserializer/JavaBeanDeserializer
instanceKlass com/alibaba/fastjson/serializer/SerializeConfig
instanceKlass com/alibaba/fastjson/serializer/SerialContext
instanceKlass com/alibaba/fastjson/serializer/ContextObjectSerializer
instanceKlass com/alibaba/fastjson/serializer/ValueFilter
instanceKlass com/alibaba/fastjson/serializer/PropertyPreFilter
instanceKlass com/alibaba/fastjson/serializer/PropertyFilter
instanceKlass com/alibaba/fastjson/serializer/NameFilter
instanceKlass com/alibaba/fastjson/serializer/BeforeFilter
instanceKlass com/alibaba/fastjson/serializer/AfterFilter
instanceKlass com/alibaba/fastjson/serializer/ContextValueFilter
instanceKlass com/alibaba/fastjson/serializer/LabelFilter
instanceKlass com/alibaba/fastjson/serializer/Labels
instanceKlass com/alibaba/fastjson/serializer/SerializeBeanInfo
instanceKlass com/alibaba/fastjson/serializer/SerializeFilterable
instanceKlass com/alibaba/fastjson/serializer/ObjectSerializer
instanceKlass com/alibaba/fastjson/util/JavaBeanInfo
instanceKlass com/alibaba/fastjson/util/ParameterizedTypeImpl
instanceKlass com/alibaba/fastjson/util/FieldInfo
instanceKlass com/alibaba/fastjson/TypeReference
instanceKlass com/alibaba/fastjson/JSONWriter
instanceKlass com/alibaba/fastjson/JSONReader
instanceKlass com/alibaba/fastjson/JSONPath
instanceKlass com/alibaba/fastjson/util/ASMClassLoader$1
instanceKlass com/alibaba/fastjson/parser/JSONLexerBase
instanceKlass com/alibaba/fastjson/parser/JSONLexer
instanceKlass com/alibaba/fastjson/parser/DefaultJSONParser
instanceKlass com/alibaba/fastjson/asm/MethodVisitor
instanceKlass com/alibaba/fastjson/parser/deserializer/ASMDeserializerFactory
instanceKlass com/alibaba/fastjson/asm/Opcodes
instanceKlass org/springframework/remoting/support/RemoteInvocationResult
instanceKlass org/springframework/remoting/support/RemoteInvocation
instanceKlass java/awt/Color
instanceKlass java/awt/Paint
instanceKlass java/awt/Transparency
instanceKlass java/awt/Font
instanceKlass java/awt/geom/Point2D
instanceKlass java/awt/geom/RectangularShape
instanceKlass java/awt/Shape
instanceKlass com/alibaba/fastjson/JSONPObject
instanceKlass com/alibaba/fastjson/serializer/JSONSerializable
instanceKlass java/util/concurrent/ConcurrentNavigableMap
instanceKlass com/alibaba/fastjson/util/TypeUtils
instanceKlass com/alibaba/fastjson/parser/SymbolTable
instanceKlass com/alibaba/fastjson/util/ASMUtils
instanceKlass com/alibaba/fastjson/util/IdentityHashMap$Entry
instanceKlass com/alibaba/fastjson/util/IdentityHashMap
instanceKlass com/alibaba/fastjson/parser/deserializer/FieldDeserializer
instanceKlass com/alibaba/fastjson/parser/deserializer/ObjectDeserializer
instanceKlass com/alibaba/fastjson/parser/ParserConfig
instanceKlass com/alibaba/fastjson/util/IOUtils$1
instanceKlass com/alibaba/fastjson/util/IOUtils
instanceKlass com/alibaba/fastjson/serializer/SerializeFilter
instanceKlass com/alibaba/fastjson/JSON
instanceKlass com/alibaba/fastjson/JSONAware
instanceKlass com/alibaba/fastjson/JSONStreamAware
instanceKlass sun/net/www/http/KeepAliveEntry
instanceKlass sun/net/www/http/KeepAliveCache$1
instanceKlass com/alibaba/nacos/common/utils/IoUtils
instanceKlass com/alibaba/nacos/client/naming/net/HttpClient$HttpResult
instanceKlass sun/net/www/http/Hurryable
instanceKlass java/net/Socket$2
instanceKlass sun/net/www/protocol/http/AuthCacheImpl
instanceKlass sun/net/www/protocol/http/AuthCache
instanceKlass sun/net/www/protocol/http/AuthCacheValue
instanceKlass sun/net/DefaultProgressMeteringPolicy
instanceKlass sun/net/ProgressMeteringPolicy
instanceKlass sun/net/ProgressMonitor
instanceKlass java/net/Socket$3
instanceKlass sun/net/NetHooks
instanceKlass java/net/SocksSocketImpl$3
instanceKlass java/net/InetSocketAddress$InetSocketAddressHolder
instanceKlass java/net/PlainSocketImpl$1
instanceKlass java/net/StandardSocketOptions$StdSocketOption
instanceKlass java/net/StandardSocketOptions
instanceKlass jdk/net/ExtendedSocketOptions$PlatformSocketOptions$1
instanceKlass jdk/net/ExtendedSocketOptions$PlatformSocketOptions
instanceKlass jdk/net/SocketFlow
instanceKlass jdk/net/ExtendedSocketOptions$ExtSocketOption
instanceKlass java/net/SocketOption
instanceKlass jdk/net/ExtendedSocketOptions
instanceKlass sun/net/ExtendedSocketOptions
instanceKlass java/net/AbstractPlainSocketImpl$1
instanceKlass java/net/SocketImpl
instanceKlass java/net/SocketOptions
instanceKlass java/net/SocksConsts
instanceKlass java/net/Socket
instanceKlass sun/net/www/http/HttpCapture$1
instanceKlass sun/net/www/http/HttpCapture
instanceKlass sun/net/www/http/KeepAliveKey
instanceKlass sun/net/NetworkClient$1
instanceKlass sun/net/NetworkClient
instanceKlass java/net/Proxy
instanceKlass sun/net/spi/DefaultProxySelector$3
instanceKlass sun/net/spi/DefaultProxySelector$NonProxyInfo
instanceKlass sun/net/spi/DefaultProxySelector$1
instanceKlass java/net/ProxySelector
instanceKlass sun/net/www/protocol/http/HttpURLConnection$7
instanceKlass java/net/ResponseCache
instanceKlass sun/net/www/protocol/http/HttpURLConnection$3
instanceKlass java/net/CookieHandler
instanceKlass sun/net/www/protocol/http/HttpURLConnection$2
instanceKlass java/util/ResourceBundle$Control$1
instanceKlass java/util/logging/Logger$1
instanceKlass sun/net/NetProperties$1
instanceKlass sun/net/NetProperties
instanceKlass sun/net/www/protocol/http/HttpURLConnection$$Lambda$404
