12-18 15:42:09.482 WARN  [background-preinit] [o.s.h.converter.json.Jackson2ObjectMapperBuilder] : For Jackson Kotlin classes support please add "com.fasterxml.jackson.module:jackson-module-kotlin" to the classpath
12-18 15:42:09.823 INFO  [main] [com.petrel.game.GameApplication] : The following profiles are active: prod
12-18 15:42:10.498 WARN  [main] [o.springframework.boot.actuate.endpoint.EndpointId] : Endpoint ID 'nacos-discovery' contains invalid characters, please migrate to a valid format.
12-18 15:42:10.702 INFO  [main] [o.s.d.r.config.RepositoryConfigurationDelegate] : Multiple Spring Data modules found, entering strict repository configuration mode!
12-18 15:42:10.718 INFO  [main] [o.s.d.r.config.RepositoryConfigurationDelegate] : Bootstrapping Spring Data Redis repositories in DEFAULT mode.
12-18 15:42:10.734 INFO  [main] [o.s.d.r.config.RepositoryConfigurationDelegate] : Finished Spring Data repository scanning in 12ms. Found 0 Redis repository interfaces.
12-18 15:42:10.813 WARN  [main] [o.springframework.boot.actuate.endpoint.EndpointId] : Endpoint ID 'service-registry' contains invalid characters, please migrate to a valid format.
12-18 15:42:10.985 INFO  [main] [o.springframework.cloud.context.scope.GenericScope] : BeanFactory id=0d7b41e9-625a-3b68-91bc-707da570fce7
12-18 15:42:11.582 INFO  [main] [o.s.c.s.PostProcessorRegistrationDelegate$BeanPostProcessorChecker] : Bean 'spring.datasource.dynamic-com.baomidou.dynamic.datasource.spring.boot.autoconfigure.DynamicDataSourceProperties' of type [com.baomidou.dynamic.datasource.spring.boot.autoconfigure.DynamicDataSourceProperties] is not eligible for getting processed by all BeanPostProcessors (for example: not eligible for auto-proxying)
12-18 15:42:11.582 INFO  [main] [o.s.c.s.PostProcessorRegistrationDelegate$BeanPostProcessorChecker] : Bean 'com.baomidou.dynamic.datasource.spring.boot.autoconfigure.DynamicDataSourceAutoConfiguration' of type [com.baomidou.dynamic.datasource.spring.boot.autoconfigure.DynamicDataSourceAutoConfiguration$$EnhancerBySpringCGLIB$$8f65f977] is not eligible for getting processed by all BeanPostProcessors (for example: not eligible for auto-proxying)
12-18 15:42:11.598 INFO  [main] [o.s.c.s.PostProcessorRegistrationDelegate$BeanPostProcessorChecker] : Bean 'dsProcessor' of type [com.baomidou.dynamic.datasource.processor.DsHeaderProcessor] is not eligible for getting processed by all BeanPostProcessors (for example: not eligible for auto-proxying)
12-18 15:42:11.975 INFO  [main] [o.s.boot.web.embedded.tomcat.TomcatWebServer] : Tomcat initialized with port(s): 8752 (http)
12-18 15:42:11.991 INFO  [main] [org.apache.catalina.core.StandardService] : Starting service [Tomcat]
12-18 15:42:11.991 INFO  [main] [org.apache.catalina.core.StandardEngine] : Starting Servlet engine: [Apache Tomcat/9.0.31]
12-18 15:42:12.054 INFO  [main] [o.a.c.core.ContainerBase.[Tomcat].[localhost].[/]] : Initializing Spring embedded WebApplicationContext
12-18 15:42:12.054 INFO  [main] [org.springframework.web.context.ContextLoader] : Root WebApplicationContext: initialization completed in 2216 ms
12-18 15:42:13.280 INFO  [main] [com.alibaba.druid.pool.DruidDataSource] : {dataSource-1,petrel_core} inited
12-18 15:42:13.296 INFO  [main] [com.alibaba.druid.pool.DruidDataSource] : {dataSource-2,petrel_record} inited
12-18 15:42:13.296 INFO  [main] [c.b.dynamic.datasource.DynamicRoutingDataSource] : dynamic-datasource - load a datasource named [petrel_record] success
12-18 15:42:13.296 INFO  [main] [c.b.dynamic.datasource.DynamicRoutingDataSource] : dynamic-datasource - load a datasource named [petrel_core] success
12-18 15:42:13.296 INFO  [main] [c.b.dynamic.datasource.DynamicRoutingDataSource] : dynamic-datasource initial loaded [2] datasource,primary datasource named [petrel_core]
12-18 15:42:15.374 INFO  [main] [c.a.n.s.c.e.LoggingNacosConfigMetadataEventListener] : Nacos Config Metadata : dataId='petrel-strategy-config.yaml', groupId='DEFAULT_GROUP', beanName='lobbyConfig', bean='StrategyConfig(ceilLastDiffTimes=0_30|10;30_50|30;50_-1|500, ceilMultiple=3-5, ceilFixed=150, ceilCardRange=50-200, strategyCheat=10000, strategyLoseA=0.53, strategyLoseB=1.515E-5, strategyPlayTimes=800-1000-1300)', beanType='class com.petrel.game.config.StrategyConfig', annotatedElement='class com.petrel.game.config.StrategyConfig', xmlResource='null', nacosProperties='{password=nacos, serverAddr=127.0.0.1:6878, encode=UTF-8, username=nacos}', nacosPropertiesAttributes='{accessKey=${nacos.access-key:}, clusterName=${nacos.cluster-name:}, configLongPollTimeout=${nacos.configLongPollTimeout:}, configRetryTime=${nacos.configRetryTime:}, contextPath=${nacos.context-path:}, enableRemoteSyncConfig=${nacos.enableRemoteSyncConfig:}, encode=${nacos.encode:UTF-8}, endpoint=${nacos.endpoint:}, maxRetry=${nacos.maxRetry:}, namespace=${nacos.namespace:}, password=${nacos.password:}, secretKey=${nacos.secret-key:}, serverAddr=${nacos.server-addr:}, username=${nacos.username:}}', source='@com.alibaba.nacos.api.config.annotation.NacosConfigurationProperties(autoRefreshed=true, dataId=petrel-strategy-config.yaml, exceptionIfInvalid=true, groupId=DEFAULT_GROUP, ignoreInvalidFields=false, ignoreNestedProperties=false, ignoreUnknownFields=true, prefix=, properties=@com.alibaba.nacos.api.annotation.NacosProperties(accessKey=${nacos.access-key:}, clusterName=${nacos.cluster-name:}, configLongPollTimeout=${nacos.configLongPollTimeout:}, configRetryTime=${nacos.configRetryTime:}, contextPath=${nacos.context-path:}, enableRemoteSyncConfig=${nacos.enableRemoteSyncConfig:}, encode=${nacos.encode:UTF-8}, endpoint=${nacos.endpoint:}, maxRetry=${nacos.maxRetry:}, namespace=${nacos.namespace:}, password=${nacos.password:}, secretKey=${nacos.secret-key:}, serverAddr=${nacos.server-addr:}, username=${nacos.username:}), type=YAML, yaml=false)', timestamp='1671349335358'
12-18 15:42:15.704 WARN  [main] [com.netflix.config.sources.URLConfigurationSource] : No URLs will be polled as dynamic configuration sources.
12-18 15:42:15.704 INFO  [main] [com.netflix.config.sources.URLConfigurationSource] : To enable URLs as dynamic configuration sources, define System property archaius.configurationSource.additionalUrls or make config.properties available on classpath.
12-18 15:42:15.704 WARN  [main] [com.netflix.config.sources.URLConfigurationSource] : No URLs will be polled as dynamic configuration sources.
12-18 15:42:15.704 INFO  [main] [com.netflix.config.sources.URLConfigurationSource] : To enable URLs as dynamic configuration sources, define System property archaius.configurationSource.additionalUrls or make config.properties available on classpath.
12-18 15:42:16.207 INFO  [main] [o.s.scheduling.concurrent.ThreadPoolTaskScheduler] : Initializing ExecutorService 'Nacso-Watch-Task-Scheduler'
12-18 15:42:16.836 INFO  [main] [o.s.b.actuate.endpoint.web.EndpointLinksResolver] : Exposing 18 endpoint(s) beneath base path '/actuator'
12-18 15:42:16.992 INFO  [main] [o.s.boot.web.embedded.tomcat.TomcatWebServer] : Tomcat started on port(s): 8752 (http) with context path ''
12-18 15:42:17.041 INFO  [main] [c.a.cloud.nacos.registry.NacosServiceRegistry] : nacos registry, DEFAULT_GROUP petrel-kernel-game 172.19.48.88:8752 register finished
12-18 15:42:17.072 INFO  [main] [com.petrel.game.GameApplication] : Started GameApplication in 8.273 seconds (JVM running for 8.734)
12-18 15:42:17.072 INFO  [main] [com.zebra.common.concurrent.ZebraExecutorManager] : Initialize executorGroup size 64
