11-06 10:14:20.428 INFO  [main] [com.petrel.slots.all.AllApplication] : The following profiles are active: prod
11-06 10:14:23.743 WARN  [main] [o.springframework.boot.actuate.endpoint.EndpointId] : Endpoint ID 'nacos-discovery' contains invalid characters, please migrate to a valid format.
11-06 10:14:24.203 INFO  [main] [o.s.d.r.config.RepositoryConfigurationDelegate] : Multiple Spring Data modules found, entering strict repository configuration mode!
11-06 10:14:24.212 INFO  [main] [o.s.d.r.config.RepositoryConfigurationDelegate] : Bootstrapping Spring Data Redis repositories in DEFAULT mode.
11-06 10:14:24.267 INFO  [main] [o.s.d.r.config.RepositoryConfigurationDelegate] : Finished Spring Data repository scanning in 26ms. Found 0 Redis repository interfaces.
11-06 10:14:24.364 WARN  [main] [o.springframework.boot.actuate.endpoint.EndpointId] : Endpoint ID 'service-registry' contains invalid characters, please migrate to a valid format.
11-06 10:14:24.881 INFO  [main] [o.springframework.cloud.context.scope.GenericScope] : BeanFactory id=9c028a5f-8ef2-3fdd-b572-dc51af7e40a7
11-06 10:14:25.840 INFO  [main] [o.s.c.s.PostProcessorRegistrationDelegate$BeanPostProcessorChecker] : Bean 'com.petrel.slots.core.common.provide.GameFeignService' of type [org.springframework.cloud.openfeign.FeignClientFactoryBean] is not eligible for getting processed by all BeanPostProcessors (for example: not eligible for auto-proxying)
11-06 10:14:25.847 INFO  [main] [o.s.c.s.PostProcessorRegistrationDelegate$BeanPostProcessorChecker] : Bean 'com.petrel.slots.core.common.provide.ServerRegisterFeignService' of type [org.springframework.cloud.openfeign.FeignClientFactoryBean] is not eligible for getting processed by all BeanPostProcessors (for example: not eligible for auto-proxying)
11-06 10:14:27.289 INFO  [main] [c.a.n.s.c.e.LoggingNacosConfigMetadataEventListener] : Nacos Config Metadata : dataId='petrel-strategy-config.yaml', groupId='DEFAULT_GROUP', beanName='jackportConfig', bean='JackportConfig(pushTime=6, awardRestrict=1000, playTotalRestrict=200)', beanType='class com.petrel.slots.core.common.config.JackportConfig', annotatedElement='class com.petrel.slots.core.common.config.JackportConfig', xmlResource='null', nacosProperties='{encode=UTF-8, password=nacos, serverAddr=127.0.0.1:6878, username=nacos}', nacosPropertiesAttributes='{accessKey=${nacos.access-key:}, clusterName=${nacos.cluster-name:}, configLongPollTimeout=${nacos.configLongPollTimeout:}, configRetryTime=${nacos.configRetryTime:}, contextPath=${nacos.context-path:}, enableRemoteSyncConfig=${nacos.enableRemoteSyncConfig:}, encode=${nacos.encode:UTF-8}, endpoint=${nacos.endpoint:}, maxRetry=${nacos.maxRetry:}, namespace=${nacos.namespace:}, password=${nacos.password:}, secretKey=${nacos.secret-key:}, serverAddr=${nacos.server-addr:}, username=${nacos.username:}}', source='@com.alibaba.nacos.api.config.annotation.NacosConfigurationProperties(autoRefreshed=true, dataId=petrel-strategy-config.yaml, exceptionIfInvalid=true, groupId=DEFAULT_GROUP, ignoreInvalidFields=false, ignoreNestedProperties=false, ignoreUnknownFields=true, prefix=, properties=@com.alibaba.nacos.api.annotation.NacosProperties(accessKey=${nacos.access-key:}, clusterName=${nacos.cluster-name:}, configLongPollTimeout=${nacos.configLongPollTimeout:}, configRetryTime=${nacos.configRetryTime:}, contextPath=${nacos.context-path:}, enableRemoteSyncConfig=${nacos.enableRemoteSyncConfig:}, encode=${nacos.encode:UTF-8}, endpoint=${nacos.endpoint:}, maxRetry=${nacos.maxRetry:}, namespace=${nacos.namespace:}, password=${nacos.password:}, secretKey=${nacos.secret-key:}, serverAddr=${nacos.server-addr:}, username=${nacos.username:}), type=YAML, yaml=false)', timestamp='1762424067282'
11-06 10:14:29.725 INFO  [main] [o.s.scheduling.concurrent.ThreadPoolTaskScheduler] : Initializing ExecutorService 'taskScheduler'
11-06 10:14:30.433 WARN  [main] [com.netflix.config.sources.URLConfigurationSource] : No URLs will be polled as dynamic configuration sources.
11-06 10:14:30.434 INFO  [main] [com.netflix.config.sources.URLConfigurationSource] : To enable URLs as dynamic configuration sources, define System property archaius.configurationSource.additionalUrls or make config.properties available on classpath.
11-06 10:14:30.459 WARN  [main] [com.netflix.config.sources.URLConfigurationSource] : No URLs will be polled as dynamic configuration sources.
11-06 10:14:30.462 INFO  [main] [com.netflix.config.sources.URLConfigurationSource] : To enable URLs as dynamic configuration sources, define System property archaius.configurationSource.additionalUrls or make config.properties available on classpath.
11-06 10:14:32.287 INFO  [main] [com.petrel.slots.all.AllApplication] : Started AllApplication in 14.704 seconds (JVM running for 15.75)
11-06 10:14:32.358 INFO  [main] [c.p.s.c.c.handler.InitializePlayHandlerMapping] : Initialize BetHandler success 78 
11-06 10:14:32.820 INFO  [main] [io.lettuce.core.EpollProvider] : Starting with epoll library
11-06 10:14:32.830 INFO  [main] [io.lettuce.core.KqueueProvider] : Starting without optional kqueue library
11-06 10:14:38.603 INFO  [main] [com.petrel.slots.core.common.quarze.PushJackpot] : start jackpot-push future , fixed second : 6
11-06 10:14:38.670 INFO  [main] [c.p.s.core.common.service.GameServerStartService] : start game: YNKB,GEF,MLHG,JSYC,XJPM,SGJ,SGQQQ,YGBH,WLZB,XCXML,MLCS,TTSGJ,SHZ,XMZZ,AJYH,KBMXT,TGG,JZSF,FKHZ,CSLL,SXLM,GXFC,BQTP,DYXM
11-06 10:14:38.804 WARN  [main] [com.zebra.net.servers.ZebraRpcServer] : [server side] bolt netty low water mark is 16384 bytes, high water mark is 32768 bytes
11-06 10:14:38.820 WARN  [main] [com.zebra.net.servers.AbstractRemotingServer] : Prepare to start server on port 9527 
11-06 10:14:38.847 INFO  [Zebra-boss-2-thread-1] [io.netty.handler.logging.LoggingHandler] : [id: 0x57008a62] REGISTERED
11-06 10:14:38.851 INFO  [Zebra-boss-2-thread-1] [io.netty.handler.logging.LoggingHandler] : [id: 0x57008a62] BIND: 0.0.0.0/0.0.0.0:9527
11-06 10:14:38.852 INFO  [Zebra-boss-2-thread-1] [io.netty.handler.logging.LoggingHandler] : [id: 0x57008a62, L:/[0:0:0:0:0:0:0:0%0]:9527] ACTIVE
11-06 10:14:39.163 INFO  [main] [com.zebra.net.servers.ZebraRpcServer] : Rpc AbstractBootstrap$PendingRegistrationPromise@5b20706(success) 1762424079163
11-06 10:14:41.409 INFO  [SpringContextShutdownHook] [o.s.scheduling.concurrent.ThreadPoolTaskScheduler] : Shutting down ExecutorService 'taskScheduler'
11-06 10:14:41.466 INFO  [SpringContextShutdownHook] [o.s.scheduling.concurrent.ThreadPoolTaskScheduler] : Shutting down ExecutorService 'taskScheduler'
11-06 10:14:41.705 INFO  [SpringContextShutdownHook] [c.a.n.s.c.a.c.NacosValueAnnotationBeanPostProcessor] : class com.alibaba.nacos.spring.context.annotation.config.NacosValueAnnotationBeanPostProcessor was destroying!
11-06 10:14:41.705 INFO  [SpringContextShutdownHook] [c.a.n.s.b.f.a.AnnotationNacosInjectedBeanPostProcessor] : class com.alibaba.nacos.spring.beans.factory.annotation.AnnotationNacosInjectedBeanPostProcessor was destroying!
11-06 19:53:40.757 INFO  [main] [com.petrel.slots.all.AllApplication] : The following profiles are active: prod
11-06 19:53:43.564 WARN  [main] [o.springframework.boot.actuate.endpoint.EndpointId] : Endpoint ID 'nacos-discovery' contains invalid characters, please migrate to a valid format.
11-06 19:53:44.355 INFO  [main] [o.s.d.r.config.RepositoryConfigurationDelegate] : Multiple Spring Data modules found, entering strict repository configuration mode!
11-06 19:53:44.368 INFO  [main] [o.s.d.r.config.RepositoryConfigurationDelegate] : Bootstrapping Spring Data Redis repositories in DEFAULT mode.
11-06 19:53:44.515 INFO  [main] [o.s.d.r.config.RepositoryConfigurationDelegate] : Finished Spring Data repository scanning in 85ms. Found 0 Redis repository interfaces.
11-06 19:53:44.641 WARN  [main] [o.springframework.boot.actuate.endpoint.EndpointId] : Endpoint ID 'service-registry' contains invalid characters, please migrate to a valid format.
11-06 19:53:46.104 INFO  [main] [o.springframework.cloud.context.scope.GenericScope] : BeanFactory id=9c028a5f-8ef2-3fdd-b572-dc51af7e40a7
11-06 19:53:47.162 INFO  [main] [o.s.c.s.PostProcessorRegistrationDelegate$BeanPostProcessorChecker] : Bean 'com.petrel.slots.core.common.provide.GameFeignService' of type [org.springframework.cloud.openfeign.FeignClientFactoryBean] is not eligible for getting processed by all BeanPostProcessors (for example: not eligible for auto-proxying)
11-06 19:53:47.166 INFO  [main] [o.s.c.s.PostProcessorRegistrationDelegate$BeanPostProcessorChecker] : Bean 'com.petrel.slots.core.common.provide.ServerRegisterFeignService' of type [org.springframework.cloud.openfeign.FeignClientFactoryBean] is not eligible for getting processed by all BeanPostProcessors (for example: not eligible for auto-proxying)
11-06 19:53:54.614 INFO  [NacosConfigListener-ThreadPool-1] [c.a.n.s.c.e.LoggingNacosConfigMetadataEventListener] : Nacos Config Metadata : dataId='petrel-strategy-config.yaml', groupId='DEFAULT_GROUP', beanName='jackportConfig', bean='JackportConfig(pushTime=0, awardRestrict=0, playTotalRestrict=0)', beanType='class com.petrel.slots.core.common.config.JackportConfig', annotatedElement='class com.petrel.slots.core.common.config.JackportConfig', xmlResource='null', nacosProperties='{encode=UTF-8, password=nacos, serverAddr=127.0.0.1:6878, username=nacos}', nacosPropertiesAttributes='{accessKey=${nacos.access-key:}, clusterName=${nacos.cluster-name:}, configLongPollTimeout=${nacos.configLongPollTimeout:}, configRetryTime=${nacos.configRetryTime:}, contextPath=${nacos.context-path:}, enableRemoteSyncConfig=${nacos.enableRemoteSyncConfig:}, encode=${nacos.encode:UTF-8}, endpoint=${nacos.endpoint:}, maxRetry=${nacos.maxRetry:}, namespace=${nacos.namespace:}, password=${nacos.password:}, secretKey=${nacos.secret-key:}, serverAddr=${nacos.server-addr:}, username=${nacos.username:}}', source='@com.alibaba.nacos.api.config.annotation.NacosConfigurationProperties(autoRefreshed=true, dataId=petrel-strategy-config.yaml, exceptionIfInvalid=true, groupId=DEFAULT_GROUP, ignoreInvalidFields=false, ignoreNestedProperties=false, ignoreUnknownFields=true, prefix=, properties=@com.alibaba.nacos.api.annotation.NacosProperties(accessKey=${nacos.access-key:}, clusterName=${nacos.cluster-name:}, configLongPollTimeout=${nacos.configLongPollTimeout:}, configRetryTime=${nacos.configRetryTime:}, contextPath=${nacos.context-path:}, enableRemoteSyncConfig=${nacos.enableRemoteSyncConfig:}, encode=${nacos.encode:UTF-8}, endpoint=${nacos.endpoint:}, maxRetry=${nacos.maxRetry:}, namespace=${nacos.namespace:}, password=${nacos.password:}, secretKey=${nacos.secret-key:}, serverAddr=${nacos.server-addr:}, username=${nacos.username:}), type=YAML, yaml=false)', timestamp='1762458834599'
11-06 19:53:55.918 INFO  [main] [o.s.scheduling.concurrent.ThreadPoolTaskScheduler] : Initializing ExecutorService 'taskScheduler'
11-06 19:53:56.812 WARN  [main] [com.netflix.config.sources.URLConfigurationSource] : No URLs will be polled as dynamic configuration sources.
11-06 19:53:56.813 INFO  [main] [com.netflix.config.sources.URLConfigurationSource] : To enable URLs as dynamic configuration sources, define System property archaius.configurationSource.additionalUrls or make config.properties available on classpath.
11-06 19:53:56.838 WARN  [main] [com.netflix.config.sources.URLConfigurationSource] : No URLs will be polled as dynamic configuration sources.
11-06 19:53:56.840 INFO  [main] [com.netflix.config.sources.URLConfigurationSource] : To enable URLs as dynamic configuration sources, define System property archaius.configurationSource.additionalUrls or make config.properties available on classpath.
11-06 19:54:01.690 INFO  [main] [com.petrel.slots.all.AllApplication] : Started AllApplication in 26.509 seconds (JVM running for 33.324)
11-06 19:54:01.844 INFO  [main] [c.p.s.c.c.handler.InitializePlayHandlerMapping] : Initialize BetHandler success 78 
11-06 19:54:03.040 INFO  [main] [io.lettuce.core.EpollProvider] : Starting with epoll library
11-06 19:54:03.058 INFO  [main] [io.lettuce.core.KqueueProvider] : Starting without optional kqueue library
11-06 19:54:17.132 INFO  [main] [com.petrel.slots.core.common.quarze.PushJackpot] : start jackpot-push future , fixed second : 0
11-06 19:54:17.156 INFO  [main] [c.p.s.core.common.service.GameServerStartService] : start game: XCXML,WLZB,CSLL,AJYH,YGBH,KBMXT,SHZ,JZSF,YNKB,TGG,SGQQQ,FKHZ,XMZZ,GEF,SXLM,XJPM,GXFC,DYXM,MLCS,BQTP,TTSGJ,SGJ,MLHG,JSYC
11-06 19:54:17.432 WARN  [main] [com.zebra.net.servers.ZebraRpcServer] : [server side] bolt netty low water mark is 16384 bytes, high water mark is 32768 bytes
11-06 19:54:17.443 WARN  [main] [com.zebra.net.servers.AbstractRemotingServer] : Prepare to start server on port 9527 
11-06 19:54:17.472 INFO  [Zebra-boss-2-thread-1] [io.netty.handler.logging.LoggingHandler] : [id: 0x83e36fb9] REGISTERED
11-06 19:54:17.474 INFO  [Zebra-boss-2-thread-1] [io.netty.handler.logging.LoggingHandler] : [id: 0x83e36fb9] BIND: 0.0.0.0/0.0.0.0:9527
11-06 19:54:17.482 INFO  [Zebra-boss-2-thread-1] [io.netty.handler.logging.LoggingHandler] : [id: 0x83e36fb9, L:/[0:0:0:0:0:0:0:0%0]:9527] ACTIVE
11-06 19:54:17.994 INFO  [main] [com.zebra.net.servers.ZebraRpcServer] : Rpc AbstractBootstrap$PendingRegistrationPromise@6198e9b5(success) 1762458857994
11-06 19:54:18.872 INFO  [SpringContextShutdownHook] [o.s.scheduling.concurrent.ThreadPoolTaskScheduler] : Shutting down ExecutorService 'taskScheduler'
11-06 19:54:18.906 INFO  [SpringContextShutdownHook] [o.s.scheduling.concurrent.ThreadPoolTaskScheduler] : Shutting down ExecutorService 'taskScheduler'
11-06 19:54:19.067 INFO  [SpringContextShutdownHook] [c.a.n.s.c.a.c.NacosValueAnnotationBeanPostProcessor] : class com.alibaba.nacos.spring.context.annotation.config.NacosValueAnnotationBeanPostProcessor was destroying!
11-06 19:54:19.067 INFO  [SpringContextShutdownHook] [c.a.n.s.b.f.a.AnnotationNacosInjectedBeanPostProcessor] : class com.alibaba.nacos.spring.beans.factory.annotation.AnnotationNacosInjectedBeanPostProcessor was destroying!
