2023-07-13 00:02:50,603 INFO [dump-all-ok] nacos-payment-provider.yaml+DEFAULT_GROUP, 1602048476000, length=36, md5=08a12c5f72393f8f4a68dbbdcdaaea55

2023-07-13 00:02:50,604 INFO [dump-all-ok] data-config.yaml+DEFAULT_GROUP, 1603173277000, length=53, md5=a40ba6372d23c97c4cb92984ee5d62c3

2023-07-13 00:02:50,606 INFO [dump-all-ok] definition-config.yaml+DEFAULT_GROUP, 1602051256000, length=52, md5=f9919588166c5321ec784215c363cfb8

2023-07-13 00:02:50,606 INFO [dump-all-ok] petrel-lobby-user-config.yaml+DEFAULT_GROUP, 1620985715000, length=281, md5=991bedcea14afd284350b1958080b54f

2023-07-13 00:02:50,606 INFO [dump-all-ok] petrel-game-config.yaml+DEFAULT_GROUP, 1626147755000, length=140, md5=4229acd1d55fb04a2e91f89bb0c4aed5

2023-07-13 00:02:50,608 INFO [dump-all-ok] petrel-strategy-config.yaml+DEFAULT_GROUP, 1610438612000, length=432, md5=dc4d322613bd216907b3247c6589fa86

2023-07-13 00:02:50,610 INFO [dump-all-ok] petrel-lobby-gold-config.yaml+DEFAULT_GROUP, 1618982770000, length=818, md5=7a7c0afdef33eb91b1326f9014091915

2023-07-13 00:09:07,105 INFO [dump-all-ok] nacos-payment-provider.yaml+DEFAULT_GROUP, 1602048476000, length=36, md5=08a12c5f72393f8f4a68dbbdcdaaea55

2023-07-13 00:09:07,106 INFO [dump-all-ok] data-config.yaml+DEFAULT_GROUP, 1603173277000, length=53, md5=a40ba6372d23c97c4cb92984ee5d62c3

2023-07-13 00:09:07,107 INFO [dump-all-ok] definition-config.yaml+DEFAULT_GROUP, 1602051256000, length=52, md5=f9919588166c5321ec784215c363cfb8

2023-07-13 00:09:07,109 INFO [dump-all-ok] petrel-lobby-user-config.yaml+DEFAULT_GROUP, 1620985715000, length=281, md5=991bedcea14afd284350b1958080b54f

2023-07-13 00:09:07,111 INFO [dump-all-ok] petrel-game-config.yaml+DEFAULT_GROUP, 1626147755000, length=140, md5=4229acd1d55fb04a2e91f89bb0c4aed5

2023-07-13 00:09:07,112 INFO [dump-all-ok] petrel-strategy-config.yaml+DEFAULT_GROUP, 1610438612000, length=432, md5=dc4d322613bd216907b3247c6589fa86

2023-07-13 00:09:07,116 INFO [dump-all-ok] petrel-lobby-gold-config.yaml+DEFAULT_GROUP, 1618982770000, length=818, md5=7a7c0afdef33eb91b1326f9014091915

2023-07-13 00:47:01,936 INFO [dump-all-ok] nacos-payment-provider.yaml+DEFAULT_GROUP, 1602048476000, length=36, md5=08a12c5f72393f8f4a68dbbdcdaaea55

2023-07-13 00:47:01,937 INFO [dump-all-ok] data-config.yaml+DEFAULT_GROUP, 1603173277000, length=53, md5=a40ba6372d23c97c4cb92984ee5d62c3

2023-07-13 00:47:01,938 INFO [dump-all-ok] definition-config.yaml+DEFAULT_GROUP, 1602051256000, length=52, md5=f9919588166c5321ec784215c363cfb8

2023-07-13 00:47:01,938 INFO [dump-all-ok] petrel-lobby-user-config.yaml+DEFAULT_GROUP, 1620985715000, length=281, md5=991bedcea14afd284350b1958080b54f

2023-07-13 00:47:01,939 INFO [dump-all-ok] petrel-game-config.yaml+DEFAULT_GROUP, 1626147755000, length=140, md5=4229acd1d55fb04a2e91f89bb0c4aed5

2023-07-13 00:47:01,940 INFO [dump-all-ok] petrel-strategy-config.yaml+DEFAULT_GROUP, 1610438612000, length=432, md5=dc4d322613bd216907b3247c6589fa86

2023-07-13 00:47:01,945 INFO [dump-all-ok] petrel-lobby-gold-config.yaml+DEFAULT_GROUP, 1618982770000, length=818, md5=7a7c0afdef33eb91b1326f9014091915

2023-07-13 00:55:12,435 INFO [dump-all-ok] nacos-payment-provider.yaml+DEFAULT_GROUP, 1602048476000, length=36, md5=08a12c5f72393f8f4a68dbbdcdaaea55

2023-07-13 00:55:12,437 INFO [dump-all-ok] data-config.yaml+DEFAULT_GROUP, 1603173277000, length=53, md5=a40ba6372d23c97c4cb92984ee5d62c3

2023-07-13 00:55:12,438 INFO [dump-all-ok] definition-config.yaml+DEFAULT_GROUP, 1602051256000, length=52, md5=f9919588166c5321ec784215c363cfb8

2023-07-13 00:55:12,440 INFO [dump-all-ok] petrel-lobby-user-config.yaml+DEFAULT_GROUP, 1620985715000, length=281, md5=991bedcea14afd284350b1958080b54f

2023-07-13 00:55:12,442 INFO [dump-all-ok] petrel-game-config.yaml+DEFAULT_GROUP, 1626147755000, length=140, md5=4229acd1d55fb04a2e91f89bb0c4aed5

2023-07-13 00:55:12,442 INFO [dump-all-ok] petrel-strategy-config.yaml+DEFAULT_GROUP, 1610438612000, length=432, md5=dc4d322613bd216907b3247c6589fa86

2023-07-13 00:55:12,444 INFO [dump-all-ok] petrel-lobby-gold-config.yaml+DEFAULT_GROUP, 1618982770000, length=818, md5=7a7c0afdef33eb91b1326f9014091915

2023-07-13 01:27:49,993 INFO [dump-all-ok] nacos-payment-provider.yaml+DEFAULT_GROUP, 1602048476000, length=36, md5=08a12c5f72393f8f4a68dbbdcdaaea55

2023-07-13 01:27:49,994 INFO [dump-all-ok] data-config.yaml+DEFAULT_GROUP, 1603173277000, length=53, md5=a40ba6372d23c97c4cb92984ee5d62c3

2023-07-13 01:27:49,995 INFO [dump-all-ok] definition-config.yaml+DEFAULT_GROUP, 1602051256000, length=52, md5=f9919588166c5321ec784215c363cfb8

2023-07-13 01:27:49,997 INFO [dump-all-ok] petrel-lobby-user-config.yaml+DEFAULT_GROUP, 1620985715000, length=281, md5=991bedcea14afd284350b1958080b54f

2023-07-13 01:27:50,000 INFO [dump-all-ok] petrel-game-config.yaml+DEFAULT_GROUP, 1626147755000, length=140, md5=4229acd1d55fb04a2e91f89bb0c4aed5

2023-07-13 01:27:50,002 INFO [dump-all-ok] petrel-strategy-config.yaml+DEFAULT_GROUP, 1610438612000, length=432, md5=dc4d322613bd216907b3247c6589fa86

2023-07-13 01:27:50,005 INFO [dump-all-ok] petrel-lobby-gold-config.yaml+DEFAULT_GROUP, 1618982770000, length=818, md5=7a7c0afdef33eb91b1326f9014091915

2023-07-13 01:46:21,124 INFO [dump-all-ok] nacos-payment-provider.yaml+DEFAULT_GROUP, 1602048476000, length=36, md5=08a12c5f72393f8f4a68dbbdcdaaea55

2023-07-13 01:46:21,125 INFO [dump-all-ok] data-config.yaml+DEFAULT_GROUP, 1603173277000, length=53, md5=a40ba6372d23c97c4cb92984ee5d62c3

2023-07-13 01:46:21,125 INFO [dump-all-ok] definition-config.yaml+DEFAULT_GROUP, 1602051256000, length=52, md5=f9919588166c5321ec784215c363cfb8

2023-07-13 01:46:21,127 INFO [dump-all-ok] petrel-lobby-user-config.yaml+DEFAULT_GROUP, 1620985715000, length=281, md5=991bedcea14afd284350b1958080b54f

2023-07-13 01:46:21,129 INFO [dump-all-ok] petrel-game-config.yaml+DEFAULT_GROUP, 1626147755000, length=140, md5=4229acd1d55fb04a2e91f89bb0c4aed5

2023-07-13 01:46:21,129 INFO [dump-all-ok] petrel-strategy-config.yaml+DEFAULT_GROUP, 1610438612000, length=432, md5=dc4d322613bd216907b3247c6589fa86

2023-07-13 01:46:21,131 INFO [dump-all-ok] petrel-lobby-gold-config.yaml+DEFAULT_GROUP, 1618982770000, length=818, md5=7a7c0afdef33eb91b1326f9014091915

2023-07-13 02:07:54,217 INFO [dump-all-ok] nacos-payment-provider.yaml+DEFAULT_GROUP, 1602048476000, length=36, md5=08a12c5f72393f8f4a68dbbdcdaaea55

2023-07-13 02:07:54,218 INFO [dump-all-ok] data-config.yaml+DEFAULT_GROUP, 1603173277000, length=53, md5=a40ba6372d23c97c4cb92984ee5d62c3

2023-07-13 02:07:54,218 INFO [dump-all-ok] definition-config.yaml+DEFAULT_GROUP, 1602051256000, length=52, md5=f9919588166c5321ec784215c363cfb8

2023-07-13 02:07:54,219 INFO [dump-all-ok] petrel-lobby-user-config.yaml+DEFAULT_GROUP, 1620985715000, length=281, md5=991bedcea14afd284350b1958080b54f

2023-07-13 02:07:54,220 INFO [dump-all-ok] petrel-game-config.yaml+DEFAULT_GROUP, 1626147755000, length=140, md5=4229acd1d55fb04a2e91f89bb0c4aed5

2023-07-13 02:07:54,220 INFO [dump-all-ok] petrel-strategy-config.yaml+DEFAULT_GROUP, 1610438612000, length=432, md5=dc4d322613bd216907b3247c6589fa86

2023-07-13 02:07:54,221 INFO [dump-all-ok] petrel-lobby-gold-config.yaml+DEFAULT_GROUP, 1618982770000, length=818, md5=7a7c0afdef33eb91b1326f9014091915

2023-07-13 02:14:59,164 INFO [dump-all-ok] nacos-payment-provider.yaml+DEFAULT_GROUP, 1602048476000, length=36, md5=08a12c5f72393f8f4a68dbbdcdaaea55

2023-07-13 02:14:59,164 INFO [dump-all-ok] data-config.yaml+DEFAULT_GROUP, 1603173277000, length=53, md5=a40ba6372d23c97c4cb92984ee5d62c3

2023-07-13 02:14:59,165 INFO [dump-all-ok] definition-config.yaml+DEFAULT_GROUP, 1602051256000, length=52, md5=f9919588166c5321ec784215c363cfb8

2023-07-13 02:14:59,166 INFO [dump-all-ok] petrel-lobby-user-config.yaml+DEFAULT_GROUP, 1620985715000, length=281, md5=991bedcea14afd284350b1958080b54f

2023-07-13 02:14:59,166 INFO [dump-all-ok] petrel-game-config.yaml+DEFAULT_GROUP, 1626147755000, length=140, md5=4229acd1d55fb04a2e91f89bb0c4aed5

2023-07-13 02:14:59,167 INFO [dump-all-ok] petrel-strategy-config.yaml+DEFAULT_GROUP, 1610438612000, length=432, md5=dc4d322613bd216907b3247c6589fa86

2023-07-13 02:14:59,168 INFO [dump-all-ok] petrel-lobby-gold-config.yaml+DEFAULT_GROUP, 1618982770000, length=818, md5=7a7c0afdef33eb91b1326f9014091915

2023-07-13 02:21:37,853 INFO [dump-all-ok] nacos-payment-provider.yaml+DEFAULT_GROUP, 1602048476000, length=36, md5=08a12c5f72393f8f4a68dbbdcdaaea55

2023-07-13 02:21:37,853 INFO [dump-all-ok] data-config.yaml+DEFAULT_GROUP, 1603173277000, length=53, md5=a40ba6372d23c97c4cb92984ee5d62c3

2023-07-13 02:21:37,853 INFO [dump-all-ok] definition-config.yaml+DEFAULT_GROUP, 1602051256000, length=52, md5=f9919588166c5321ec784215c363cfb8

2023-07-13 02:21:37,853 INFO [dump-all-ok] petrel-lobby-user-config.yaml+DEFAULT_GROUP, 1620985715000, length=281, md5=991bedcea14afd284350b1958080b54f

2023-07-13 02:21:37,853 INFO [dump-all-ok] petrel-game-config.yaml+DEFAULT_GROUP, 1626147755000, length=140, md5=4229acd1d55fb04a2e91f89bb0c4aed5

2023-07-13 02:21:37,853 INFO [dump-all-ok] petrel-strategy-config.yaml+DEFAULT_GROUP, 1610438612000, length=432, md5=dc4d322613bd216907b3247c6589fa86

2023-07-13 02:21:37,853 INFO [dump-all-ok] petrel-lobby-gold-config.yaml+DEFAULT_GROUP, 1618982770000, length=818, md5=7a7c0afdef33eb91b1326f9014091915

2023-07-13 02:27:50,828 INFO [dump-all-ok] nacos-payment-provider.yaml+DEFAULT_GROUP, 1602048476000, length=36, md5=08a12c5f72393f8f4a68dbbdcdaaea55

2023-07-13 02:27:50,828 INFO [dump-all-ok] data-config.yaml+DEFAULT_GROUP, 1603173277000, length=53, md5=a40ba6372d23c97c4cb92984ee5d62c3

2023-07-13 02:27:50,828 INFO [dump-all-ok] definition-config.yaml+DEFAULT_GROUP, 1602051256000, length=52, md5=f9919588166c5321ec784215c363cfb8

2023-07-13 02:27:50,828 INFO [dump-all-ok] petrel-lobby-user-config.yaml+DEFAULT_GROUP, 1620985715000, length=281, md5=991bedcea14afd284350b1958080b54f

2023-07-13 02:27:50,828 INFO [dump-all-ok] petrel-game-config.yaml+DEFAULT_GROUP, 1626147755000, length=140, md5=4229acd1d55fb04a2e91f89bb0c4aed5

2023-07-13 02:27:50,844 INFO [dump-all-ok] petrel-strategy-config.yaml+DEFAULT_GROUP, 1610438612000, length=432, md5=dc4d322613bd216907b3247c6589fa86

2023-07-13 02:27:50,844 INFO [dump-all-ok] petrel-lobby-gold-config.yaml+DEFAULT_GROUP, 1618982770000, length=818, md5=7a7c0afdef33eb91b1326f9014091915

2023-07-13 02:45:45,279 INFO [dump-all-ok] nacos-payment-provider.yaml+DEFAULT_GROUP, 1602048476000, length=36, md5=08a12c5f72393f8f4a68dbbdcdaaea55

2023-07-13 02:45:45,279 INFO [dump-all-ok] data-config.yaml+DEFAULT_GROUP, 1603173277000, length=53, md5=a40ba6372d23c97c4cb92984ee5d62c3

2023-07-13 02:45:45,279 INFO [dump-all-ok] definition-config.yaml+DEFAULT_GROUP, 1602051256000, length=52, md5=f9919588166c5321ec784215c363cfb8

2023-07-13 02:45:45,279 INFO [dump-all-ok] petrel-lobby-user-config.yaml+DEFAULT_GROUP, 1620985715000, length=281, md5=991bedcea14afd284350b1958080b54f

2023-07-13 02:45:45,279 INFO [dump-all-ok] petrel-game-config.yaml+DEFAULT_GROUP, 1626147755000, length=140, md5=4229acd1d55fb04a2e91f89bb0c4aed5

2023-07-13 02:45:45,279 INFO [dump-all-ok] petrel-strategy-config.yaml+DEFAULT_GROUP, 1610438612000, length=432, md5=dc4d322613bd216907b3247c6589fa86

2023-07-13 02:45:45,279 INFO [dump-all-ok] petrel-lobby-gold-config.yaml+DEFAULT_GROUP, 1618982770000, length=818, md5=7a7c0afdef33eb91b1326f9014091915

2023-07-13 02:51:11,915 INFO [dump-all-ok] nacos-payment-provider.yaml+DEFAULT_GROUP, 1602048476000, length=36, md5=08a12c5f72393f8f4a68dbbdcdaaea55

2023-07-13 02:51:11,916 INFO [dump-all-ok] data-config.yaml+DEFAULT_GROUP, 1603173277000, length=53, md5=a40ba6372d23c97c4cb92984ee5d62c3

2023-07-13 02:51:11,916 INFO [dump-all-ok] definition-config.yaml+DEFAULT_GROUP, 1602051256000, length=52, md5=f9919588166c5321ec784215c363cfb8

2023-07-13 02:51:11,917 INFO [dump-all-ok] petrel-lobby-user-config.yaml+DEFAULT_GROUP, 1620985715000, length=281, md5=991bedcea14afd284350b1958080b54f

2023-07-13 02:51:11,918 INFO [dump-all-ok] petrel-game-config.yaml+DEFAULT_GROUP, 1626147755000, length=140, md5=4229acd1d55fb04a2e91f89bb0c4aed5

2023-07-13 02:51:11,919 INFO [dump-all-ok] petrel-strategy-config.yaml+DEFAULT_GROUP, 1610438612000, length=432, md5=dc4d322613bd216907b3247c6589fa86

2023-07-13 02:51:11,920 INFO [dump-all-ok] petrel-lobby-gold-config.yaml+DEFAULT_GROUP, 1618982770000, length=818, md5=7a7c0afdef33eb91b1326f9014091915

2023-07-13 03:01:56,550 INFO [dump-all-ok] nacos-payment-provider.yaml+DEFAULT_GROUP, 1602048476000, length=36, md5=08a12c5f72393f8f4a68dbbdcdaaea55

2023-07-13 03:01:56,551 INFO [dump-all-ok] data-config.yaml+DEFAULT_GROUP, 1603173277000, length=53, md5=a40ba6372d23c97c4cb92984ee5d62c3

2023-07-13 03:01:56,552 INFO [dump-all-ok] definition-config.yaml+DEFAULT_GROUP, 1602051256000, length=52, md5=f9919588166c5321ec784215c363cfb8

2023-07-13 03:01:56,553 INFO [dump-all-ok] petrel-lobby-user-config.yaml+DEFAULT_GROUP, 1620985715000, length=281, md5=991bedcea14afd284350b1958080b54f

2023-07-13 03:01:56,554 INFO [dump-all-ok] petrel-game-config.yaml+DEFAULT_GROUP, 1626147755000, length=140, md5=4229acd1d55fb04a2e91f89bb0c4aed5

2023-07-13 03:01:56,554 INFO [dump-all-ok] petrel-strategy-config.yaml+DEFAULT_GROUP, 1610438612000, length=432, md5=dc4d322613bd216907b3247c6589fa86

2023-07-13 03:01:56,556 INFO [dump-all-ok] petrel-lobby-gold-config.yaml+DEFAULT_GROUP, 1618982770000, length=818, md5=7a7c0afdef33eb91b1326f9014091915

2023-07-13 03:14:06,803 INFO [dump-all-ok] nacos-payment-provider.yaml+DEFAULT_GROUP, 1602048476000, length=36, md5=08a12c5f72393f8f4a68dbbdcdaaea55

2023-07-13 03:14:06,805 INFO [dump-all-ok] data-config.yaml+DEFAULT_GROUP, 1603173277000, length=53, md5=a40ba6372d23c97c4cb92984ee5d62c3

2023-07-13 03:14:06,805 INFO [dump-all-ok] definition-config.yaml+DEFAULT_GROUP, 1602051256000, length=52, md5=f9919588166c5321ec784215c363cfb8

2023-07-13 03:14:06,805 INFO [dump-all-ok] petrel-lobby-user-config.yaml+DEFAULT_GROUP, 1620985715000, length=281, md5=991bedcea14afd284350b1958080b54f

2023-07-13 03:14:06,807 INFO [dump-all-ok] petrel-game-config.yaml+DEFAULT_GROUP, 1626147755000, length=140, md5=4229acd1d55fb04a2e91f89bb0c4aed5

2023-07-13 03:14:06,807 INFO [dump-all-ok] petrel-strategy-config.yaml+DEFAULT_GROUP, 1610438612000, length=432, md5=dc4d322613bd216907b3247c6589fa86

2023-07-13 03:14:06,809 INFO [dump-all-ok] petrel-lobby-gold-config.yaml+DEFAULT_GROUP, 1618982770000, length=818, md5=7a7c0afdef33eb91b1326f9014091915

2023-07-13 03:25:41,404 INFO [dump-all-ok] nacos-payment-provider.yaml+DEFAULT_GROUP, 1602048476000, length=36, md5=08a12c5f72393f8f4a68dbbdcdaaea55

2023-07-13 03:25:41,405 INFO [dump-all-ok] data-config.yaml+DEFAULT_GROUP, 1603173277000, length=53, md5=a40ba6372d23c97c4cb92984ee5d62c3

2023-07-13 03:25:41,405 INFO [dump-all-ok] definition-config.yaml+DEFAULT_GROUP, 1602051256000, length=52, md5=f9919588166c5321ec784215c363cfb8

2023-07-13 03:25:41,406 INFO [dump-all-ok] petrel-lobby-user-config.yaml+DEFAULT_GROUP, 1620985715000, length=281, md5=991bedcea14afd284350b1958080b54f

2023-07-13 03:25:41,407 INFO [dump-all-ok] petrel-game-config.yaml+DEFAULT_GROUP, 1626147755000, length=140, md5=4229acd1d55fb04a2e91f89bb0c4aed5

2023-07-13 03:25:41,407 INFO [dump-all-ok] petrel-strategy-config.yaml+DEFAULT_GROUP, 1610438612000, length=432, md5=dc4d322613bd216907b3247c6589fa86

2023-07-13 03:25:41,408 INFO [dump-all-ok] petrel-lobby-gold-config.yaml+DEFAULT_GROUP, 1618982770000, length=818, md5=7a7c0afdef33eb91b1326f9014091915

2023-07-13 03:29:28,956 INFO [dump-all-ok] nacos-payment-provider.yaml+DEFAULT_GROUP, 1602048476000, length=36, md5=08a12c5f72393f8f4a68dbbdcdaaea55

2023-07-13 03:29:28,957 INFO [dump-all-ok] data-config.yaml+DEFAULT_GROUP, 1603173277000, length=53, md5=a40ba6372d23c97c4cb92984ee5d62c3

2023-07-13 03:29:28,958 INFO [dump-all-ok] definition-config.yaml+DEFAULT_GROUP, 1602051256000, length=52, md5=f9919588166c5321ec784215c363cfb8

2023-07-13 03:29:28,959 INFO [dump-all-ok] petrel-lobby-user-config.yaml+DEFAULT_GROUP, 1620985715000, length=281, md5=991bedcea14afd284350b1958080b54f

2023-07-13 03:29:28,960 INFO [dump-all-ok] petrel-game-config.yaml+DEFAULT_GROUP, 1626147755000, length=140, md5=4229acd1d55fb04a2e91f89bb0c4aed5

2023-07-13 03:29:28,961 INFO [dump-all-ok] petrel-strategy-config.yaml+DEFAULT_GROUP, 1610438612000, length=432, md5=dc4d322613bd216907b3247c6589fa86

2023-07-13 03:29:28,963 INFO [dump-all-ok] petrel-lobby-gold-config.yaml+DEFAULT_GROUP, 1618982770000, length=818, md5=7a7c0afdef33eb91b1326f9014091915

2023-07-13 03:31:51,694 INFO [dump-all-ok] nacos-payment-provider.yaml+DEFAULT_GROUP, 1602048476000, length=36, md5=08a12c5f72393f8f4a68dbbdcdaaea55

2023-07-13 03:31:51,696 INFO [dump-all-ok] data-config.yaml+DEFAULT_GROUP, 1603173277000, length=53, md5=a40ba6372d23c97c4cb92984ee5d62c3

2023-07-13 03:31:51,696 INFO [dump-all-ok] definition-config.yaml+DEFAULT_GROUP, 1602051256000, length=52, md5=f9919588166c5321ec784215c363cfb8

2023-07-13 03:31:51,698 INFO [dump-all-ok] petrel-lobby-user-config.yaml+DEFAULT_GROUP, 1620985715000, length=281, md5=991bedcea14afd284350b1958080b54f

2023-07-13 03:31:51,698 INFO [dump-all-ok] petrel-game-config.yaml+DEFAULT_GROUP, 1626147755000, length=140, md5=4229acd1d55fb04a2e91f89bb0c4aed5

2023-07-13 03:31:51,699 INFO [dump-all-ok] petrel-strategy-config.yaml+DEFAULT_GROUP, 1610438612000, length=432, md5=dc4d322613bd216907b3247c6589fa86

2023-07-13 03:31:51,701 INFO [dump-all-ok] petrel-lobby-gold-config.yaml+DEFAULT_GROUP, 1618982770000, length=818, md5=7a7c0afdef33eb91b1326f9014091915

2023-07-13 03:33:37,573 INFO [dump-all-ok] nacos-payment-provider.yaml+DEFAULT_GROUP, 1602048476000, length=36, md5=08a12c5f72393f8f4a68dbbdcdaaea55

2023-07-13 03:33:37,574 INFO [dump-all-ok] data-config.yaml+DEFAULT_GROUP, 1603173277000, length=53, md5=a40ba6372d23c97c4cb92984ee5d62c3

2023-07-13 03:33:37,574 INFO [dump-all-ok] definition-config.yaml+DEFAULT_GROUP, 1602051256000, length=52, md5=f9919588166c5321ec784215c363cfb8

2023-07-13 03:33:37,576 INFO [dump-all-ok] petrel-lobby-user-config.yaml+DEFAULT_GROUP, 1620985715000, length=281, md5=991bedcea14afd284350b1958080b54f

2023-07-13 03:33:37,577 INFO [dump-all-ok] petrel-game-config.yaml+DEFAULT_GROUP, 1626147755000, length=140, md5=4229acd1d55fb04a2e91f89bb0c4aed5

2023-07-13 03:33:37,578 INFO [dump-all-ok] petrel-strategy-config.yaml+DEFAULT_GROUP, 1610438612000, length=432, md5=dc4d322613bd216907b3247c6589fa86

2023-07-13 03:33:37,580 INFO [dump-all-ok] petrel-lobby-gold-config.yaml+DEFAULT_GROUP, 1618982770000, length=818, md5=7a7c0afdef33eb91b1326f9014091915

2023-07-13 03:48:56,878 INFO [dump-all-ok] nacos-payment-provider.yaml+DEFAULT_GROUP, 1602048476000, length=36, md5=08a12c5f72393f8f4a68dbbdcdaaea55

2023-07-13 03:48:56,879 INFO [dump-all-ok] data-config.yaml+DEFAULT_GROUP, 1603173277000, length=53, md5=a40ba6372d23c97c4cb92984ee5d62c3

2023-07-13 03:48:56,883 INFO [dump-all-ok] definition-config.yaml+DEFAULT_GROUP, 1602051256000, length=52, md5=f9919588166c5321ec784215c363cfb8

2023-07-13 03:48:56,885 INFO [dump-all-ok] petrel-lobby-user-config.yaml+DEFAULT_GROUP, 1620985715000, length=281, md5=991bedcea14afd284350b1958080b54f

2023-07-13 03:48:56,885 INFO [dump-all-ok] petrel-game-config.yaml+DEFAULT_GROUP, 1626147755000, length=140, md5=4229acd1d55fb04a2e91f89bb0c4aed5

2023-07-13 03:48:56,886 INFO [dump-all-ok] petrel-strategy-config.yaml+DEFAULT_GROUP, 1610438612000, length=432, md5=dc4d322613bd216907b3247c6589fa86

2023-07-13 03:48:56,889 INFO [dump-all-ok] petrel-lobby-gold-config.yaml+DEFAULT_GROUP, 1618982770000, length=818, md5=7a7c0afdef33eb91b1326f9014091915

2023-07-13 03:53:57,334 INFO [dump-all-ok] nacos-payment-provider.yaml+DEFAULT_GROUP, 1602048476000, length=36, md5=08a12c5f72393f8f4a68dbbdcdaaea55

2023-07-13 03:53:57,334 INFO [dump-all-ok] data-config.yaml+DEFAULT_GROUP, 1603173277000, length=53, md5=a40ba6372d23c97c4cb92984ee5d62c3

2023-07-13 03:53:57,336 INFO [dump-all-ok] definition-config.yaml+DEFAULT_GROUP, 1602051256000, length=52, md5=f9919588166c5321ec784215c363cfb8

2023-07-13 03:53:57,338 INFO [dump-all-ok] petrel-lobby-user-config.yaml+DEFAULT_GROUP, 1620985715000, length=281, md5=991bedcea14afd284350b1958080b54f

2023-07-13 03:53:57,339 INFO [dump-all-ok] petrel-game-config.yaml+DEFAULT_GROUP, 1626147755000, length=140, md5=4229acd1d55fb04a2e91f89bb0c4aed5

2023-07-13 03:53:57,340 INFO [dump-all-ok] petrel-strategy-config.yaml+DEFAULT_GROUP, 1610438612000, length=432, md5=dc4d322613bd216907b3247c6589fa86

2023-07-13 03:53:57,342 INFO [dump-all-ok] petrel-lobby-gold-config.yaml+DEFAULT_GROUP, 1618982770000, length=818, md5=7a7c0afdef33eb91b1326f9014091915

