2025-11-09 18:22:36,471 ERROR [master-db] master db not found.

2025-11-09 18:22:50,494 ERROR [db-error] master db 202.189.7.196 down.

2025-11-09 18:22:52,014 WARN isQuickStart:false

2025-11-09 18:22:52,020 ERROR Nacos Server did not start because dumpservice bean construction failure :
java.lang.IllegalStateException: No DataSource set

2025-11-09 18:23:13,877 ERROR [master-db] master db not found.

2025-11-09 18:23:25,893 ERROR [db-error] master db 202.189.7.196 down.

2025-11-09 18:24:10,111 WARN isQuickStart:false

2025-11-09 18:24:10,478 ERROR [db-error] DataAccessException : caused: StatementCallback; bad SQL grammar [select 1 from config_info_beta limit 1]; nested exception is java.sql.SQLSyntaxErrorException: Syntax error: Encountered "1" at line 1, column 38.;caused: Syntax error: Encountered "1" at line 1, column 38.;caused: Syntax error: Encountered "1" at line 1, column 38.;

2025-11-09 18:24:10,487 ERROR [db-error] DataAccessException : caused: StatementCallback; bad SQL grammar [select 1 from config_info_tag limit 1]; nested exception is java.sql.SQLSyntaxErrorException: Syntax error: Encountered "1" at line 1, column 37.;caused: Syntax error: Encountered "1" at line 1, column 37.;caused: Syntax error: Encountered "1" at line 1, column 37.;

2025-11-09 18:27:20,126 WARN isQuickStart:false

2025-11-09 18:27:20,273 ERROR [db-error] DataAccessException : caused: StatementCallback; bad SQL grammar [select 1 from config_info_beta limit 1]; nested exception is java.sql.SQLSyntaxErrorException: Syntax error: Encountered "1" at line 1, column 38.;caused: Syntax error: Encountered "1" at line 1, column 38.;caused: Syntax error: Encountered "1" at line 1, column 38.;

2025-11-09 18:27:20,274 ERROR [db-error] DataAccessException : caused: StatementCallback; bad SQL grammar [select 1 from config_info_tag limit 1]; nested exception is java.sql.SQLSyntaxErrorException: Syntax error: Encountered "1" at line 1, column 37.;caused: Syntax error: Encountered "1" at line 1, column 37.;caused: Syntax error: Encountered "1" at line 1, column 37.;

2025-11-09 18:31:21,970 WARN isQuickStart:false

2025-11-09 18:31:22,117 ERROR [db-error] DataAccessException : caused: StatementCallback; bad SQL grammar [select 1 from config_info_beta limit 1]; nested exception is java.sql.SQLSyntaxErrorException: Syntax error: Encountered "1" at line 1, column 38.;caused: Syntax error: Encountered "1" at line 1, column 38.;caused: Syntax error: Encountered "1" at line 1, column 38.;

2025-11-09 18:31:22,119 ERROR [db-error] DataAccessException : caused: StatementCallback; bad SQL grammar [select 1 from config_info_tag limit 1]; nested exception is java.sql.SQLSyntaxErrorException: Syntax error: Encountered "1" at line 1, column 37.;caused: Syntax error: Encountered "1" at line 1, column 37.;caused: Syntax error: Encountered "1" at line 1, column 37.;

2025-11-09 18:34:46,957 WARN isQuickStart:false

2025-11-09 18:34:47,248 ERROR [db-error] DataAccessException : caused: StatementCallback; bad SQL grammar [select 1 from config_info_beta limit 1]; nested exception is java.sql.SQLSyntaxErrorException: Syntax error: Encountered "1" at line 1, column 38.;caused: Syntax error: Encountered "1" at line 1, column 38.;caused: Syntax error: Encountered "1" at line 1, column 38.;

2025-11-09 18:34:47,250 ERROR [db-error] DataAccessException : caused: StatementCallback; bad SQL grammar [select 1 from config_info_tag limit 1]; nested exception is java.sql.SQLSyntaxErrorException: Syntax error: Encountered "1" at line 1, column 37.;caused: Syntax error: Encountered "1" at line 1, column 37.;caused: Syntax error: Encountered "1" at line 1, column 37.;

2025-11-09 18:39:09,511 WARN isQuickStart:false

2025-11-09 18:39:09,759 ERROR [db-error] DataAccessException : caused: StatementCallback; bad SQL grammar [select 1 from config_info_beta limit 1]; nested exception is java.sql.SQLSyntaxErrorException: Syntax error: Encountered "1" at line 1, column 38.;caused: Syntax error: Encountered "1" at line 1, column 38.;caused: Syntax error: Encountered "1" at line 1, column 38.;

2025-11-09 18:39:09,764 ERROR [db-error] DataAccessException : caused: StatementCallback; bad SQL grammar [select 1 from config_info_tag limit 1]; nested exception is java.sql.SQLSyntaxErrorException: Syntax error: Encountered "1" at line 1, column 37.;caused: Syntax error: Encountered "1" at line 1, column 37.;caused: Syntax error: Encountered "1" at line 1, column 37.;

2025-11-09 19:12:24,491 WARN isQuickStart:false

2025-11-09 19:12:24,628 ERROR [db-error] DataAccessException : caused: StatementCallback; bad SQL grammar [select 1 from config_info_beta limit 1]; nested exception is java.sql.SQLSyntaxErrorException: Syntax error: Encountered "1" at line 1, column 38.;caused: Syntax error: Encountered "1" at line 1, column 38.;caused: Syntax error: Encountered "1" at line 1, column 38.;

2025-11-09 19:12:24,630 ERROR [db-error] DataAccessException : caused: StatementCallback; bad SQL grammar [select 1 from config_info_tag limit 1]; nested exception is java.sql.SQLSyntaxErrorException: Syntax error: Encountered "1" at line 1, column 37.;caused: Syntax error: Encountered "1" at line 1, column 37.;caused: Syntax error: Encountered "1" at line 1, column 37.;

2025-11-09 19:15:25,175 WARN isQuickStart:false

2025-11-09 19:15:25,332 ERROR [db-error] DataAccessException : caused: StatementCallback; bad SQL grammar [select 1 from config_info_beta limit 1]; nested exception is java.sql.SQLSyntaxErrorException: Syntax error: Encountered "1" at line 1, column 38.;caused: Syntax error: Encountered "1" at line 1, column 38.;caused: Syntax error: Encountered "1" at line 1, column 38.;

2025-11-09 19:15:25,334 ERROR [db-error] DataAccessException : caused: StatementCallback; bad SQL grammar [select 1 from config_info_tag limit 1]; nested exception is java.sql.SQLSyntaxErrorException: Syntax error: Encountered "1" at line 1, column 37.;caused: Syntax error: Encountered "1" at line 1, column 37.;caused: Syntax error: Encountered "1" at line 1, column 37.;

2025-11-09 19:31:57,537 WARN isQuickStart:false

2025-11-09 19:31:57,699 ERROR [db-error] DataAccessException : caused: StatementCallback; bad SQL grammar [select 1 from config_info_beta limit 1]; nested exception is java.sql.SQLSyntaxErrorException: Syntax error: Encountered "1" at line 1, column 38.;caused: Syntax error: Encountered "1" at line 1, column 38.;caused: Syntax error: Encountered "1" at line 1, column 38.;

2025-11-09 19:31:57,703 ERROR [db-error] DataAccessException : caused: StatementCallback; bad SQL grammar [select 1 from config_info_tag limit 1]; nested exception is java.sql.SQLSyntaxErrorException: Syntax error: Encountered "1" at line 1, column 37.;caused: Syntax error: Encountered "1" at line 1, column 37.;caused: Syntax error: Encountered "1" at line 1, column 37.;

