2025-11-09 18:24:40,567 INFO PERFORMANCE:|0|0|-1|-1

2025-11-09 18:27:50,325 INFO PERFORMANCE:|0|0|-1|-1

2025-11-09 18:31:52,169 INFO PERFORMANCE:|0|0|-1|-1

2025-11-09 18:35:17,330 INFO PERFORMANCE:|0|0|-1|-1

2025-11-09 18:39:39,829 INFO PERFORMANCE:|0|0|-1|-1

2025-11-09 18:44:39,830 INFO PERFORMANCE:|0|0|-1|-1

2025-11-09 18:49:39,836 INFO PERFORMANCE:|0|0|-1|-1

2025-11-09 18:54:39,890 INFO PERFORMANCE:|0|0|-1|-1

2025-11-09 18:59:39,897 INFO PERFORMANCE:|0|0|-1|-1

2025-11-09 19:04:39,907 INFO PERFORMANCE:|0|0|-1|-1

2025-11-09 19:09:39,910 INFO PERFORMANCE:|0|0|-1|-1

2025-11-09 19:12:54,680 INFO PERFORMANCE:|0|0|-1|-1

2025-11-09 19:15:55,391 INFO PERFORMANCE:|0|0|-1|-1

2025-11-09 19:20:55,394 INFO PERFORMANCE:|0|0|-1|-1

2025-11-09 19:25:55,394 INFO PERFORMANCE:|0|0|-1|-1

2025-11-09 19:30:55,394 INFO PERFORMANCE:|0|0|-1|-1

2025-11-09 19:32:27,751 INFO PERFORMANCE:|0|0|-1|-1

2025-11-09 19:37:27,751 INFO PERFORMANCE:|0|0|-1|-1

2025-11-09 19:42:27,754 INFO PERFORMANCE:|0|0|-1|-1

2025-11-09 19:47:27,754 INFO PERFORMANCE:|0|0|-1|-1

2025-11-09 19:52:27,757 INFO PERFORMANCE:|0|0|-1|-1

2025-11-09 19:57:27,760 INFO PERFORMANCE:|0|0|-1|-1

2025-11-09 20:02:27,760 INFO PERFORMANCE:|0|0|-1|-1

2025-11-09 20:07:27,761 INFO PERFORMANCE:|0|0|-1|-1

2025-11-09 20:12:27,767 INFO PERFORMANCE:|0|0|-1|-1

2025-11-09 20:17:27,768 INFO PERFORMANCE:|0|0|-1|-1

