19:33:52.500 [main] INFO org.springframework.core.KotlinDetector - Kotlin reflection implementation not found at runtime, related features won't be available.
2025-11-09 19:33:54.193  WARN 47425 --- [kground-preinit] o.s.h.c.j.Jackson2ObjectMapperBuilder    : For Jackson Kotlin classes support please add "com.fasterxml.jackson.module:jackson-module-kotlin" to the classpath

  .   ____          _            __ _ _
 /\\ / ___'_ __ _ _(_)_ __  __ _ \ \ \ \
( ( )\___ | '_ | '_| | '_ \/ _` | \ \ \ \
 \\/  ___)| |_)| | | | | || (_| |  ) ) ) )
  '  |____| .__|_| |_|_| |_\__, | / / / /
 =========|_|==============|___/=/_/_/_/
 :: Spring Boot ::        (v2.2.5.RELEASE)

2025-11-09 19:33:54.889  INFO 47425 --- [           main] com.petrel.chess.ChessApplication        : The following profiles are active: prod
2025-11-09 19:33:55.993  WARN 47425 --- [           main] o.s.boot.actuate.endpoint.EndpointId     : Endpoint ID 'nacos-discovery' contains invalid characters, please migrate to a valid format.
2025-11-09 19:33:56.215  INFO 47425 --- [           main] .s.d.r.c.RepositoryConfigurationDelegate : Multiple Spring Data modules found, entering strict repository configuration mode!
2025-11-09 19:33:56.219  INFO 47425 --- [           main] .s.d.r.c.RepositoryConfigurationDelegate : Bootstrapping Spring Data Redis repositories in DEFAULT mode.
2025-11-09 19:33:56.271  INFO 47425 --- [           main] .s.d.r.c.RepositoryConfigurationDelegate : Finished Spring Data repository scanning in 31ms. Found 0 Redis repository interfaces.
2025-11-09 19:33:56.318  WARN 47425 --- [           main] o.s.boot.actuate.endpoint.EndpointId     : Endpoint ID 'service-registry' contains invalid characters, please migrate to a valid format.
2025-11-09 19:33:56.578  INFO 47425 --- [           main] o.s.cloud.context.scope.GenericScope     : BeanFactory id=24c37c7c-c14e-310e-b66a-193819f8ed70
2025-11-09 19:33:56.752  INFO 47425 --- [           main] trationDelegate$BeanPostProcessorChecker : Bean 'com.petrel.chess.core.common.provide.GameFeignService' of type [org.springframework.cloud.openfeign.FeignClientFactoryBean] is not eligible for getting processed by all BeanPostProcessors (for example: not eligible for auto-proxying)
2025-11-09 19:33:56.759  INFO 47425 --- [           main] trationDelegate$BeanPostProcessorChecker : Bean 'com.petrel.chess.core.common.provide.ServerRegisterFeignService' of type [org.springframework.cloud.openfeign.FeignClientFactoryBean] is not eligible for getting processed by all BeanPostProcessors (for example: not eligible for auto-proxying)
2025-11-09 19:33:58.749  INFO 47425 --- [           main] o.s.s.c.ThreadPoolTaskScheduler          : Initializing ExecutorService 'Nacso-Watch-Task-Scheduler'
2025-11-09 19:34:00.510  INFO 47425 --- [           main] com.petrel.chess.ChessApplication        : Started ChessApplication in 7.856 seconds (JVM running for 8.887)
2025-11-09 19:34:00.536  INFO 47425 --- [           main] c.p.c.c.c.h.InitializeStartMapping       : Initialize StartMapping success 3 
2025-11-09 19:34:00.557  INFO 47425 --- [           main] c.p.c.c.c.h.InitializeEEHandlerMapping   : Initialize EEHandler success 3 
2025-11-09 19:34:00.577  INFO 47425 --- [           main] c.p.c.c.c.h.InitializePlayHandlerMapping : Initialize PlayHandler success 8 
2025-11-09 19:34:01.460  INFO 47425 --- [           main] c.p.c.c.game.shbz.game.ShbzStartService  : Fishing gameId:44 ---start-success-----
2025-11-09 19:34:01.468  INFO 47425 --- [           main] c.p.c.c.c.h.ChessServerStartService      : start game: SHBZ
2025-11-09 19:34:01.496  WARN 47425 --- [           main] com.zebra.net.servers.ZebraRpcServer     : [server side] bolt netty low water mark is 16384 bytes, high water mark is 32768 bytes
2025-11-09 19:34:01.502  WARN 47425 --- [           main] c.z.net.servers.AbstractRemotingServer   : Prepare to start server on port 9637 
2025-11-09 19:34:01.513  INFO 47425 --- [oss-20-thread-1] io.netty.handler.logging.LoggingHandler  : [id: 0x2e0ae391] REGISTERED
2025-11-09 19:34:01.514  INFO 47425 --- [oss-20-thread-1] io.netty.handler.logging.LoggingHandler  : [id: 0x2e0ae391] BIND: 0.0.0.0/0.0.0.0:9637
2025-11-09 19:34:01.515  INFO 47425 --- [oss-20-thread-1] io.netty.handler.logging.LoggingHandler  : [id: 0x2e0ae391, L:/[0:0:0:0:0:0:0:0%0]:9637] ACTIVE
2025-11-09 19:34:01.732  INFO 47425 --- [           main] com.zebra.net.servers.ZebraRpcServer     : Rpc AbstractBootstrap$PendingRegistrationPromise@630b6190(success) 1762716841732
2025-11-09 20:04:01.737  INFO 47425 --- [oss-20-thread-1] io.netty.handler.logging.LoggingHandler  : [id: 0x2e0ae391, L:/[0:0:0:0:0:0:0:0%0]:9637] CLOSE
2025-11-09 20:04:01.739  WARN 47425 --- [           main] com.zebra.net.servers.ZebraRpcServer     : Rpc Server stopped!
2025-11-09 20:04:01.744  INFO 47425 --- [           main] c.z.net.servers.AbstractRemotingServer   : Server started on port 9637
2025-11-09 20:04:01.744  INFO 47425 --- [           main] c.z.c.concurrent.ZebraExecutorManager    : Initialize executorGroup size 0
2025-11-09 20:04:01.747  INFO 47425 --- [oss-20-thread-1] io.netty.handler.logging.LoggingHandler  : [id: 0x2e0ae391, L:/[0:0:0:0:0:0:0:0%0]:9637] INACTIVE
2025-11-09 20:04:01.748  INFO 47425 --- [oss-20-thread-1] io.netty.handler.logging.LoggingHandler  : [id: 0x2e0ae391, L:/[0:0:0:0:0:0:0:0%0]:9637] UNREGISTERED
2025-11-09 20:04:01.771  INFO 47425 --- [           main] com.petrel.chess.StartAfterInitialize    : StartAfter send register msg ServerRegistryRequest(serverId=chess:10.0.0.1:9637, appName=petrel-game-chess, inIp=10.0.0.1, port=9637, vfx=SHBZ, gameType=2, outIp=127.0.0.1, weight=50)
2025-11-09 20:04:02.602  INFO 47425 --- [           main] ConditionEvaluationReportLoggingListener : 

Error starting ApplicationContext. To display the conditions report re-run your application with 'debug' enabled.
2025-11-09 20:04:02.604  INFO 47425 --- [           main] o.s.s.c.ThreadPoolTaskScheduler          : Shutting down ExecutorService 'Nacso-Watch-Task-Scheduler'
2025-11-09 20:04:02.758 ERROR 47425 --- [           main] o.s.boot.SpringApplication               : Application run failed

java.lang.IllegalStateException: Failed to execute ApplicationRunner
	at org.springframework.boot.SpringApplication.callRunner(SpringApplication.java:778) ~[spring-boot-2.2.5.RELEASE.jar!/:2.2.5.RELEASE]
	at org.springframework.boot.SpringApplication.callRunners(SpringApplication.java:765) ~[spring-boot-2.2.5.RELEASE.jar!/:2.2.5.RELEASE]
	at org.springframework.boot.SpringApplication.run(SpringApplication.java:322) ~[spring-boot-2.2.5.RELEASE.jar!/:2.2.5.RELEASE]
	at org.springframework.boot.SpringApplication.run(SpringApplication.java:1226) ~[spring-boot-2.2.5.RELEASE.jar!/:2.2.5.RELEASE]
	at org.springframework.boot.SpringApplication.run(SpringApplication.java:1215) ~[spring-boot-2.2.5.RELEASE.jar!/:2.2.5.RELEASE]
	at com.petrel.chess.ChessApplication.main(ChessApplication.java:19) ~[classes!/:na]
	at java.base/jdk.internal.reflect.DirectMethodHandleAccessor.invoke(DirectMethodHandleAccessor.java:103) ~[na:na]
	at java.base/java.lang.reflect.Method.invoke(Method.java:580) ~[na:na]
	at org.springframework.boot.loader.MainMethodRunner.run(MainMethodRunner.java:48) ~[petrel-game-chess-1.0-SNAPSHOT-boot.jar:na]
	at org.springframework.boot.loader.Launcher.launch(Launcher.java:87) ~[petrel-game-chess-1.0-SNAPSHOT-boot.jar:na]
	at org.springframework.boot.loader.Launcher.launch(Launcher.java:51) ~[petrel-game-chess-1.0-SNAPSHOT-boot.jar:na]
	at org.springframework.boot.loader.PropertiesLauncher.main(PropertiesLauncher.java:597) ~[petrel-game-chess-1.0-SNAPSHOT-boot.jar:na]
Caused by: java.lang.RuntimeException: com.netflix.client.ClientException: Load balancer does not have available server for client: petrel-kernel-register
	at org.springframework.cloud.openfeign.ribbon.LoadBalancerFeignClient.execute(LoadBalancerFeignClient.java:90) ~[spring-cloud-openfeign-core-2.2.2.RELEASE.jar!/:2.2.2.RELEASE]
	at feign.SynchronousMethodHandler.executeAndDecode(SynchronousMethodHandler.java:110) ~[feign-core-10.7.4.jar!/:na]
	at feign.SynchronousMethodHandler.invoke(SynchronousMethodHandler.java:80) ~[feign-core-10.7.4.jar!/:na]
	at feign.ReflectiveFeign$FeignInvocationHandler.invoke(ReflectiveFeign.java:100) ~[feign-core-10.7.4.jar!/:na]
	at jdk.proxy2/jdk.proxy2.$Proxy106.registerServer(Unknown Source) ~[na:na]
	at com.petrel.chess.StartAfterInitialize.run(StartAfterInitialize.java:38) ~[classes!/:na]
	at org.springframework.boot.SpringApplication.callRunner(SpringApplication.java:775) ~[spring-boot-2.2.5.RELEASE.jar!/:2.2.5.RELEASE]
	... 11 common frames omitted
Caused by: com.netflix.client.ClientException: Load balancer does not have available server for client: petrel-kernel-register
	at com.netflix.loadbalancer.LoadBalancerContext.getServerFromLoadBalancer(LoadBalancerContext.java:483) ~[ribbon-loadbalancer-2.3.0.jar!/:2.3.0]
	at com.netflix.loadbalancer.reactive.LoadBalancerCommand$1.call(LoadBalancerCommand.java:184) ~[ribbon-loadbalancer-2.3.0.jar!/:2.3.0]
	at com.netflix.loadbalancer.reactive.LoadBalancerCommand$1.call(LoadBalancerCommand.java:180) ~[ribbon-loadbalancer-2.3.0.jar!/:2.3.0]
	at rx.Observable.unsafeSubscribe(Observable.java:10327) ~[rxjava-1.3.8.jar!/:1.3.8]
	at rx.internal.operators.OnSubscribeConcatMap.call(OnSubscribeConcatMap.java:94) ~[rxjava-1.3.8.jar!/:1.3.8]
	at rx.internal.operators.OnSubscribeConcatMap.call(OnSubscribeConcatMap.java:42) ~[rxjava-1.3.8.jar!/:1.3.8]
	at rx.Observable.unsafeSubscribe(Observable.java:10327) ~[rxjava-1.3.8.jar!/:1.3.8]
	at rx.internal.operators.OperatorRetryWithPredicate$SourceSubscriber$1.call(OperatorRetryWithPredicate.java:127) ~[rxjava-1.3.8.jar!/:1.3.8]
	at rx.internal.schedulers.TrampolineScheduler$InnerCurrentThreadScheduler.enqueue(TrampolineScheduler.java:73) ~[rxjava-1.3.8.jar!/:1.3.8]
	at rx.internal.schedulers.TrampolineScheduler$InnerCurrentThreadScheduler.schedule(TrampolineScheduler.java:52) ~[rxjava-1.3.8.jar!/:1.3.8]
	at rx.internal.operators.OperatorRetryWithPredicate$SourceSubscriber.onNext(OperatorRetryWithPredicate.java:79) ~[rxjava-1.3.8.jar!/:1.3.8]
	at rx.internal.operators.OperatorRetryWithPredicate$SourceSubscriber.onNext(OperatorRetryWithPredicate.java:45) ~[rxjava-1.3.8.jar!/:1.3.8]
	at rx.internal.util.ScalarSynchronousObservable$WeakSingleProducer.request(ScalarSynchronousObservable.java:276) ~[rxjava-1.3.8.jar!/:1.3.8]
	at rx.Subscriber.setProducer(Subscriber.java:209) ~[rxjava-1.3.8.jar!/:1.3.8]
	at rx.internal.util.ScalarSynchronousObservable$JustOnSubscribe.call(ScalarSynchronousObservable.java:138) ~[rxjava-1.3.8.jar!/:1.3.8]
	at rx.internal.util.ScalarSynchronousObservable$JustOnSubscribe.call(ScalarSynchronousObservable.java:129) ~[rxjava-1.3.8.jar!/:1.3.8]
	at rx.internal.operators.OnSubscribeLift.call(OnSubscribeLift.java:48) ~[rxjava-1.3.8.jar!/:1.3.8]
	at rx.internal.operators.OnSubscribeLift.call(OnSubscribeLift.java:30) ~[rxjava-1.3.8.jar!/:1.3.8]
	at rx.internal.operators.OnSubscribeLift.call(OnSubscribeLift.java:48) ~[rxjava-1.3.8.jar!/:1.3.8]
	at rx.internal.operators.OnSubscribeLift.call(OnSubscribeLift.java:30) ~[rxjava-1.3.8.jar!/:1.3.8]
	at rx.internal.operators.OnSubscribeLift.call(OnSubscribeLift.java:48) ~[rxjava-1.3.8.jar!/:1.3.8]
	at rx.internal.operators.OnSubscribeLift.call(OnSubscribeLift.java:30) ~[rxjava-1.3.8.jar!/:1.3.8]
	at rx.Observable.subscribe(Observable.java:10423) ~[rxjava-1.3.8.jar!/:1.3.8]
	at rx.Observable.subscribe(Observable.java:10390) ~[rxjava-1.3.8.jar!/:1.3.8]
	at rx.observables.BlockingObservable.blockForSingle(BlockingObservable.java:443) ~[rxjava-1.3.8.jar!/:1.3.8]
	at rx.observables.BlockingObservable.single(BlockingObservable.java:340) ~[rxjava-1.3.8.jar!/:1.3.8]
	at com.netflix.client.AbstractLoadBalancerAwareClient.executeWithLoadBalancer(AbstractLoadBalancerAwareClient.java:112) ~[ribbon-loadbalancer-2.3.0.jar!/:2.3.0]
	at org.springframework.cloud.openfeign.ribbon.LoadBalancerFeignClient.execute(LoadBalancerFeignClient.java:83) ~[spring-cloud-openfeign-core-2.2.2.RELEASE.jar!/:2.2.2.RELEASE]
	... 17 common frames omitted

2025-11-09 20:04:02.767 ERROR 47425 --- [           main] com.petrel.chess.ChessApplication        : start error:

java.lang.IllegalStateException: Failed to execute ApplicationRunner
	at org.springframework.boot.SpringApplication.callRunner(SpringApplication.java:778) ~[spring-boot-2.2.5.RELEASE.jar!/:2.2.5.RELEASE]
	at org.springframework.boot.SpringApplication.callRunners(SpringApplication.java:765) ~[spring-boot-2.2.5.RELEASE.jar!/:2.2.5.RELEASE]
	at org.springframework.boot.SpringApplication.run(SpringApplication.java:322) ~[spring-boot-2.2.5.RELEASE.jar!/:2.2.5.RELEASE]
	at org.springframework.boot.SpringApplication.run(SpringApplication.java:1226) ~[spring-boot-2.2.5.RELEASE.jar!/:2.2.5.RELEASE]
	at org.springframework.boot.SpringApplication.run(SpringApplication.java:1215) ~[spring-boot-2.2.5.RELEASE.jar!/:2.2.5.RELEASE]
	at com.petrel.chess.ChessApplication.main(ChessApplication.java:19) ~[classes!/:na]
	at java.base/jdk.internal.reflect.DirectMethodHandleAccessor.invoke(DirectMethodHandleAccessor.java:103) ~[na:na]
	at java.base/java.lang.reflect.Method.invoke(Method.java:580) ~[na:na]
	at org.springframework.boot.loader.MainMethodRunner.run(MainMethodRunner.java:48) ~[petrel-game-chess-1.0-SNAPSHOT-boot.jar:na]
	at org.springframework.boot.loader.Launcher.launch(Launcher.java:87) ~[petrel-game-chess-1.0-SNAPSHOT-boot.jar:na]
	at org.springframework.boot.loader.Launcher.launch(Launcher.java:51) ~[petrel-game-chess-1.0-SNAPSHOT-boot.jar:na]
	at org.springframework.boot.loader.PropertiesLauncher.main(PropertiesLauncher.java:597) ~[petrel-game-chess-1.0-SNAPSHOT-boot.jar:na]
Caused by: java.lang.RuntimeException: com.netflix.client.ClientException: Load balancer does not have available server for client: petrel-kernel-register
	at org.springframework.cloud.openfeign.ribbon.LoadBalancerFeignClient.execute(LoadBalancerFeignClient.java:90) ~[spring-cloud-openfeign-core-2.2.2.RELEASE.jar!/:2.2.2.RELEASE]
	at feign.SynchronousMethodHandler.executeAndDecode(SynchronousMethodHandler.java:110) ~[feign-core-10.7.4.jar!/:na]
	at feign.SynchronousMethodHandler.invoke(SynchronousMethodHandler.java:80) ~[feign-core-10.7.4.jar!/:na]
	at feign.ReflectiveFeign$FeignInvocationHandler.invoke(ReflectiveFeign.java:100) ~[feign-core-10.7.4.jar!/:na]
	at jdk.proxy2/jdk.proxy2.$Proxy106.registerServer(Unknown Source) ~[na:na]
	at com.petrel.chess.StartAfterInitialize.run(StartAfterInitialize.java:38) ~[classes!/:na]
	at org.springframework.boot.SpringApplication.callRunner(SpringApplication.java:775) ~[spring-boot-2.2.5.RELEASE.jar!/:2.2.5.RELEASE]
	... 11 common frames omitted
Caused by: com.netflix.client.ClientException: Load balancer does not have available server for client: petrel-kernel-register
	at com.netflix.loadbalancer.LoadBalancerContext.getServerFromLoadBalancer(LoadBalancerContext.java:483) ~[ribbon-loadbalancer-2.3.0.jar!/:2.3.0]
	at com.netflix.loadbalancer.reactive.LoadBalancerCommand$1.call(LoadBalancerCommand.java:184) ~[ribbon-loadbalancer-2.3.0.jar!/:2.3.0]
	at com.netflix.loadbalancer.reactive.LoadBalancerCommand$1.call(LoadBalancerCommand.java:180) ~[ribbon-loadbalancer-2.3.0.jar!/:2.3.0]
	at rx.Observable.unsafeSubscribe(Observable.java:10327) ~[rxjava-1.3.8.jar!/:1.3.8]
	at rx.internal.operators.OnSubscribeConcatMap.call(OnSubscribeConcatMap.java:94) ~[rxjava-1.3.8.jar!/:1.3.8]
	at rx.internal.operators.OnSubscribeConcatMap.call(OnSubscribeConcatMap.java:42) ~[rxjava-1.3.8.jar!/:1.3.8]
	at rx.Observable.unsafeSubscribe(Observable.java:10327) ~[rxjava-1.3.8.jar!/:1.3.8]
	at rx.internal.operators.OperatorRetryWithPredicate$SourceSubscriber$1.call(OperatorRetryWithPredicate.java:127) ~[rxjava-1.3.8.jar!/:1.3.8]
	at rx.internal.schedulers.TrampolineScheduler$InnerCurrentThreadScheduler.enqueue(TrampolineScheduler.java:73) ~[rxjava-1.3.8.jar!/:1.3.8]
	at rx.internal.schedulers.TrampolineScheduler$InnerCurrentThreadScheduler.schedule(TrampolineScheduler.java:52) ~[rxjava-1.3.8.jar!/:1.3.8]
	at rx.internal.operators.OperatorRetryWithPredicate$SourceSubscriber.onNext(OperatorRetryWithPredicate.java:79) ~[rxjava-1.3.8.jar!/:1.3.8]
	at rx.internal.operators.OperatorRetryWithPredicate$SourceSubscriber.onNext(OperatorRetryWithPredicate.java:45) ~[rxjava-1.3.8.jar!/:1.3.8]
	at rx.internal.util.ScalarSynchronousObservable$WeakSingleProducer.request(ScalarSynchronousObservable.java:276) ~[rxjava-1.3.8.jar!/:1.3.8]
	at rx.Subscriber.setProducer(Subscriber.java:209) ~[rxjava-1.3.8.jar!/:1.3.8]
	at rx.internal.util.ScalarSynchronousObservable$JustOnSubscribe.call(ScalarSynchronousObservable.java:138) ~[rxjava-1.3.8.jar!/:1.3.8]
	at rx.internal.util.ScalarSynchronousObservable$JustOnSubscribe.call(ScalarSynchronousObservable.java:129) ~[rxjava-1.3.8.jar!/:1.3.8]
	at rx.internal.operators.OnSubscribeLift.call(OnSubscribeLift.java:48) ~[rxjava-1.3.8.jar!/:1.3.8]
	at rx.internal.operators.OnSubscribeLift.call(OnSubscribeLift.java:30) ~[rxjava-1.3.8.jar!/:1.3.8]
	at rx.internal.operators.OnSubscribeLift.call(OnSubscribeLift.java:48) ~[rxjava-1.3.8.jar!/:1.3.8]
	at rx.internal.operators.OnSubscribeLift.call(OnSubscribeLift.java:30) ~[rxjava-1.3.8.jar!/:1.3.8]
	at rx.internal.operators.OnSubscribeLift.call(OnSubscribeLift.java:48) ~[rxjava-1.3.8.jar!/:1.3.8]
	at rx.internal.operators.OnSubscribeLift.call(OnSubscribeLift.java:30) ~[rxjava-1.3.8.jar!/:1.3.8]
	at rx.Observable.subscribe(Observable.java:10423) ~[rxjava-1.3.8.jar!/:1.3.8]
	at rx.Observable.subscribe(Observable.java:10390) ~[rxjava-1.3.8.jar!/:1.3.8]
	at rx.observables.BlockingObservable.blockForSingle(BlockingObservable.java:443) ~[rxjava-1.3.8.jar!/:1.3.8]
	at rx.observables.BlockingObservable.single(BlockingObservable.java:340) ~[rxjava-1.3.8.jar!/:1.3.8]
	at com.netflix.client.AbstractLoadBalancerAwareClient.executeWithLoadBalancer(AbstractLoadBalancerAwareClient.java:112) ~[ribbon-loadbalancer-2.3.0.jar!/:2.3.0]
	at org.springframework.cloud.openfeign.ribbon.LoadBalancerFeignClient.execute(LoadBalancerFeignClient.java:83) ~[spring-cloud-openfeign-core-2.2.2.RELEASE.jar!/:2.2.2.RELEASE]
	... 17 common frames omitted

Exception in thread "zebra-pool-17-thread-8" java.lang.IllegalStateException: org.springframework.context.annotation.AnnotationConfigApplicationContext@41fecb8b has been closed already
	at org.springframework.context.support.AbstractApplicationContext.assertBeanFactoryActive(AbstractApplicationContext.java:1092)
	at org.springframework.context.support.AbstractApplicationContext.getBean(AbstractApplicationContext.java:1125)
	at com.petrel.common.config.SpringContextBean.getBean(SpringContextBean.java:28)
	at com.petrel.chess.core.game.shbz.game.ShbzGameManager.init(ShbzGameManager.java:73)
	at java.base/java.util.concurrent.ThreadPoolExecutor.runWorker(ThreadPoolExecutor.java:1144)
	at java.base/java.util.concurrent.ThreadPoolExecutor$Worker.run(ThreadPoolExecutor.java:642)
	at java.base/java.lang.Thread.run(Thread.java:1583)
Exception in thread "zebra-pool-17-thread-10" java.lang.IllegalStateException: org.springframework.context.annotation.AnnotationConfigApplicationContext@41fecb8b has been closed already
	at org.springframework.context.support.AbstractApplicationContext.assertBeanFactoryActive(AbstractApplicationContext.java:1092)
	at org.springframework.context.support.AbstractApplicationContext.getBean(AbstractApplicationContext.java:1125)
	at com.petrel.common.config.SpringContextBean.getBean(SpringContextBean.java:28)
	at com.petrel.chess.core.game.shbz.game.ShbzGameManager.init(ShbzGameManager.java:73)
	at java.base/java.util.concurrent.ThreadPoolExecutor.runWorker(ThreadPoolExecutor.java:1144)
	at java.base/java.util.concurrent.ThreadPoolExecutor$Worker.run(ThreadPoolExecutor.java:642)
	at java.base/java.lang.Thread.run(Thread.java:1583)
