19:33:22.708 [main] INFO org.springframework.core.KotlinDetector - Kotlin reflection implementation not found at runtime, related features won't be available.
2025-11-09 19:33:24.358  WARN 46989 --- [kground-preinit] o.s.h.c.j.Jackson2ObjectMapperBuilder    : For Jackson Kotlin classes support please add "com.fasterxml.jackson.module:jackson-module-kotlin" to the classpath

  .   ____          _            __ _ _
 /\\ / ___'_ __ _ _(_)_ __  __ _ \ \ \ \
( ( )\___ | '_ | '_| | '_ \/ _` | \ \ \ \
 \\/  ___)| |_)| | | | | || (_| |  ) ) ) )
  '  |____| .__|_| |_|_| |_\__, | / / / /
 =========|_|==============|___/=/_/_/_/
 :: Spring Boot ::        (v2.2.5.RELEASE)

2025-11-09 19:33:24.930  INFO 46989 --- [           main] com.petrel.game.GameApplication          : The following profiles are active: prod
2025-11-09 19:33:26.314  WARN 46989 --- [           main] o.s.boot.actuate.endpoint.EndpointId     : Endpoint ID 'nacos-discovery' contains invalid characters, please migrate to a valid format.
2025-11-09 19:33:26.592  INFO 46989 --- [           main] .s.d.r.c.RepositoryConfigurationDelegate : Multiple Spring Data modules found, entering strict repository configuration mode!
2025-11-09 19:33:26.597  INFO 46989 --- [           main] .s.d.r.c.RepositoryConfigurationDelegate : Bootstrapping Spring Data Redis repositories in DEFAULT mode.
2025-11-09 19:33:26.630  INFO 46989 --- [           main] .s.d.r.c.RepositoryConfigurationDelegate : Finished Spring Data repository scanning in 13ms. Found 0 Redis repository interfaces.
2025-11-09 19:33:26.706  WARN 46989 --- [           main] o.s.boot.actuate.endpoint.EndpointId     : Endpoint ID 'service-registry' contains invalid characters, please migrate to a valid format.
2025-11-09 19:33:26.970  INFO 46989 --- [           main] o.s.cloud.context.scope.GenericScope     : BeanFactory id=803ac902-efef-3310-96c4-874a8e137fbf
2025-11-09 19:33:27.727  INFO 46989 --- [           main] trationDelegate$BeanPostProcessorChecker : Bean 'spring.datasource.dynamic-com.baomidou.dynamic.datasource.spring.boot.autoconfigure.DynamicDataSourceProperties' of type [com.baomidou.dynamic.datasource.spring.boot.autoconfigure.DynamicDataSourceProperties] is not eligible for getting processed by all BeanPostProcessors (for example: not eligible for auto-proxying)
2025-11-09 19:33:27.746  INFO 46989 --- [           main] trationDelegate$BeanPostProcessorChecker : Bean 'com.baomidou.dynamic.datasource.spring.boot.autoconfigure.DynamicDataSourceAutoConfiguration' of type [com.baomidou.dynamic.datasource.spring.boot.autoconfigure.DynamicDataSourceAutoConfiguration$$EnhancerBySpringCGLIB$$7dfe5769] is not eligible for getting processed by all BeanPostProcessors (for example: not eligible for auto-proxying)
2025-11-09 19:33:27.776  INFO 46989 --- [           main] trationDelegate$BeanPostProcessorChecker : Bean 'dsProcessor' of type [com.baomidou.dynamic.datasource.processor.DsHeaderProcessor] is not eligible for getting processed by all BeanPostProcessors (for example: not eligible for auto-proxying)
2025-11-09 19:33:28.506  INFO 46989 --- [           main] o.s.b.w.embedded.tomcat.TomcatWebServer  : Tomcat initialized with port(s): 8752 (http)
2025-11-09 19:33:28.646  INFO 46989 --- [           main] o.s.web.context.ContextLoader            : Root WebApplicationContext: initialization completed in 3651 ms
 _ _   |_  _ _|_. ___ _ |    _ 
| | |\/|_)(_| | |_\  |_)||_|_\ 
     /               |         
                        3.4.0 
2025-11-09 19:35:00.286  WARN 46989 --- [           main] o.s.c.n.a.ArchaiusAutoConfiguration      : No spring.application.name found, defaulting to 'application'
2025-11-09 19:35:00.960  INFO 46989 --- [           main] o.s.s.c.ThreadPoolTaskScheduler          : Initializing ExecutorService 'Nacso-Watch-Task-Scheduler'
2025-11-09 19:35:01.992  INFO 46989 --- [           main] o.s.b.a.e.web.EndpointLinksResolver      : Exposing 2 endpoint(s) beneath base path '/actuator'
2025-11-09 19:35:02.627  INFO 46989 --- [           main] o.s.b.w.embedded.tomcat.TomcatWebServer  : Tomcat started on port(s): 8752 (http) with context path ''
2025-11-09 19:35:02.633  INFO 46989 --- [           main] com.petrel.game.GameApplication          : Started GameApplication in 99.664 seconds (JVM running for 101.061)
