19:33:37.415 [main] INFO org.springframework.core.KotlinDetector - Kotlin reflection implementation not found at runtime, related features won't be available.

  .   ____          _            __ _ _
 /\\ / ___'_ __ _ _(_)_ __  __ _ \ \ \ \
( ( )\___ | '_ | '_| | '_ \/ _` | \ \ \ \
 \\/  ___)| |_)| | | | | || (_| |  ) ) ) )
  '  |____| .__|_| |_|_| |_\__, | / / / /
 =========|_|==============|___/=/_/_/_/
 :: Spring Boot ::        (v2.2.5.RELEASE)

2025-11-09 19:33:39.547  INFO 47205 --- [           main] com.petrel.lobby.LobbyApplication        : The following profiles are active: prod
2025-11-09 19:33:40.960  WARN 47205 --- [           main] o.s.boot.actuate.endpoint.EndpointId     : Endpoint ID 'nacos-discovery' contains invalid characters, please migrate to a valid format.
2025-11-09 19:33:41.239  INFO 47205 --- [           main] .s.d.r.c.RepositoryConfigurationDelegate : Multiple Spring Data modules found, entering strict repository configuration mode!
2025-11-09 19:33:41.248  INFO 47205 --- [           main] .s.d.r.c.RepositoryConfigurationDelegate : Bootstrapping Spring Data Redis repositories in DEFAULT mode.
2025-11-09 19:33:41.296  INFO 47205 --- [           main] .s.d.r.c.RepositoryConfigurationDelegate : Finished Spring Data repository scanning in 27ms. Found 0 Redis repository interfaces.
2025-11-09 19:33:41.340  WARN 47205 --- [           main] o.s.boot.actuate.endpoint.EndpointId     : Endpoint ID 'service-registry' contains invalid characters, please migrate to a valid format.
2025-11-09 19:33:41.548  INFO 47205 --- [           main] o.s.cloud.context.scope.GenericScope     : BeanFactory id=de85f6a1-592e-31da-a6ed-f5492fd7d879
2025-11-09 19:33:41.711  INFO 47205 --- [           main] trationDelegate$BeanPostProcessorChecker : Bean 'com.petrel.lobby.provide.CardFeignService' of type [org.springframework.cloud.openfeign.FeignClientFactoryBean] is not eligible for getting processed by all BeanPostProcessors (for example: not eligible for auto-proxying)
2025-11-09 19:33:41.717  INFO 47205 --- [           main] trationDelegate$BeanPostProcessorChecker : Bean 'com.petrel.lobby.provide.LoginRegisterFeignService' of type [org.springframework.cloud.openfeign.FeignClientFactoryBean] is not eligible for getting processed by all BeanPostProcessors (for example: not eligible for auto-proxying)
2025-11-09 19:33:41.722  INFO 47205 --- [           main] trationDelegate$BeanPostProcessorChecker : Bean 'com.petrel.lobby.provide.GoldBankFeignService' of type [org.springframework.cloud.openfeign.FeignClientFactoryBean] is not eligible for getting processed by all BeanPostProcessors (for example: not eligible for auto-proxying)
2025-11-09 19:33:41.724  INFO 47205 --- [           main] trationDelegate$BeanPostProcessorChecker : Bean 'com.petrel.lobby.provide.ServerRegisterFeignService' of type [org.springframework.cloud.openfeign.FeignClientFactoryBean] is not eligible for getting processed by all BeanPostProcessors (for example: not eligible for auto-proxying)
2025-11-09 19:33:41.727  INFO 47205 --- [           main] trationDelegate$BeanPostProcessorChecker : Bean 'com.petrel.lobby.provide.UserInfoFeignService' of type [org.springframework.cloud.openfeign.FeignClientFactoryBean] is not eligible for getting processed by all BeanPostProcessors (for example: not eligible for auto-proxying)
2025-11-09 19:33:41.730  INFO 47205 --- [           main] trationDelegate$BeanPostProcessorChecker : Bean 'com.petrel.lobby.provide.StrategyFeignService' of type [org.springframework.cloud.openfeign.FeignClientFactoryBean] is not eligible for getting processed by all BeanPostProcessors (for example: not eligible for auto-proxying)
2025-11-09 19:33:44.951  INFO 47205 --- [           main] o.s.s.c.ThreadPoolTaskScheduler          : Initializing ExecutorService 'Nacso-Watch-Task-Scheduler'
2025-11-09 19:33:46.780  INFO 47205 --- [           main] com.petrel.lobby.LobbyApplication        : Started LobbyApplication in 9.147 seconds (JVM running for 10.183)
2025-11-09 19:33:46.854  WARN 47205 --- [           main] com.zebra.net.servers.ZebraRpcServer     : [server side] bolt netty low water mark is 16384 bytes, high water mark is 32768 bytes
2025-11-09 19:33:46.868  WARN 47205 --- [           main] c.z.net.servers.AbstractRemotingServer   : Prepare to start server on port 9879 
2025-11-09 19:33:46.886  INFO 47205 --- [boss-2-thread-1] io.netty.handler.logging.LoggingHandler  : [id: 0x330f21d2] REGISTERED
2025-11-09 19:33:46.889  INFO 47205 --- [boss-2-thread-1] io.netty.handler.logging.LoggingHandler  : [id: 0x330f21d2] BIND: 0.0.0.0/0.0.0.0:9879
2025-11-09 19:33:46.891  INFO 47205 --- [boss-2-thread-1] io.netty.handler.logging.LoggingHandler  : [id: 0x330f21d2, L:/[0:0:0:0:0:0:0:0%0]:9879] ACTIVE
2025-11-09 19:33:47.149  INFO 47205 --- [           main] com.zebra.net.servers.ZebraRpcServer     : Rpc AbstractBootstrap$PendingRegistrationPromise@78e17a99(success) 1762716827149
2025-11-09 20:03:47.153  INFO 47205 --- [boss-2-thread-1] io.netty.handler.logging.LoggingHandler  : [id: 0x330f21d2, L:/[0:0:0:0:0:0:0:0%0]:9879] CLOSE
2025-11-09 20:03:47.154  WARN 47205 --- [           main] com.zebra.net.servers.ZebraRpcServer     : Rpc Server stopped!
2025-11-09 20:03:47.160  INFO 47205 --- [           main] c.z.net.servers.AbstractRemotingServer   : Server started on port 9879
2025-11-09 20:03:47.165  INFO 47205 --- [boss-2-thread-1] io.netty.handler.logging.LoggingHandler  : [id: 0x330f21d2, L:/[0:0:0:0:0:0:0:0%0]:9879] INACTIVE
2025-11-09 20:03:47.165  INFO 47205 --- [boss-2-thread-1] io.netty.handler.logging.LoggingHandler  : [id: 0x330f21d2, L:/[0:0:0:0:0:0:0:0%0]:9879] UNREGISTERED
2025-11-09 20:03:47.170  INFO 47205 --- [           main] c.z.c.concurrent.ZebraExecutorManager    : Initialize executorGroup size 64
2025-11-09 20:03:47.264  INFO 47205 --- [           main] c.petrel.lobby.net.StartAfterInitialize  : StartAfter send register msg ServerRegistryRequest(serverId=lobby:10.0.0.1:9879, appName=petrel-game-lobby, inIp=10.0.0.1, port=9879, vfx=LOBBY, gameType=0, outIp=202.189.7.196, weight=50)
2025-11-09 20:03:48.288  INFO 47205 --- [           main] ConditionEvaluationReportLoggingListener : 

Error starting ApplicationContext. To display the conditions report re-run your application with 'debug' enabled.
2025-11-09 20:03:48.303  INFO 47205 --- [           main] o.s.s.c.ThreadPoolTaskScheduler          : Shutting down ExecutorService 'Nacso-Watch-Task-Scheduler'
2025-11-09 20:03:48.489 ERROR 47205 --- [           main] o.s.boot.SpringApplication               : Application run failed

java.lang.IllegalStateException: Failed to execute ApplicationRunner
	at org.springframework.boot.SpringApplication.callRunner(SpringApplication.java:778) ~[spring-boot-2.2.5.RELEASE.jar!/:2.2.5.RELEASE]
	at org.springframework.boot.SpringApplication.callRunners(SpringApplication.java:765) ~[spring-boot-2.2.5.RELEASE.jar!/:2.2.5.RELEASE]
	at org.springframework.boot.SpringApplication.run(SpringApplication.java:322) ~[spring-boot-2.2.5.RELEASE.jar!/:2.2.5.RELEASE]
	at org.springframework.boot.SpringApplication.run(SpringApplication.java:1226) ~[spring-boot-2.2.5.RELEASE.jar!/:2.2.5.RELEASE]
	at org.springframework.boot.SpringApplication.run(SpringApplication.java:1215) ~[spring-boot-2.2.5.RELEASE.jar!/:2.2.5.RELEASE]
	at com.petrel.lobby.LobbyApplication.main(LobbyApplication.java:21) ~[classes!/:na]
	at java.base/jdk.internal.reflect.DirectMethodHandleAccessor.invoke(DirectMethodHandleAccessor.java:103) ~[na:na]
	at java.base/java.lang.reflect.Method.invoke(Method.java:580) ~[na:na]
	at org.springframework.boot.loader.MainMethodRunner.run(MainMethodRunner.java:48) ~[petrel-game-lobby-1.0-SNAPSHOT-boot.jar:na]
	at org.springframework.boot.loader.Launcher.launch(Launcher.java:87) ~[petrel-game-lobby-1.0-SNAPSHOT-boot.jar:na]
	at org.springframework.boot.loader.Launcher.launch(Launcher.java:51) ~[petrel-game-lobby-1.0-SNAPSHOT-boot.jar:na]
	at org.springframework.boot.loader.PropertiesLauncher.main(PropertiesLauncher.java:597) ~[petrel-game-lobby-1.0-SNAPSHOT-boot.jar:na]
Caused by: java.lang.RuntimeException: com.netflix.client.ClientException: Load balancer does not have available server for client: petrel-kernel-register
	at org.springframework.cloud.openfeign.ribbon.LoadBalancerFeignClient.execute(LoadBalancerFeignClient.java:90) ~[spring-cloud-openfeign-core-2.2.2.RELEASE.jar!/:2.2.2.RELEASE]
	at feign.SynchronousMethodHandler.executeAndDecode(SynchronousMethodHandler.java:110) ~[feign-core-10.7.4.jar!/:na]
	at feign.SynchronousMethodHandler.invoke(SynchronousMethodHandler.java:80) ~[feign-core-10.7.4.jar!/:na]
	at feign.ReflectiveFeign$FeignInvocationHandler.invoke(ReflectiveFeign.java:100) ~[feign-core-10.7.4.jar!/:na]
	at jdk.proxy2/jdk.proxy2.$Proxy110.registerServer(Unknown Source) ~[na:na]
	at com.petrel.lobby.net.StartAfterInitialize.run(StartAfterInitialize.java:47) ~[petrel-game-lobby-core-1.0-SNAPSHOT.jar!/:na]
	at org.springframework.boot.SpringApplication.callRunner(SpringApplication.java:775) ~[spring-boot-2.2.5.RELEASE.jar!/:2.2.5.RELEASE]
	... 11 common frames omitted
Caused by: com.netflix.client.ClientException: Load balancer does not have available server for client: petrel-kernel-register
	at com.netflix.loadbalancer.LoadBalancerContext.getServerFromLoadBalancer(LoadBalancerContext.java:483) ~[ribbon-loadbalancer-2.3.0.jar!/:2.3.0]
	at com.netflix.loadbalancer.reactive.LoadBalancerCommand$1.call(LoadBalancerCommand.java:184) ~[ribbon-loadbalancer-2.3.0.jar!/:2.3.0]
	at com.netflix.loadbalancer.reactive.LoadBalancerCommand$1.call(LoadBalancerCommand.java:180) ~[ribbon-loadbalancer-2.3.0.jar!/:2.3.0]
	at rx.Observable.unsafeSubscribe(Observable.java:10327) ~[rxjava-1.3.8.jar!/:1.3.8]
	at rx.internal.operators.OnSubscribeConcatMap.call(OnSubscribeConcatMap.java:94) ~[rxjava-1.3.8.jar!/:1.3.8]
	at rx.internal.operators.OnSubscribeConcatMap.call(OnSubscribeConcatMap.java:42) ~[rxjava-1.3.8.jar!/:1.3.8]
	at rx.Observable.unsafeSubscribe(Observable.java:10327) ~[rxjava-1.3.8.jar!/:1.3.8]
	at rx.internal.operators.OperatorRetryWithPredicate$SourceSubscriber$1.call(OperatorRetryWithPredicate.java:127) ~[rxjava-1.3.8.jar!/:1.3.8]
	at rx.internal.schedulers.TrampolineScheduler$InnerCurrentThreadScheduler.enqueue(TrampolineScheduler.java:73) ~[rxjava-1.3.8.jar!/:1.3.8]
	at rx.internal.schedulers.TrampolineScheduler$InnerCurrentThreadScheduler.schedule(TrampolineScheduler.java:52) ~[rxjava-1.3.8.jar!/:1.3.8]
	at rx.internal.operators.OperatorRetryWithPredicate$SourceSubscriber.onNext(OperatorRetryWithPredicate.java:79) ~[rxjava-1.3.8.jar!/:1.3.8]
	at rx.internal.operators.OperatorRetryWithPredicate$SourceSubscriber.onNext(OperatorRetryWithPredicate.java:45) ~[rxjava-1.3.8.jar!/:1.3.8]
	at rx.internal.util.ScalarSynchronousObservable$WeakSingleProducer.request(ScalarSynchronousObservable.java:276) ~[rxjava-1.3.8.jar!/:1.3.8]
	at rx.Subscriber.setProducer(Subscriber.java:209) ~[rxjava-1.3.8.jar!/:1.3.8]
	at rx.internal.util.ScalarSynchronousObservable$JustOnSubscribe.call(ScalarSynchronousObservable.java:138) ~[rxjava-1.3.8.jar!/:1.3.8]
	at rx.internal.util.ScalarSynchronousObservable$JustOnSubscribe.call(ScalarSynchronousObservable.java:129) ~[rxjava-1.3.8.jar!/:1.3.8]
	at rx.internal.operators.OnSubscribeLift.call(OnSubscribeLift.java:48) ~[rxjava-1.3.8.jar!/:1.3.8]
	at rx.internal.operators.OnSubscribeLift.call(OnSubscribeLift.java:30) ~[rxjava-1.3.8.jar!/:1.3.8]
	at rx.internal.operators.OnSubscribeLift.call(OnSubscribeLift.java:48) ~[rxjava-1.3.8.jar!/:1.3.8]
	at rx.internal.operators.OnSubscribeLift.call(OnSubscribeLift.java:30) ~[rxjava-1.3.8.jar!/:1.3.8]
	at rx.internal.operators.OnSubscribeLift.call(OnSubscribeLift.java:48) ~[rxjava-1.3.8.jar!/:1.3.8]
	at rx.internal.operators.OnSubscribeLift.call(OnSubscribeLift.java:30) ~[rxjava-1.3.8.jar!/:1.3.8]
	at rx.Observable.subscribe(Observable.java:10423) ~[rxjava-1.3.8.jar!/:1.3.8]
	at rx.Observable.subscribe(Observable.java:10390) ~[rxjava-1.3.8.jar!/:1.3.8]
	at rx.observables.BlockingObservable.blockForSingle(BlockingObservable.java:443) ~[rxjava-1.3.8.jar!/:1.3.8]
	at rx.observables.BlockingObservable.single(BlockingObservable.java:340) ~[rxjava-1.3.8.jar!/:1.3.8]
	at com.netflix.client.AbstractLoadBalancerAwareClient.executeWithLoadBalancer(AbstractLoadBalancerAwareClient.java:112) ~[ribbon-loadbalancer-2.3.0.jar!/:2.3.0]
	at org.springframework.cloud.openfeign.ribbon.LoadBalancerFeignClient.execute(LoadBalancerFeignClient.java:83) ~[spring-cloud-openfeign-core-2.2.2.RELEASE.jar!/:2.2.2.RELEASE]
	... 17 common frames omitted

2025-11-09 20:03:48.514 ERROR 47205 --- [           main] com.petrel.lobby.LobbyApplication        : start error:

java.lang.IllegalStateException: Failed to execute ApplicationRunner
	at org.springframework.boot.SpringApplication.callRunner(SpringApplication.java:778) ~[spring-boot-2.2.5.RELEASE.jar!/:2.2.5.RELEASE]
	at org.springframework.boot.SpringApplication.callRunners(SpringApplication.java:765) ~[spring-boot-2.2.5.RELEASE.jar!/:2.2.5.RELEASE]
	at org.springframework.boot.SpringApplication.run(SpringApplication.java:322) ~[spring-boot-2.2.5.RELEASE.jar!/:2.2.5.RELEASE]
	at org.springframework.boot.SpringApplication.run(SpringApplication.java:1226) ~[spring-boot-2.2.5.RELEASE.jar!/:2.2.5.RELEASE]
	at org.springframework.boot.SpringApplication.run(SpringApplication.java:1215) ~[spring-boot-2.2.5.RELEASE.jar!/:2.2.5.RELEASE]
	at com.petrel.lobby.LobbyApplication.main(LobbyApplication.java:21) ~[classes!/:na]
	at java.base/jdk.internal.reflect.DirectMethodHandleAccessor.invoke(DirectMethodHandleAccessor.java:103) ~[na:na]
	at java.base/java.lang.reflect.Method.invoke(Method.java:580) ~[na:na]
	at org.springframework.boot.loader.MainMethodRunner.run(MainMethodRunner.java:48) ~[petrel-game-lobby-1.0-SNAPSHOT-boot.jar:na]
	at org.springframework.boot.loader.Launcher.launch(Launcher.java:87) ~[petrel-game-lobby-1.0-SNAPSHOT-boot.jar:na]
	at org.springframework.boot.loader.Launcher.launch(Launcher.java:51) ~[petrel-game-lobby-1.0-SNAPSHOT-boot.jar:na]
	at org.springframework.boot.loader.PropertiesLauncher.main(PropertiesLauncher.java:597) ~[petrel-game-lobby-1.0-SNAPSHOT-boot.jar:na]
Caused by: java.lang.RuntimeException: com.netflix.client.ClientException: Load balancer does not have available server for client: petrel-kernel-register
	at org.springframework.cloud.openfeign.ribbon.LoadBalancerFeignClient.execute(LoadBalancerFeignClient.java:90) ~[spring-cloud-openfeign-core-2.2.2.RELEASE.jar!/:2.2.2.RELEASE]
	at feign.SynchronousMethodHandler.executeAndDecode(SynchronousMethodHandler.java:110) ~[feign-core-10.7.4.jar!/:na]
	at feign.SynchronousMethodHandler.invoke(SynchronousMethodHandler.java:80) ~[feign-core-10.7.4.jar!/:na]
	at feign.ReflectiveFeign$FeignInvocationHandler.invoke(ReflectiveFeign.java:100) ~[feign-core-10.7.4.jar!/:na]
	at jdk.proxy2/jdk.proxy2.$Proxy110.registerServer(Unknown Source) ~[na:na]
	at com.petrel.lobby.net.StartAfterInitialize.run(StartAfterInitialize.java:47) ~[petrel-game-lobby-core-1.0-SNAPSHOT.jar!/:na]
	at org.springframework.boot.SpringApplication.callRunner(SpringApplication.java:775) ~[spring-boot-2.2.5.RELEASE.jar!/:2.2.5.RELEASE]
	... 11 common frames omitted
Caused by: com.netflix.client.ClientException: Load balancer does not have available server for client: petrel-kernel-register
	at com.netflix.loadbalancer.LoadBalancerContext.getServerFromLoadBalancer(LoadBalancerContext.java:483) ~[ribbon-loadbalancer-2.3.0.jar!/:2.3.0]
	at com.netflix.loadbalancer.reactive.LoadBalancerCommand$1.call(LoadBalancerCommand.java:184) ~[ribbon-loadbalancer-2.3.0.jar!/:2.3.0]
	at com.netflix.loadbalancer.reactive.LoadBalancerCommand$1.call(LoadBalancerCommand.java:180) ~[ribbon-loadbalancer-2.3.0.jar!/:2.3.0]
	at rx.Observable.unsafeSubscribe(Observable.java:10327) ~[rxjava-1.3.8.jar!/:1.3.8]
	at rx.internal.operators.OnSubscribeConcatMap.call(OnSubscribeConcatMap.java:94) ~[rxjava-1.3.8.jar!/:1.3.8]
	at rx.internal.operators.OnSubscribeConcatMap.call(OnSubscribeConcatMap.java:42) ~[rxjava-1.3.8.jar!/:1.3.8]
	at rx.Observable.unsafeSubscribe(Observable.java:10327) ~[rxjava-1.3.8.jar!/:1.3.8]
	at rx.internal.operators.OperatorRetryWithPredicate$SourceSubscriber$1.call(OperatorRetryWithPredicate.java:127) ~[rxjava-1.3.8.jar!/:1.3.8]
	at rx.internal.schedulers.TrampolineScheduler$InnerCurrentThreadScheduler.enqueue(TrampolineScheduler.java:73) ~[rxjava-1.3.8.jar!/:1.3.8]
	at rx.internal.schedulers.TrampolineScheduler$InnerCurrentThreadScheduler.schedule(TrampolineScheduler.java:52) ~[rxjava-1.3.8.jar!/:1.3.8]
	at rx.internal.operators.OperatorRetryWithPredicate$SourceSubscriber.onNext(OperatorRetryWithPredicate.java:79) ~[rxjava-1.3.8.jar!/:1.3.8]
	at rx.internal.operators.OperatorRetryWithPredicate$SourceSubscriber.onNext(OperatorRetryWithPredicate.java:45) ~[rxjava-1.3.8.jar!/:1.3.8]
	at rx.internal.util.ScalarSynchronousObservable$WeakSingleProducer.request(ScalarSynchronousObservable.java:276) ~[rxjava-1.3.8.jar!/:1.3.8]
	at rx.Subscriber.setProducer(Subscriber.java:209) ~[rxjava-1.3.8.jar!/:1.3.8]
	at rx.internal.util.ScalarSynchronousObservable$JustOnSubscribe.call(ScalarSynchronousObservable.java:138) ~[rxjava-1.3.8.jar!/:1.3.8]
	at rx.internal.util.ScalarSynchronousObservable$JustOnSubscribe.call(ScalarSynchronousObservable.java:129) ~[rxjava-1.3.8.jar!/:1.3.8]
	at rx.internal.operators.OnSubscribeLift.call(OnSubscribeLift.java:48) ~[rxjava-1.3.8.jar!/:1.3.8]
	at rx.internal.operators.OnSubscribeLift.call(OnSubscribeLift.java:30) ~[rxjava-1.3.8.jar!/:1.3.8]
	at rx.internal.operators.OnSubscribeLift.call(OnSubscribeLift.java:48) ~[rxjava-1.3.8.jar!/:1.3.8]
	at rx.internal.operators.OnSubscribeLift.call(OnSubscribeLift.java:30) ~[rxjava-1.3.8.jar!/:1.3.8]
	at rx.internal.operators.OnSubscribeLift.call(OnSubscribeLift.java:48) ~[rxjava-1.3.8.jar!/:1.3.8]
	at rx.internal.operators.OnSubscribeLift.call(OnSubscribeLift.java:30) ~[rxjava-1.3.8.jar!/:1.3.8]
	at rx.Observable.subscribe(Observable.java:10423) ~[rxjava-1.3.8.jar!/:1.3.8]
	at rx.Observable.subscribe(Observable.java:10390) ~[rxjava-1.3.8.jar!/:1.3.8]
	at rx.observables.BlockingObservable.blockForSingle(BlockingObservable.java:443) ~[rxjava-1.3.8.jar!/:1.3.8]
	at rx.observables.BlockingObservable.single(BlockingObservable.java:340) ~[rxjava-1.3.8.jar!/:1.3.8]
	at com.netflix.client.AbstractLoadBalancerAwareClient.executeWithLoadBalancer(AbstractLoadBalancerAwareClient.java:112) ~[ribbon-loadbalancer-2.3.0.jar!/:2.3.0]
	at org.springframework.cloud.openfeign.ribbon.LoadBalancerFeignClient.execute(LoadBalancerFeignClient.java:83) ~[spring-cloud-openfeign-core-2.2.2.RELEASE.jar!/:2.2.2.RELEASE]
	... 17 common frames omitted

