19:32:21.905 [main] INFO org.springframework.core.KotlinDetector - Kotlin reflection implementation not found at runtime, related features won't be available.
2025-11-09 19:32:23.306  WARN 46241 --- [kground-preinit] o.s.h.c.j.Jackson2ObjectMapperBuilder    : For Jackson Kotlin classes support please add "com.fasterxml.jackson.module:jackson-module-kotlin" to the classpath

  .   ____          _            __ _ _
 /\\ / ___'_ __ _ _(_)_ __  __ _ \ \ \ \
( ( )\___ | '_ | '_| | '_ \/ _` | \ \ \ \
 \\/  ___)| |_)| | | | | || (_| |  ) ) ) )
  '  |____| .__|_| |_|_| |_\__, | / / / /
 =========|_|==============|___/=/_/_/_/
 :: Spring Boot ::        (v2.2.5.RELEASE)

2025-11-09 19:32:23.835  INFO 46241 --- [           main] com.petrel.register.RegisterApplication  : The following profiles are active: prod
2025-11-09 19:32:24.939  WARN 46241 --- [           main] o.s.boot.actuate.endpoint.EndpointId     : Endpoint ID 'nacos-discovery' contains invalid characters, please migrate to a valid format.
2025-11-09 19:32:25.201  INFO 46241 --- [           main] .s.d.r.c.RepositoryConfigurationDelegate : Multiple Spring Data modules found, entering strict repository configuration mode!
2025-11-09 19:32:25.205  INFO 46241 --- [           main] .s.d.r.c.RepositoryConfigurationDelegate : Bootstrapping Spring Data Redis repositories in DEFAULT mode.
2025-11-09 19:32:25.238  INFO 46241 --- [           main] .s.d.r.c.RepositoryConfigurationDelegate : Finished Spring Data repository scanning in 13ms. Found 0 Redis repository interfaces.
2025-11-09 19:32:25.308  WARN 46241 --- [           main] o.s.boot.actuate.endpoint.EndpointId     : Endpoint ID 'service-registry' contains invalid characters, please migrate to a valid format.
2025-11-09 19:32:25.584  INFO 46241 --- [           main] o.s.cloud.context.scope.GenericScope     : BeanFactory id=441f032e-5849-35c7-a938-61bd75f12b40
2025-11-09 19:32:26.197  INFO 46241 --- [           main] trationDelegate$BeanPostProcessorChecker : Bean 'spring.datasource.dynamic-com.baomidou.dynamic.datasource.spring.boot.autoconfigure.DynamicDataSourceProperties' of type [com.baomidou.dynamic.datasource.spring.boot.autoconfigure.DynamicDataSourceProperties] is not eligible for getting processed by all BeanPostProcessors (for example: not eligible for auto-proxying)
2025-11-09 19:32:26.207  INFO 46241 --- [           main] trationDelegate$BeanPostProcessorChecker : Bean 'com.baomidou.dynamic.datasource.spring.boot.autoconfigure.DynamicDataSourceAutoConfiguration' of type [com.baomidou.dynamic.datasource.spring.boot.autoconfigure.DynamicDataSourceAutoConfiguration$$EnhancerBySpringCGLIB$$72a794df] is not eligible for getting processed by all BeanPostProcessors (for example: not eligible for auto-proxying)
2025-11-09 19:32:26.227  INFO 46241 --- [           main] trationDelegate$BeanPostProcessorChecker : Bean 'dsProcessor' of type [com.baomidou.dynamic.datasource.processor.DsHeaderProcessor] is not eligible for getting processed by all BeanPostProcessors (for example: not eligible for auto-proxying)
2025-11-09 19:32:26.858  INFO 46241 --- [           main] o.s.b.w.embedded.tomcat.TomcatWebServer  : Tomcat initialized with port(s): 7180 (http)
2025-11-09 19:32:26.949  INFO 46241 --- [           main] o.s.web.context.ContextLoader            : Root WebApplicationContext: initialization completed in 3062 ms
 _ _   |_  _ _|_. ___ _ |    _ 
| | |\/|_)(_| | |_\  |_)||_|_\ 
     /               |         
                        3.4.0 
2025-11-09 19:32:53.191  WARN 46241 --- [           main] o.s.c.n.a.ArchaiusAutoConfiguration      : No spring.application.name found, defaulting to 'application'
2025-11-09 19:32:53.983  INFO 46241 --- [           main] o.s.s.c.ThreadPoolTaskScheduler          : Initializing ExecutorService 'Nacso-Watch-Task-Scheduler'
2025-11-09 19:32:55.024  INFO 46241 --- [           main] o.s.b.a.e.web.EndpointLinksResolver      : Exposing 2 endpoint(s) beneath base path '/actuator'
2025-11-09 19:32:55.767  INFO 46241 --- [           main] o.s.b.w.embedded.tomcat.TomcatWebServer  : Tomcat started on port(s): 7180 (http) with context path ''
2025-11-09 19:32:55.773  INFO 46241 --- [           main] com.petrel.register.RegisterApplication  : Started RegisterApplication in 33.725 seconds (JVM running for 35.571)
2025-11-09 19:32:56.284 DEBUG 46241 --- [           main] c.p.c.dc.mapper.GameMapper.selectList    : ==>  Preparing: SELECT id,name,state,game_url,game_port,game_vfx,sequence_num,room_show,game_type FROM c_game WHERE (state = ?)
2025-11-09 19:32:56.322 DEBUG 46241 --- [           main] c.p.c.dc.mapper.GameMapper.selectList    : ==> Parameters: 1(Integer)
2025-11-09 19:32:56.442 DEBUG 46241 --- [           main] c.p.c.dc.mapper.GameMapper.selectList    : <==      Total: 18
2025-11-09 19:32:56.449 DEBUG 46241 --- [           main] c.p.c.dc.mapper.RoomMapper.selectList    : ==>  Preparing: SELECT id,game_id,room_type,name,min_gold_number,bet_arrs,rebate_rate,rebate_type,state,jackpot_tax,jackpot_type,jackpot_real_config,jackpot_fake_config,strat_blood_tax,strat_blood_multiple,strat_blood_balance,strat_plan_prob,strat_balance_end,strat_small_wave_fold,strat_small_wave_end,strat_small_wave_kill,strat_small_wave_free,strat_small_cheat,strat_big_wave_fold,strat_big_wave_end,strat_big_wave_kill,strat_big_wave_free,strat_big_cheat FROM c_room WHERE (game_id = ? AND state = ?)
2025-11-09 19:32:56.452 DEBUG 46241 --- [           main] c.p.c.dc.mapper.RoomMapper.selectList    : ==> Parameters: 2(Integer), 1(Integer)
2025-11-09 19:32:56.553 DEBUG 46241 --- [           main] c.p.c.dc.mapper.RoomMapper.selectList    : <==      Total: 4
2025-11-09 19:32:56.630 DEBUG 46241 --- [           main] c.p.c.d.m.RoomProfileMapper.updateById   : ==>  Preparing: UPDATE g_room_profile SET room_type=?, play_total=?, bet_total=?, payment_total=?, jackpot_value=?, temp_bet_total=?, blood_value=?, plan_type=?, last_wave_type=?, small_count=?, big_count=?, wave_cheat_rate=? WHERE room_id=?
2025-11-09 19:32:56.636 DEBUG 46241 --- [           main] c.p.c.d.m.RoomProfileMapper.updateById   : ==> Parameters: 1(Integer), 7153(Long), 32504000(Long), 32190600(Long), 0(Long), 0(Long), -11650(Long), 1(Integer), 2(Integer), 0(Integer), 0(Integer), 3188(Long), 5(Integer)
2025-11-09 19:32:56.812 DEBUG 46241 --- [           main] c.p.c.d.m.RoomProfileMapper.updateById   : <==    Updates: 0
2025-11-09 19:32:56.814 DEBUG 46241 --- [           main] c.p.c.d.m.RoomProfileMapper.updateById   : ==>  Preparing: UPDATE g_room_profile SET room_type=?, play_total=?, bet_total=?, payment_total=?, jackpot_value=?, temp_bet_total=?, blood_value=?, plan_type=?, last_wave_type=?, small_count=?, big_count=?, wave_cheat_rate=? WHERE room_id=?
2025-11-09 19:32:56.814 DEBUG 46241 --- [           main] c.p.c.d.m.RoomProfileMapper.updateById   : ==> Parameters: 2(Integer), 2753(Long), 106290000(Long), 102546000(Long), 0(Long), 7350000(Long), 2147950(Long), 1(Integer), 2(Integer), 0(Integer), 0(Integer), 3307(Long), 6(Integer)
2025-11-09 19:32:56.990 DEBUG 46241 --- [           main] c.p.c.d.m.RoomProfileMapper.updateById   : <==    Updates: 0
2025-11-09 19:32:56.992 DEBUG 46241 --- [           main] c.p.c.d.m.RoomProfileMapper.updateById   : ==>  Preparing: UPDATE g_room_profile SET room_type=?, play_total=?, bet_total=?, payment_total=?, jackpot_value=?, temp_bet_total=?, blood_value=?, plan_type=?, last_wave_type=?, small_count=?, big_count=?, wave_cheat_rate=? WHERE room_id=?
2025-11-09 19:32:56.993 DEBUG 46241 --- [           main] c.p.c.d.m.RoomProfileMapper.updateById   : ==> Parameters: 3(Integer), 129(Long), 42000000(Long), 33180000(Long), 0(Long), 38800000(Long), 7959000(Long), 3(Integer), 1(Integer), 0(Integer), 1(Integer), 3200(Long), 7(Integer)
2025-11-09 19:32:57.168 DEBUG 46241 --- [           main] c.p.c.d.m.RoomProfileMapper.updateById   : <==    Updates: 0
2025-11-09 19:32:57.170 DEBUG 46241 --- [           main] c.p.c.d.m.RoomProfileMapper.updateById   : ==>  Preparing: UPDATE g_room_profile SET room_type=?, play_total=?, bet_total=?, payment_total=?, jackpot_value=?, temp_bet_total=?, blood_value=?, plan_type=?, last_wave_type=?, small_count=?, big_count=?, wave_cheat_rate=? WHERE room_id=?
2025-11-09 19:32:57.171 DEBUG 46241 --- [           main] c.p.c.d.m.RoomProfileMapper.updateById   : ==> Parameters: 4(Integer), 41(Long), 64600000(Long), 20020000(Long), 0(Long), 57600000(Long), 43288000(Long), 3(Integer), 1(Integer), 0(Integer), 1(Integer), 3102(Long), 8(Integer)
2025-11-09 19:32:57.346 DEBUG 46241 --- [           main] c.p.c.d.m.RoomProfileMapper.updateById   : <==    Updates: 0
2025-11-09 19:32:57.397 DEBUG 46241 --- [           main] c.p.c.dc.mapper.RoomMapper.selectList    : ==>  Preparing: SELECT id,game_id,room_type,name,min_gold_number,bet_arrs,rebate_rate,rebate_type,state,jackpot_tax,jackpot_type,jackpot_real_config,jackpot_fake_config,strat_blood_tax,strat_blood_multiple,strat_blood_balance,strat_plan_prob,strat_balance_end,strat_small_wave_fold,strat_small_wave_end,strat_small_wave_kill,strat_small_wave_free,strat_small_cheat,strat_big_wave_fold,strat_big_wave_end,strat_big_wave_kill,strat_big_wave_free,strat_big_cheat FROM c_room WHERE (game_id = ? AND state = ?)
2025-11-09 19:32:57.398 DEBUG 46241 --- [           main] c.p.c.dc.mapper.RoomMapper.selectList    : ==> Parameters: 3(Integer), 1(Integer)
2025-11-09 19:32:57.491 DEBUG 46241 --- [           main] c.p.c.dc.mapper.RoomMapper.selectList    : <==      Total: 4
2025-11-09 19:32:57.493 DEBUG 46241 --- [           main] c.p.c.d.m.RoomProfileMapper.updateById   : ==>  Preparing: UPDATE g_room_profile SET room_type=?, play_total=?, bet_total=?, payment_total=?, jackpot_value=?, temp_bet_total=?, blood_value=?, plan_type=?, last_wave_type=?, small_count=?, big_count=?, wave_cheat_rate=? WHERE room_id=?
2025-11-09 19:32:57.494 DEBUG 46241 --- [           main] c.p.c.d.m.RoomProfileMapper.updateById   : ==> Parameters: 1(Integer), 5989(Long), 26365500(Long), 26003500(Long), 0(Long), 406800(Long), 88559(Long), 1(Integer), 2(Integer), 0(Integer), 0(Integer), 3380(Long), 9(Integer)
2025-11-09 19:32:57.670 DEBUG 46241 --- [           main] c.p.c.d.m.RoomProfileMapper.updateById   : <==    Updates: 0
2025-11-09 19:32:57.672 DEBUG 46241 --- [           main] c.p.c.d.m.RoomProfileMapper.updateById   : ==>  Preparing: UPDATE g_room_profile SET room_type=?, play_total=?, bet_total=?, payment_total=?, jackpot_value=?, temp_bet_total=?, blood_value=?, plan_type=?, last_wave_type=?, small_count=?, big_count=?, wave_cheat_rate=? WHERE room_id=?
2025-11-09 19:32:57.674 DEBUG 46241 --- [           main] c.p.c.d.m.RoomProfileMapper.updateById   : ==> Parameters: 2(Integer), 15603(Long), 476937000(Long), 466466000(Long), 0(Long), 9036000(Long), 2659495(Long), 1(Integer), 2(Integer), 0(Integer), 0(Integer), 3077(Long), 10(Integer)
2025-11-09 19:32:57.849 DEBUG 46241 --- [           main] c.p.c.d.m.RoomProfileMapper.updateById   : <==    Updates: 0
2025-11-09 19:32:57.851 DEBUG 46241 --- [           main] c.p.c.d.m.RoomProfileMapper.updateById   : ==>  Preparing: UPDATE g_room_profile SET room_type=?, play_total=?, bet_total=?, payment_total=?, jackpot_value=?, temp_bet_total=?, blood_value=?, plan_type=?, last_wave_type=?, small_count=?, big_count=?, wave_cheat_rate=? WHERE room_id=?
2025-11-09 19:32:57.852 DEBUG 46241 --- [           main] c.p.c.d.m.RoomProfileMapper.updateById   : ==> Parameters: 3(Integer), 5114(Long), 204300000(Long), 195990000(Long), 0(Long), 204300000(Long), 4224000(Long), 2(Integer), 1(Integer), 5(Integer), 0(Integer), 2897(Long), 11(Integer)
2025-11-09 19:32:58.027 DEBUG 46241 --- [           main] c.p.c.d.m.RoomProfileMapper.updateById   : <==    Updates: 0
2025-11-09 19:32:58.030 DEBUG 46241 --- [           main] c.p.c.d.m.RoomProfileMapper.updateById   : ==>  Preparing: UPDATE g_room_profile SET room_type=?, play_total=?, bet_total=?, payment_total=?, jackpot_value=?, temp_bet_total=?, blood_value=?, plan_type=?, last_wave_type=?, small_count=?, big_count=?, wave_cheat_rate=? WHERE room_id=?
2025-11-09 19:32:58.031 DEBUG 46241 --- [           main] c.p.c.d.m.RoomProfileMapper.updateById   : ==> Parameters: 4(Integer), 1342(Long), 2212200000(Long), 1327000000(Long), 0(Long), 2201400000(Long), 824729000(Long), 3(Integer), 2(Integer), 0(Integer), 2(Integer), 3157(Long), 91(Integer)
2025-11-09 19:32:58.206 DEBUG 46241 --- [           main] c.p.c.d.m.RoomProfileMapper.updateById   : <==    Updates: 0
2025-11-09 19:32:58.237 DEBUG 46241 --- [           main] c.p.c.dc.mapper.RoomMapper.selectList    : ==>  Preparing: SELECT id,game_id,room_type,name,min_gold_number,bet_arrs,rebate_rate,rebate_type,state,jackpot_tax,jackpot_type,jackpot_real_config,jackpot_fake_config,strat_blood_tax,strat_blood_multiple,strat_blood_balance,strat_plan_prob,strat_balance_end,strat_small_wave_fold,strat_small_wave_end,strat_small_wave_kill,strat_small_wave_free,strat_small_cheat,strat_big_wave_fold,strat_big_wave_end,strat_big_wave_kill,strat_big_wave_free,strat_big_cheat FROM c_room WHERE (game_id = ? AND state = ?)
2025-11-09 19:32:58.237 DEBUG 46241 --- [           main] c.p.c.dc.mapper.RoomMapper.selectList    : ==> Parameters: 5(Integer), 1(Integer)
2025-11-09 19:32:58.328 DEBUG 46241 --- [           main] c.p.c.dc.mapper.RoomMapper.selectList    : <==      Total: 4
2025-11-09 19:32:58.331 DEBUG 46241 --- [           main] c.p.c.d.m.RoomProfileMapper.updateById   : ==>  Preparing: UPDATE g_room_profile SET room_type=?, play_total=?, bet_total=?, payment_total=?, jackpot_value=?, temp_bet_total=?, blood_value=?, plan_type=?, last_wave_type=?, small_count=?, big_count=?, wave_cheat_rate=? WHERE room_id=?
2025-11-09 19:32:58.332 DEBUG 46241 --- [           main] c.p.c.d.m.RoomProfileMapper.updateById   : ==> Parameters: 1(Integer), 1092(Long), 7694500(Long), 6463700(Long), 0(Long), 5893800(Long), 1145684(Long), 1(Integer), 2(Integer), 0(Integer), 0(Integer), 3002(Long), 15(Integer)
2025-11-09 19:32:58.507 DEBUG 46241 --- [           main] c.p.c.d.m.RoomProfileMapper.updateById   : <==    Updates: 0
2025-11-09 19:32:58.510 DEBUG 46241 --- [           main] c.p.c.d.m.RoomProfileMapper.updateById   : ==>  Preparing: UPDATE g_room_profile SET room_type=?, play_total=?, bet_total=?, payment_total=?, jackpot_value=?, temp_bet_total=?, blood_value=?, plan_type=?, last_wave_type=?, small_count=?, big_count=?, wave_cheat_rate=? WHERE room_id=?
2025-11-09 19:32:58.510 DEBUG 46241 --- [           main] c.p.c.d.m.RoomProfileMapper.updateById   : ==> Parameters: 2(Integer), 981(Long), 62623000(Long), 60020000(Long), 0(Long), 5775000(Long), 1650565(Long), 1(Integer), 2(Integer), 0(Integer), 0(Integer), 3030(Long), 16(Integer)
2025-11-09 19:32:58.686 DEBUG 46241 --- [           main] c.p.c.d.m.RoomProfileMapper.updateById   : <==    Updates: 0
2025-11-09 19:32:58.688 DEBUG 46241 --- [           main] c.p.c.d.m.RoomProfileMapper.updateById   : ==>  Preparing: UPDATE g_room_profile SET room_type=?, play_total=?, bet_total=?, payment_total=?, jackpot_value=?, temp_bet_total=?, blood_value=?, plan_type=?, last_wave_type=?, small_count=?, big_count=?, wave_cheat_rate=? WHERE room_id=?
2025-11-09 19:32:58.688 DEBUG 46241 --- [           main] c.p.c.d.m.RoomProfileMapper.updateById   : ==> Parameters: 3(Integer), 7(Long), 1540000(Long), 0(Long), 0(Long), 1540000(Long), 1509200(Long), 1(Integer), 2(Integer), 0(Integer), 0(Integer), 0(Long), 17(Integer)
2025-11-09 19:32:58.863 DEBUG 46241 --- [           main] c.p.c.d.m.RoomProfileMapper.updateById   : <==    Updates: 0
2025-11-09 19:32:58.866 DEBUG 46241 --- [           main] c.p.c.d.m.RoomProfileMapper.updateById   : ==>  Preparing: UPDATE g_room_profile SET room_type=?, play_total=?, bet_total=?, payment_total=?, jackpot_value=?, temp_bet_total=?, blood_value=?, plan_type=?, last_wave_type=?, small_count=?, big_count=?, wave_cheat_rate=? WHERE room_id=?
2025-11-09 19:32:58.866 DEBUG 46241 --- [           main] c.p.c.d.m.RoomProfileMapper.updateById   : ==> Parameters: 4(Integer), 29(Long), 3080000(Long), 31920000(Long), 0(Long), 0(Long), -28901600(Long), 2(Integer), 1(Integer), 1(Integer), 0(Integer), 2886(Long), 95(Integer)
2025-11-09 19:32:59.042 DEBUG 46241 --- [           main] c.p.c.d.m.RoomProfileMapper.updateById   : <==    Updates: 0
2025-11-09 19:32:59.062 DEBUG 46241 --- [           main] c.p.c.dc.mapper.RoomMapper.selectList    : ==>  Preparing: SELECT id,game_id,room_type,name,min_gold_number,bet_arrs,rebate_rate,rebate_type,state,jackpot_tax,jackpot_type,jackpot_real_config,jackpot_fake_config,strat_blood_tax,strat_blood_multiple,strat_blood_balance,strat_plan_prob,strat_balance_end,strat_small_wave_fold,strat_small_wave_end,strat_small_wave_kill,strat_small_wave_free,strat_small_cheat,strat_big_wave_fold,strat_big_wave_end,strat_big_wave_kill,strat_big_wave_free,strat_big_cheat FROM c_room WHERE (game_id = ? AND state = ?)
2025-11-09 19:32:59.063 DEBUG 46241 --- [           main] c.p.c.dc.mapper.RoomMapper.selectList    : ==> Parameters: 8(Integer), 1(Integer)
2025-11-09 19:32:59.159 DEBUG 46241 --- [           main] c.p.c.dc.mapper.RoomMapper.selectList    : <==      Total: 4
2025-11-09 19:32:59.164 DEBUG 46241 --- [           main] c.p.c.d.m.RoomProfileMapper.updateById   : ==>  Preparing: UPDATE g_room_profile SET room_type=?, play_total=?, bet_total=?, payment_total=?, jackpot_value=?, temp_bet_total=?, blood_value=?, plan_type=?, last_wave_type=?, small_count=?, big_count=?, wave_cheat_rate=? WHERE room_id=?
2025-11-09 19:32:59.165 DEBUG 46241 --- [           main] c.p.c.d.m.RoomProfileMapper.updateById   : ==> Parameters: 1(Integer), 1146(Long), 5151000(Long), 4689100(Long), 0(Long), 2299500(Long), 406542(Long), 1(Integer), 2(Integer), 0(Integer), 0(Integer), 3115(Long), 24(Integer)
2025-11-09 19:32:59.340 DEBUG 46241 --- [           main] c.p.c.d.m.RoomProfileMapper.updateById   : <==    Updates: 0
2025-11-09 19:32:59.342 DEBUG 46241 --- [           main] c.p.c.d.m.RoomProfileMapper.updateById   : ==>  Preparing: UPDATE g_room_profile SET room_type=?, play_total=?, bet_total=?, payment_total=?, jackpot_value=?, temp_bet_total=?, blood_value=?, plan_type=?, last_wave_type=?, small_count=?, big_count=?, wave_cheat_rate=? WHERE room_id=?
2025-11-09 19:32:59.343 DEBUG 46241 --- [           main] c.p.c.d.m.RoomProfileMapper.updateById   : ==> Parameters: 2(Integer), 726(Long), 19785000(Long), 17914000(Long), 0(Long), 3180000(Long), 1562675(Long), 1(Integer), 2(Integer), 0(Integer), 0(Integer), 3016(Long), 25(Integer)
2025-11-09 19:32:59.519 DEBUG 46241 --- [           main] c.p.c.d.m.RoomProfileMapper.updateById   : <==    Updates: 0
2025-11-09 19:32:59.521 DEBUG 46241 --- [           main] c.p.c.d.m.RoomProfileMapper.updateById   : ==>  Preparing: UPDATE g_room_profile SET room_type=?, play_total=?, bet_total=?, payment_total=?, jackpot_value=?, temp_bet_total=?, blood_value=?, plan_type=?, last_wave_type=?, small_count=?, big_count=?, wave_cheat_rate=? WHERE room_id=?
2025-11-09 19:32:59.522 DEBUG 46241 --- [           main] c.p.c.d.m.RoomProfileMapper.updateById   : ==> Parameters: 3(Integer), 0(Long), 0(Long), 0(Long), 0(Long), 0(Long), 0(Long), 1(Integer), 2(Integer), 0(Integer), 0(Integer), 0(Long), 26(Integer)
2025-11-09 19:32:59.699 DEBUG 46241 --- [           main] c.p.c.d.m.RoomProfileMapper.updateById   : <==    Updates: 0
2025-11-09 19:32:59.701 DEBUG 46241 --- [           main] c.p.c.d.m.RoomProfileMapper.updateById   : ==>  Preparing: UPDATE g_room_profile SET room_type=?, play_total=?, bet_total=?, payment_total=?, jackpot_value=?, temp_bet_total=?, blood_value=?, plan_type=?, last_wave_type=?, small_count=?, big_count=?, wave_cheat_rate=? WHERE room_id=?
2025-11-09 19:32:59.701 DEBUG 46241 --- [           main] c.p.c.d.m.RoomProfileMapper.updateById   : ==> Parameters: 4(Integer), 0(Long), 0(Long), 0(Long), 0(Long), 0(Long), 0(Long), 1(Integer), 2(Integer), 0(Integer), 0(Integer), 0(Long), 97(Integer)
2025-11-09 19:32:59.876 DEBUG 46241 --- [           main] c.p.c.d.m.RoomProfileMapper.updateById   : <==    Updates: 0
2025-11-09 19:32:59.887 DEBUG 46241 --- [           main] c.p.c.dc.mapper.RoomMapper.selectList    : ==>  Preparing: SELECT id,game_id,room_type,name,min_gold_number,bet_arrs,rebate_rate,rebate_type,state,jackpot_tax,jackpot_type,jackpot_real_config,jackpot_fake_config,strat_blood_tax,strat_blood_multiple,strat_blood_balance,strat_plan_prob,strat_balance_end,strat_small_wave_fold,strat_small_wave_end,strat_small_wave_kill,strat_small_wave_free,strat_small_cheat,strat_big_wave_fold,strat_big_wave_end,strat_big_wave_kill,strat_big_wave_free,strat_big_cheat FROM c_room WHERE (game_id = ? AND state = ?)
2025-11-09 19:32:59.888 DEBUG 46241 --- [           main] c.p.c.dc.mapper.RoomMapper.selectList    : ==> Parameters: 11(Integer), 1(Integer)
2025-11-09 19:32:59.978 DEBUG 46241 --- [           main] c.p.c.dc.mapper.RoomMapper.selectList    : <==      Total: 4
2025-11-09 19:32:59.980 DEBUG 46241 --- [           main] c.p.c.d.m.RoomProfileMapper.updateById   : ==>  Preparing: UPDATE g_room_profile SET room_type=?, play_total=?, bet_total=?, payment_total=?, jackpot_value=?, temp_bet_total=?, blood_value=?, plan_type=?, last_wave_type=?, small_count=?, big_count=?, wave_cheat_rate=? WHERE room_id=?
2025-11-09 19:32:59.981 DEBUG 46241 --- [           main] c.p.c.d.m.RoomProfileMapper.updateById   : ==> Parameters: 1(Integer), 930(Long), 4604400(Long), 4486350(Long), 0(Long), 78300(Long), 71746(Long), 1(Integer), 2(Integer), 0(Integer), 0(Integer), 3372(Long), 33(Integer)
2025-11-09 19:33:00.157 DEBUG 46241 --- [           main] c.p.c.d.m.RoomProfileMapper.updateById   : <==    Updates: 0
2025-11-09 19:33:00.159 DEBUG 46241 --- [           main] c.p.c.d.m.RoomProfileMapper.updateById   : ==>  Preparing: UPDATE g_room_profile SET room_type=?, play_total=?, bet_total=?, payment_total=?, jackpot_value=?, temp_bet_total=?, blood_value=?, plan_type=?, last_wave_type=?, small_count=?, big_count=?, wave_cheat_rate=? WHERE room_id=?
2025-11-09 19:33:00.159 DEBUG 46241 --- [           main] c.p.c.d.m.RoomProfileMapper.updateById   : ==> Parameters: 2(Integer), 1285(Long), 39231000(Long), 40449000(Long), 0(Long), 0(Long), -1806465(Long), 1(Integer), 2(Integer), 0(Integer), 0(Integer), 3227(Long), 34(Integer)
2025-11-09 19:33:00.334 DEBUG 46241 --- [           main] c.p.c.d.m.RoomProfileMapper.updateById   : <==    Updates: 0
2025-11-09 19:33:00.336 DEBUG 46241 --- [           main] c.p.c.d.m.RoomProfileMapper.updateById   : ==>  Preparing: UPDATE g_room_profile SET room_type=?, play_total=?, bet_total=?, payment_total=?, jackpot_value=?, temp_bet_total=?, blood_value=?, plan_type=?, last_wave_type=?, small_count=?, big_count=?, wave_cheat_rate=? WHERE room_id=?
2025-11-09 19:33:00.337 DEBUG 46241 --- [           main] c.p.c.d.m.RoomProfileMapper.updateById   : ==> Parameters: 3(Integer), 1(Long), 0(Long), 0(Long), 0(Long), 0(Long), 0(Long), 1(Integer), 2(Integer), 0(Integer), 0(Integer), 0(Long), 35(Integer)
2025-11-09 19:33:00.513 DEBUG 46241 --- [           main] c.p.c.d.m.RoomProfileMapper.updateById   : <==    Updates: 0
2025-11-09 19:33:00.515 DEBUG 46241 --- [           main] c.p.c.d.m.RoomProfileMapper.updateById   : ==>  Preparing: UPDATE g_room_profile SET room_type=?, play_total=?, bet_total=?, payment_total=?, jackpot_value=?, temp_bet_total=?, blood_value=?, plan_type=?, last_wave_type=?, small_count=?, big_count=?, wave_cheat_rate=? WHERE room_id=?
2025-11-09 19:33:00.516 DEBUG 46241 --- [           main] c.p.c.d.m.RoomProfileMapper.updateById   : ==> Parameters: 4(Integer), 2(Long), 3900000(Long), 0(Long), 0(Long), 3900000(Long), 3822000(Long), 1(Integer), 2(Integer), 0(Integer), 0(Integer), 0(Long), 96(Integer)
2025-11-09 19:33:00.691 DEBUG 46241 --- [           main] c.p.c.d.m.RoomProfileMapper.updateById   : <==    Updates: 0
2025-11-09 19:33:00.701 DEBUG 46241 --- [           main] c.p.c.dc.mapper.RoomMapper.selectList    : ==>  Preparing: SELECT id,game_id,room_type,name,min_gold_number,bet_arrs,rebate_rate,rebate_type,state,jackpot_tax,jackpot_type,jackpot_real_config,jackpot_fake_config,strat_blood_tax,strat_blood_multiple,strat_blood_balance,strat_plan_prob,strat_balance_end,strat_small_wave_fold,strat_small_wave_end,strat_small_wave_kill,strat_small_wave_free,strat_small_cheat,strat_big_wave_fold,strat_big_wave_end,strat_big_wave_kill,strat_big_wave_free,strat_big_cheat FROM c_room WHERE (game_id = ? AND state = ?)
2025-11-09 19:33:00.701 DEBUG 46241 --- [           main] c.p.c.dc.mapper.RoomMapper.selectList    : ==> Parameters: 12(Integer), 1(Integer)
2025-11-09 19:33:00.791 DEBUG 46241 --- [           main] c.p.c.dc.mapper.RoomMapper.selectList    : <==      Total: 4
2025-11-09 19:33:00.793 DEBUG 46241 --- [           main] c.p.c.d.m.RoomProfileMapper.updateById   : ==>  Preparing: UPDATE g_room_profile SET room_type=?, play_total=?, bet_total=?, payment_total=?, jackpot_value=?, temp_bet_total=?, blood_value=?, plan_type=?, last_wave_type=?, small_count=?, big_count=?, wave_cheat_rate=? WHERE room_id=?
2025-11-09 19:33:00.794 DEBUG 46241 --- [           main] c.p.c.d.m.RoomProfileMapper.updateById   : ==> Parameters: 1(Integer), 0(Long), 0(Long), 0(Long), 0(Long), 0(Long), 0(Long), 1(Integer), 2(Integer), 0(Integer), 0(Integer), 0(Long), 36(Integer)
2025-11-09 19:33:00.969 DEBUG 46241 --- [           main] c.p.c.d.m.RoomProfileMapper.updateById   : <==    Updates: 0
2025-11-09 19:33:00.971 DEBUG 46241 --- [           main] c.p.c.d.m.RoomProfileMapper.updateById   : ==>  Preparing: UPDATE g_room_profile SET room_type=?, play_total=?, bet_total=?, payment_total=?, jackpot_value=?, temp_bet_total=?, blood_value=?, plan_type=?, last_wave_type=?, small_count=?, big_count=?, wave_cheat_rate=? WHERE room_id=?
2025-11-09 19:33:00.971 DEBUG 46241 --- [           main] c.p.c.d.m.RoomProfileMapper.updateById   : ==> Parameters: 2(Integer), 0(Long), 0(Long), 0(Long), 0(Long), 0(Long), 0(Long), 1(Integer), 2(Integer), 0(Integer), 0(Integer), 0(Long), 37(Integer)
2025-11-09 19:33:01.147 DEBUG 46241 --- [           main] c.p.c.d.m.RoomProfileMapper.updateById   : <==    Updates: 0
2025-11-09 19:33:01.149 DEBUG 46241 --- [           main] c.p.c.d.m.RoomProfileMapper.updateById   : ==>  Preparing: UPDATE g_room_profile SET room_type=?, play_total=?, bet_total=?, payment_total=?, jackpot_value=?, temp_bet_total=?, blood_value=?, plan_type=?, last_wave_type=?, small_count=?, big_count=?, wave_cheat_rate=? WHERE room_id=?
2025-11-09 19:33:01.149 DEBUG 46241 --- [           main] c.p.c.d.m.RoomProfileMapper.updateById   : ==> Parameters: 3(Integer), 0(Long), 0(Long), 0(Long), 0(Long), 0(Long), 0(Long), 1(Integer), 2(Integer), 0(Integer), 0(Integer), 0(Long), 38(Integer)
2025-11-09 19:33:01.325 DEBUG 46241 --- [           main] c.p.c.d.m.RoomProfileMapper.updateById   : <==    Updates: 0
2025-11-09 19:33:01.327 DEBUG 46241 --- [           main] c.p.c.d.m.RoomProfileMapper.updateById   : ==>  Preparing: UPDATE g_room_profile SET room_type=?, play_total=?, bet_total=?, payment_total=?, jackpot_value=?, temp_bet_total=?, blood_value=?, plan_type=?, last_wave_type=?, small_count=?, big_count=?, wave_cheat_rate=? WHERE room_id=?
2025-11-09 19:33:01.328 DEBUG 46241 --- [           main] c.p.c.d.m.RoomProfileMapper.updateById   : ==> Parameters: 4(Integer), 0(Long), 0(Long), 0(Long), 0(Long), 0(Long), 0(Long), 1(Integer), 2(Integer), 0(Integer), 0(Integer), 0(Long), 102(Integer)
2025-11-09 19:33:01.503 DEBUG 46241 --- [           main] c.p.c.d.m.RoomProfileMapper.updateById   : <==    Updates: 0
2025-11-09 19:33:01.521 DEBUG 46241 --- [           main] c.p.c.dc.mapper.RoomMapper.selectList    : ==>  Preparing: SELECT id,game_id,room_type,name,min_gold_number,bet_arrs,rebate_rate,rebate_type,state,jackpot_tax,jackpot_type,jackpot_real_config,jackpot_fake_config,strat_blood_tax,strat_blood_multiple,strat_blood_balance,strat_plan_prob,strat_balance_end,strat_small_wave_fold,strat_small_wave_end,strat_small_wave_kill,strat_small_wave_free,strat_small_cheat,strat_big_wave_fold,strat_big_wave_end,strat_big_wave_kill,strat_big_wave_free,strat_big_cheat FROM c_room WHERE (game_id = ? AND state = ?)
2025-11-09 19:33:01.522 DEBUG 46241 --- [           main] c.p.c.dc.mapper.RoomMapper.selectList    : ==> Parameters: 16(Integer), 1(Integer)
2025-11-09 19:33:01.613 DEBUG 46241 --- [           main] c.p.c.dc.mapper.RoomMapper.selectList    : <==      Total: 3
2025-11-09 19:33:01.616 DEBUG 46241 --- [           main] c.p.c.d.m.RoomProfileMapper.updateById   : ==>  Preparing: UPDATE g_room_profile SET room_type=?, play_total=?, bet_total=?, payment_total=?, jackpot_value=?, temp_bet_total=?, blood_value=?, plan_type=?, last_wave_type=?, small_count=?, big_count=?, wave_cheat_rate=? WHERE room_id=?
2025-11-09 19:33:01.617 DEBUG 46241 --- [           main] c.p.c.d.m.RoomProfileMapper.updateById   : ==> Parameters: 1(Integer), 585(Long), 4962500(Long), 3623000(Long), 0(Long), 4287500(Long), 1289875(Long), 1(Integer), 2(Integer), 0(Integer), 0(Integer), 3181(Long), 48(Integer)
2025-11-09 19:33:01.792 DEBUG 46241 --- [           main] c.p.c.d.m.RoomProfileMapper.updateById   : <==    Updates: 0
2025-11-09 19:33:01.794 DEBUG 46241 --- [           main] c.p.c.d.m.RoomProfileMapper.updateById   : ==>  Preparing: UPDATE g_room_profile SET room_type=?, play_total=?, bet_total=?, payment_total=?, jackpot_value=?, temp_bet_total=?, blood_value=?, plan_type=?, last_wave_type=?, small_count=?, big_count=?, wave_cheat_rate=? WHERE room_id=?
2025-11-09 19:33:01.795 DEBUG 46241 --- [           main] c.p.c.d.m.RoomProfileMapper.updateById   : ==> Parameters: 2(Integer), 151(Long), 28275000(Long), 21725000(Long), 0(Long), 11025000(Long), 6125875(Long), 1(Integer), 2(Integer), 0(Integer), 0(Integer), 3441(Long), 49(Integer)
2025-11-09 19:33:01.970 DEBUG 46241 --- [           main] c.p.c.d.m.RoomProfileMapper.updateById   : <==    Updates: 0
2025-11-09 19:33:01.973 DEBUG 46241 --- [           main] c.p.c.d.m.RoomProfileMapper.updateById   : ==>  Preparing: UPDATE g_room_profile SET room_type=?, play_total=?, bet_total=?, payment_total=?, jackpot_value=?, temp_bet_total=?, blood_value=?, plan_type=?, last_wave_type=?, small_count=?, big_count=?, wave_cheat_rate=? WHERE room_id=?
2025-11-09 19:33:01.973 DEBUG 46241 --- [           main] c.p.c.d.m.RoomProfileMapper.updateById   : ==> Parameters: 3(Integer), 3(Long), 7500000(Long), 19000000(Long), 0(Long), 0(Long), -11650000(Long), 2(Integer), 2(Integer), 0(Integer), 0(Integer), 2899(Long), 50(Integer)
2025-11-09 19:33:02.148 DEBUG 46241 --- [           main] c.p.c.d.m.RoomProfileMapper.updateById   : <==    Updates: 0
2025-11-09 19:33:02.156 DEBUG 46241 --- [           main] c.p.c.dc.mapper.RoomMapper.selectList    : ==>  Preparing: SELECT id,game_id,room_type,name,min_gold_number,bet_arrs,rebate_rate,rebate_type,state,jackpot_tax,jackpot_type,jackpot_real_config,jackpot_fake_config,strat_blood_tax,strat_blood_multiple,strat_blood_balance,strat_plan_prob,strat_balance_end,strat_small_wave_fold,strat_small_wave_end,strat_small_wave_kill,strat_small_wave_free,strat_small_cheat,strat_big_wave_fold,strat_big_wave_end,strat_big_wave_kill,strat_big_wave_free,strat_big_cheat FROM c_room WHERE (game_id = ? AND state = ?)
2025-11-09 19:33:02.156 DEBUG 46241 --- [           main] c.p.c.dc.mapper.RoomMapper.selectList    : ==> Parameters: 18(Integer), 1(Integer)
2025-11-09 19:33:02.246 DEBUG 46241 --- [           main] c.p.c.dc.mapper.RoomMapper.selectList    : <==      Total: 4
2025-11-09 19:33:02.247 DEBUG 46241 --- [           main] c.p.c.d.m.RoomProfileMapper.updateById   : ==>  Preparing: UPDATE g_room_profile SET room_type=?, play_total=?, bet_total=?, payment_total=?, jackpot_value=?, temp_bet_total=?, blood_value=?, plan_type=?, last_wave_type=?, small_count=?, big_count=?, wave_cheat_rate=? WHERE room_id=?
2025-11-09 19:33:02.248 DEBUG 46241 --- [           main] c.p.c.d.m.RoomProfileMapper.updateById   : ==> Parameters: 1(Integer), 2(Long), 1800(Long), 150(Long), 0(Long), 1800(Long), 1622(Long), 1(Integer), 2(Integer), 0(Integer), 0(Integer), 0(Long), 54(Integer)
2025-11-09 19:33:02.423 DEBUG 46241 --- [           main] c.p.c.d.m.RoomProfileMapper.updateById   : <==    Updates: 0
2025-11-09 19:33:02.425 DEBUG 46241 --- [           main] c.p.c.d.m.RoomProfileMapper.updateById   : ==>  Preparing: UPDATE g_room_profile SET room_type=?, play_total=?, bet_total=?, payment_total=?, jackpot_value=?, temp_bet_total=?, blood_value=?, plan_type=?, last_wave_type=?, small_count=?, big_count=?, wave_cheat_rate=? WHERE room_id=?
2025-11-09 19:33:02.426 DEBUG 46241 --- [           main] c.p.c.d.m.RoomProfileMapper.updateById   : ==> Parameters: 2(Integer), 0(Long), 0(Long), 0(Long), 0(Long), 0(Long), 0(Long), 1(Integer), 2(Integer), 0(Integer), 0(Integer), 0(Long), 55(Integer)
2025-11-09 19:33:02.601 DEBUG 46241 --- [           main] c.p.c.d.m.RoomProfileMapper.updateById   : <==    Updates: 0
2025-11-09 19:33:02.603 DEBUG 46241 --- [           main] c.p.c.d.m.RoomProfileMapper.updateById   : ==>  Preparing: UPDATE g_room_profile SET room_type=?, play_total=?, bet_total=?, payment_total=?, jackpot_value=?, temp_bet_total=?, blood_value=?, plan_type=?, last_wave_type=?, small_count=?, big_count=?, wave_cheat_rate=? WHERE room_id=?
2025-11-09 19:33:02.604 DEBUG 46241 --- [           main] c.p.c.d.m.RoomProfileMapper.updateById   : ==> Parameters: 3(Integer), 0(Long), 0(Long), 0(Long), 0(Long), 0(Long), 0(Long), 1(Integer), 2(Integer), 0(Integer), 0(Integer), 0(Long), 56(Integer)
2025-11-09 19:33:02.778 DEBUG 46241 --- [           main] c.p.c.d.m.RoomProfileMapper.updateById   : <==    Updates: 0
2025-11-09 19:33:02.780 DEBUG 46241 --- [           main] c.p.c.d.m.RoomProfileMapper.updateById   : ==>  Preparing: UPDATE g_room_profile SET room_type=?, play_total=?, bet_total=?, payment_total=?, jackpot_value=?, temp_bet_total=?, blood_value=?, plan_type=?, last_wave_type=?, small_count=?, big_count=?, wave_cheat_rate=? WHERE room_id=?
2025-11-09 19:33:02.780 DEBUG 46241 --- [           main] c.p.c.d.m.RoomProfileMapper.updateById   : ==> Parameters: 4(Integer), 0(Long), 0(Long), 0(Long), 0(Long), 0(Long), 0(Long), 1(Integer), 2(Integer), 0(Integer), 0(Integer), 0(Long), 92(Integer)
2025-11-09 19:33:02.955 DEBUG 46241 --- [           main] c.p.c.d.m.RoomProfileMapper.updateById   : <==    Updates: 0
2025-11-09 19:33:02.964 DEBUG 46241 --- [           main] c.p.c.dc.mapper.RoomMapper.selectList    : ==>  Preparing: SELECT id,game_id,room_type,name,min_gold_number,bet_arrs,rebate_rate,rebate_type,state,jackpot_tax,jackpot_type,jackpot_real_config,jackpot_fake_config,strat_blood_tax,strat_blood_multiple,strat_blood_balance,strat_plan_prob,strat_balance_end,strat_small_wave_fold,strat_small_wave_end,strat_small_wave_kill,strat_small_wave_free,strat_small_cheat,strat_big_wave_fold,strat_big_wave_end,strat_big_wave_kill,strat_big_wave_free,strat_big_cheat FROM c_room WHERE (game_id = ? AND state = ?)
2025-11-09 19:33:02.964 DEBUG 46241 --- [           main] c.p.c.dc.mapper.RoomMapper.selectList    : ==> Parameters: 24(Integer), 1(Integer)
2025-11-09 19:33:03.053 DEBUG 46241 --- [           main] c.p.c.dc.mapper.RoomMapper.selectList    : <==      Total: 3
2025-11-09 19:33:03.057 DEBUG 46241 --- [           main] c.p.c.d.m.RoomProfileMapper.updateById   : ==>  Preparing: UPDATE g_room_profile SET room_type=?, play_total=?, bet_total=?, payment_total=?, jackpot_value=?, temp_bet_total=?, blood_value=?, plan_type=?, last_wave_type=?, small_count=?, big_count=?, wave_cheat_rate=? WHERE room_id=?
2025-11-09 19:33:03.058 DEBUG 46241 --- [           main] c.p.c.d.m.RoomProfileMapper.updateById   : ==> Parameters: 1(Integer), 0(Long), 0(Long), 0(Long), 0(Long), 0(Long), 0(Long), 1(Integer), 2(Integer), 0(Integer), 0(Integer), 0(Long), 70(Integer)
2025-11-09 19:33:03.233 DEBUG 46241 --- [           main] c.p.c.d.m.RoomProfileMapper.updateById   : <==    Updates: 0
2025-11-09 19:33:03.235 DEBUG 46241 --- [           main] c.p.c.d.m.RoomProfileMapper.updateById   : ==>  Preparing: UPDATE g_room_profile SET room_type=?, play_total=?, bet_total=?, payment_total=?, jackpot_value=?, temp_bet_total=?, blood_value=?, plan_type=?, last_wave_type=?, small_count=?, big_count=?, wave_cheat_rate=? WHERE room_id=?
2025-11-09 19:33:03.236 DEBUG 46241 --- [           main] c.p.c.d.m.RoomProfileMapper.updateById   : ==> Parameters: 2(Integer), 0(Long), 0(Long), 0(Long), 0(Long), 0(Long), 0(Long), 1(Integer), 2(Integer), 0(Integer), 0(Integer), 0(Long), 71(Integer)
2025-11-09 19:33:03.411 DEBUG 46241 --- [           main] c.p.c.d.m.RoomProfileMapper.updateById   : <==    Updates: 0
2025-11-09 19:33:03.413 DEBUG 46241 --- [           main] c.p.c.d.m.RoomProfileMapper.updateById   : ==>  Preparing: UPDATE g_room_profile SET room_type=?, play_total=?, bet_total=?, payment_total=?, jackpot_value=?, temp_bet_total=?, blood_value=?, plan_type=?, last_wave_type=?, small_count=?, big_count=?, wave_cheat_rate=? WHERE room_id=?
2025-11-09 19:33:03.413 DEBUG 46241 --- [           main] c.p.c.d.m.RoomProfileMapper.updateById   : ==> Parameters: 3(Integer), 0(Long), 0(Long), 0(Long), 0(Long), 0(Long), 0(Long), 1(Integer), 2(Integer), 0(Integer), 0(Integer), 0(Long), 72(Integer)
2025-11-09 19:33:03.588 DEBUG 46241 --- [           main] c.p.c.d.m.RoomProfileMapper.updateById   : <==    Updates: 0
2025-11-09 19:33:03.603 DEBUG 46241 --- [           main] c.p.c.dc.mapper.RoomMapper.selectList    : ==>  Preparing: SELECT id,game_id,room_type,name,min_gold_number,bet_arrs,rebate_rate,rebate_type,state,jackpot_tax,jackpot_type,jackpot_real_config,jackpot_fake_config,strat_blood_tax,strat_blood_multiple,strat_blood_balance,strat_plan_prob,strat_balance_end,strat_small_wave_fold,strat_small_wave_end,strat_small_wave_kill,strat_small_wave_free,strat_small_cheat,strat_big_wave_fold,strat_big_wave_end,strat_big_wave_kill,strat_big_wave_free,strat_big_cheat FROM c_room WHERE (game_id = ? AND state = ?)
2025-11-09 19:33:03.604 DEBUG 46241 --- [           main] c.p.c.dc.mapper.RoomMapper.selectList    : ==> Parameters: 25(Integer), 1(Integer)
2025-11-09 19:33:03.692 DEBUG 46241 --- [           main] c.p.c.dc.mapper.RoomMapper.selectList    : <==      Total: 3
2025-11-09 19:33:03.694 DEBUG 46241 --- [           main] c.p.c.d.m.RoomProfileMapper.updateById   : ==>  Preparing: UPDATE g_room_profile SET room_type=?, play_total=?, bet_total=?, payment_total=?, jackpot_value=?, temp_bet_total=?, blood_value=?, plan_type=?, last_wave_type=?, small_count=?, big_count=?, wave_cheat_rate=? WHERE room_id=?
2025-11-09 19:33:03.695 DEBUG 46241 --- [           main] c.p.c.d.m.RoomProfileMapper.updateById   : ==> Parameters: 1(Integer), 2519(Long), 31344000(Long), 30696300(Long), 0(Long), 2217000(Long), 333750(Long), 1(Integer), 2(Integer), 0(Integer), 0(Integer), 3096(Long), 73(Integer)
2025-11-09 19:33:03.870 DEBUG 46241 --- [           main] c.p.c.d.m.RoomProfileMapper.updateById   : <==    Updates: 0
2025-11-09 19:33:03.872 DEBUG 46241 --- [           main] c.p.c.d.m.RoomProfileMapper.updateById   : ==>  Preparing: UPDATE g_room_profile SET room_type=?, play_total=?, bet_total=?, payment_total=?, jackpot_value=?, temp_bet_total=?, blood_value=?, plan_type=?, last_wave_type=?, small_count=?, big_count=?, wave_cheat_rate=? WHERE room_id=?
2025-11-09 19:33:03.873 DEBUG 46241 --- [           main] c.p.c.d.m.RoomProfileMapper.updateById   : ==> Parameters: 2(Integer), 1708(Long), 162120000(Long), 149928000(Long), 0(Long), 31680000(Long), 9760200(Long), 1(Integer), 2(Integer), 0(Integer), 0(Integer), 3188(Long), 74(Integer)
2025-11-09 19:33:04.048 DEBUG 46241 --- [           main] c.p.c.d.m.RoomProfileMapper.updateById   : <==    Updates: 0
2025-11-09 19:33:04.050 DEBUG 46241 --- [           main] c.p.c.d.m.RoomProfileMapper.updateById   : ==>  Preparing: UPDATE g_room_profile SET room_type=?, play_total=?, bet_total=?, payment_total=?, jackpot_value=?, temp_bet_total=?, blood_value=?, plan_type=?, last_wave_type=?, small_count=?, big_count=?, wave_cheat_rate=? WHERE room_id=?
2025-11-09 19:33:04.050 DEBUG 46241 --- [           main] c.p.c.d.m.RoomProfileMapper.updateById   : ==> Parameters: 3(Integer), 0(Long), 0(Long), 0(Long), 0(Long), 0(Long), 0(Long), 1(Integer), 2(Integer), 0(Integer), 0(Integer), 0(Long), 75(Integer)
2025-11-09 19:33:04.225 DEBUG 46241 --- [           main] c.p.c.d.m.RoomProfileMapper.updateById   : <==    Updates: 0
2025-11-09 19:33:04.232 DEBUG 46241 --- [           main] c.p.c.dc.mapper.RoomMapper.selectList    : ==>  Preparing: SELECT id,game_id,room_type,name,min_gold_number,bet_arrs,rebate_rate,rebate_type,state,jackpot_tax,jackpot_type,jackpot_real_config,jackpot_fake_config,strat_blood_tax,strat_blood_multiple,strat_blood_balance,strat_plan_prob,strat_balance_end,strat_small_wave_fold,strat_small_wave_end,strat_small_wave_kill,strat_small_wave_free,strat_small_cheat,strat_big_wave_fold,strat_big_wave_end,strat_big_wave_kill,strat_big_wave_free,strat_big_cheat FROM c_room WHERE (game_id = ? AND state = ?)
2025-11-09 19:33:04.232 DEBUG 46241 --- [           main] c.p.c.dc.mapper.RoomMapper.selectList    : ==> Parameters: 28(Integer), 1(Integer)
2025-11-09 19:33:04.321 DEBUG 46241 --- [           main] c.p.c.dc.mapper.RoomMapper.selectList    : <==      Total: 3
2025-11-09 19:33:04.324 DEBUG 46241 --- [           main] c.p.c.d.m.RoomProfileMapper.updateById   : ==>  Preparing: UPDATE g_room_profile SET room_type=?, play_total=?, bet_total=?, payment_total=?, jackpot_value=?, temp_bet_total=?, blood_value=?, plan_type=?, last_wave_type=?, small_count=?, big_count=?, wave_cheat_rate=? WHERE room_id=?
2025-11-09 19:33:04.325 DEBUG 46241 --- [           main] c.p.c.d.m.RoomProfileMapper.updateById   : ==> Parameters: 1(Integer), 4453(Long), 62120000(Long), 65186500(Long), 0(Long), 0(Long), -3687700(Long), 1(Integer), 2(Integer), 0(Integer), 0(Integer), 3104(Long), 82(Integer)
2025-11-09 19:33:04.500 DEBUG 46241 --- [           main] c.p.c.d.m.RoomProfileMapper.updateById   : <==    Updates: 0
2025-11-09 19:33:04.502 DEBUG 46241 --- [           main] c.p.c.d.m.RoomProfileMapper.updateById   : ==>  Preparing: UPDATE g_room_profile SET room_type=?, play_total=?, bet_total=?, payment_total=?, jackpot_value=?, temp_bet_total=?, blood_value=?, plan_type=?, last_wave_type=?, small_count=?, big_count=?, wave_cheat_rate=? WHERE room_id=?
2025-11-09 19:33:04.503 DEBUG 46241 --- [           main] c.p.c.d.m.RoomProfileMapper.updateById   : ==> Parameters: 2(Integer), 1417(Long), 136000000(Long), 133015000(Long), 0(Long), 1700000(Long), 945000(Long), 1(Integer), 2(Integer), 0(Integer), 0(Integer), 3333(Long), 83(Integer)
2025-11-09 19:33:04.677 DEBUG 46241 --- [           main] c.p.c.d.m.RoomProfileMapper.updateById   : <==    Updates: 0
2025-11-09 19:33:04.679 DEBUG 46241 --- [           main] c.p.c.d.m.RoomProfileMapper.updateById   : ==>  Preparing: UPDATE g_room_profile SET room_type=?, play_total=?, bet_total=?, payment_total=?, jackpot_value=?, temp_bet_total=?, blood_value=?, plan_type=?, last_wave_type=?, small_count=?, big_count=?, wave_cheat_rate=? WHERE room_id=?
2025-11-09 19:33:04.679 DEBUG 46241 --- [           main] c.p.c.d.m.RoomProfileMapper.updateById   : ==> Parameters: 3(Integer), 148(Long), 0(Long), 0(Long), 0(Long), 0(Long), 0(Long), 1(Integer), 2(Integer), 0(Integer), 0(Integer), 0(Long), 84(Integer)
2025-11-09 19:33:04.854 DEBUG 46241 --- [           main] c.p.c.d.m.RoomProfileMapper.updateById   : <==    Updates: 0
2025-11-09 19:33:04.860 DEBUG 46241 --- [           main] c.p.c.dc.mapper.RoomMapper.selectList    : ==>  Preparing: SELECT id,game_id,room_type,name,min_gold_number,bet_arrs,rebate_rate,rebate_type,state,jackpot_tax,jackpot_type,jackpot_real_config,jackpot_fake_config,strat_blood_tax,strat_blood_multiple,strat_blood_balance,strat_plan_prob,strat_balance_end,strat_small_wave_fold,strat_small_wave_end,strat_small_wave_kill,strat_small_wave_free,strat_small_cheat,strat_big_wave_fold,strat_big_wave_end,strat_big_wave_kill,strat_big_wave_free,strat_big_cheat FROM c_room WHERE (game_id = ? AND state = ?)
2025-11-09 19:33:04.861 DEBUG 46241 --- [           main] c.p.c.dc.mapper.RoomMapper.selectList    : ==> Parameters: 30(Integer), 1(Integer)
2025-11-09 19:33:04.949 DEBUG 46241 --- [           main] c.p.c.dc.mapper.RoomMapper.selectList    : <==      Total: 3
2025-11-09 19:33:04.951 DEBUG 46241 --- [           main] c.p.c.d.m.RoomProfileMapper.updateById   : ==>  Preparing: UPDATE g_room_profile SET room_type=?, play_total=?, bet_total=?, payment_total=?, jackpot_value=?, temp_bet_total=?, blood_value=?, plan_type=?, last_wave_type=?, small_count=?, big_count=?, wave_cheat_rate=? WHERE room_id=?
2025-11-09 19:33:04.951 DEBUG 46241 --- [           main] c.p.c.d.m.RoomProfileMapper.updateById   : ==> Parameters: 1(Integer), 120(Long), 804000(Long), 838500(Long), 0(Long), 0(Long), -42555(Long), 1(Integer), 2(Integer), 0(Integer), 0(Integer), 3255(Long), 88(Integer)
2025-11-09 19:33:05.126 DEBUG 46241 --- [           main] c.p.c.d.m.RoomProfileMapper.updateById   : <==    Updates: 0
2025-11-09 19:33:05.128 DEBUG 46241 --- [           main] c.p.c.d.m.RoomProfileMapper.updateById   : ==>  Preparing: UPDATE g_room_profile SET room_type=?, play_total=?, bet_total=?, payment_total=?, jackpot_value=?, temp_bet_total=?, blood_value=?, plan_type=?, last_wave_type=?, small_count=?, big_count=?, wave_cheat_rate=? WHERE room_id=?
2025-11-09 19:33:05.129 DEBUG 46241 --- [           main] c.p.c.d.m.RoomProfileMapper.updateById   : ==> Parameters: 2(Integer), 239(Long), 7890000(Long), 5380000(Long), 0(Long), 6360000(Long), 2391650(Long), 1(Integer), 2(Integer), 0(Integer), 0(Integer), 3439(Long), 89(Integer)
2025-11-09 19:33:05.304 DEBUG 46241 --- [           main] c.p.c.d.m.RoomProfileMapper.updateById   : <==    Updates: 0
2025-11-09 19:33:05.305 DEBUG 46241 --- [           main] c.p.c.d.m.RoomProfileMapper.updateById   : ==>  Preparing: UPDATE g_room_profile SET room_type=?, play_total=?, bet_total=?, payment_total=?, jackpot_value=?, temp_bet_total=?, blood_value=?, plan_type=?, last_wave_type=?, small_count=?, big_count=?, wave_cheat_rate=? WHERE room_id=?
2025-11-09 19:33:05.305 DEBUG 46241 --- [           main] c.p.c.d.m.RoomProfileMapper.updateById   : ==> Parameters: 3(Integer), 2(Long), 0(Long), 0(Long), 0(Long), 0(Long), 0(Long), 1(Integer), 2(Integer), 0(Integer), 0(Integer), 0(Long), 90(Integer)
2025-11-09 19:33:05.480 DEBUG 46241 --- [           main] c.p.c.d.m.RoomProfileMapper.updateById   : <==    Updates: 0
2025-11-09 19:33:05.486 DEBUG 46241 --- [           main] c.p.c.dc.mapper.RoomMapper.selectList    : ==>  Preparing: SELECT id,game_id,room_type,name,min_gold_number,bet_arrs,rebate_rate,rebate_type,state,jackpot_tax,jackpot_type,jackpot_real_config,jackpot_fake_config,strat_blood_tax,strat_blood_multiple,strat_blood_balance,strat_plan_prob,strat_balance_end,strat_small_wave_fold,strat_small_wave_end,strat_small_wave_kill,strat_small_wave_free,strat_small_cheat,strat_big_wave_fold,strat_big_wave_end,strat_big_wave_kill,strat_big_wave_free,strat_big_cheat FROM c_room WHERE (game_id = ? AND state = ?)
2025-11-09 19:33:05.486 DEBUG 46241 --- [           main] c.p.c.dc.mapper.RoomMapper.selectList    : ==> Parameters: 39(Integer), 1(Integer)
2025-11-09 19:33:05.574 DEBUG 46241 --- [           main] c.p.c.dc.mapper.RoomMapper.selectList    : <==      Total: 4
2025-11-09 19:33:05.576 DEBUG 46241 --- [           main] c.p.c.d.m.RoomProfileMapper.updateById   : ==>  Preparing: UPDATE g_room_profile SET room_type=?, play_total=?, bet_total=?, payment_total=?, jackpot_value=?, temp_bet_total=?, blood_value=?, plan_type=?, last_wave_type=?, small_count=?, big_count=?, wave_cheat_rate=? WHERE room_id=?
2025-11-09 19:33:05.576 DEBUG 46241 --- [           main] c.p.c.d.m.RoomProfileMapper.updateById   : ==> Parameters: 1(Integer), 482(Long), 1912500(Long), 1590700(Long), 19125(Long), 1493100(Long), 279875(Long), 1(Integer), 2(Integer), 0(Integer), 0(Integer), 3251(Long), 118(Integer)
2025-11-09 19:33:05.752 DEBUG 46241 --- [           main] c.p.c.d.m.RoomProfileMapper.updateById   : <==    Updates: 0
2025-11-09 19:33:05.753 DEBUG 46241 --- [           main] c.p.c.d.m.RoomProfileMapper.updateById   : ==>  Preparing: UPDATE g_room_profile SET room_type=?, play_total=?, bet_total=?, payment_total=?, jackpot_value=?, temp_bet_total=?, blood_value=?, plan_type=?, last_wave_type=?, small_count=?, big_count=?, wave_cheat_rate=? WHERE room_id=?
2025-11-09 19:33:05.754 DEBUG 46241 --- [           main] c.p.c.d.m.RoomProfileMapper.updateById   : ==> Parameters: 2(Integer), 983(Long), 17964000(Long), 16194000(Long), 179640(Long), 2628000(Long), 1320900(Long), 1(Integer), 2(Integer), 0(Integer), 0(Integer), 3106(Long), 119(Integer)
2025-11-09 19:33:05.928 DEBUG 46241 --- [           main] c.p.c.d.m.RoomProfileMapper.updateById   : <==    Updates: 0
2025-11-09 19:33:05.929 DEBUG 46241 --- [           main] c.p.c.d.m.RoomProfileMapper.updateById   : ==>  Preparing: UPDATE g_room_profile SET room_type=?, play_total=?, bet_total=?, payment_total=?, jackpot_value=?, temp_bet_total=?, blood_value=?, plan_type=?, last_wave_type=?, small_count=?, big_count=?, wave_cheat_rate=? WHERE room_id=?
2025-11-09 19:33:05.930 DEBUG 46241 --- [           main] c.p.c.d.m.RoomProfileMapper.updateById   : ==> Parameters: 3(Integer), 89(Long), 19710000(Long), 18080000(Long), 197100(Long), 16830000(Long), 1038700(Long), 2(Integer), 1(Integer), 1(Integer), 0(Integer), 2952(Long), 120(Integer)
2025-11-09 19:33:06.105 DEBUG 46241 --- [           main] c.p.c.d.m.RoomProfileMapper.updateById   : <==    Updates: 0
2025-11-09 19:33:06.107 DEBUG 46241 --- [           main] c.p.c.d.m.RoomProfileMapper.updateById   : ==>  Preparing: UPDATE g_room_profile SET room_type=?, play_total=?, bet_total=?, payment_total=?, jackpot_value=?, temp_bet_total=?, blood_value=?, plan_type=?, last_wave_type=?, small_count=?, big_count=?, wave_cheat_rate=? WHERE room_id=?
2025-11-09 19:33:06.107 DEBUG 46241 --- [           main] c.p.c.d.m.RoomProfileMapper.updateById   : ==> Parameters: 4(Integer), 4(Long), 10800000(Long), 8700000(Long), 108000(Long), 2700000(Long), 1614000(Long), 3(Integer), 1(Integer), 0(Integer), 1(Integer), 3241(Long), 121(Integer)
2025-11-09 19:33:06.282 DEBUG 46241 --- [           main] c.p.c.d.m.RoomProfileMapper.updateById   : <==    Updates: 0
2025-11-09 19:33:06.291 DEBUG 46241 --- [           main] c.p.c.dc.mapper.RoomMapper.selectList    : ==>  Preparing: SELECT id,game_id,room_type,name,min_gold_number,bet_arrs,rebate_rate,rebate_type,state,jackpot_tax,jackpot_type,jackpot_real_config,jackpot_fake_config,strat_blood_tax,strat_blood_multiple,strat_blood_balance,strat_plan_prob,strat_balance_end,strat_small_wave_fold,strat_small_wave_end,strat_small_wave_kill,strat_small_wave_free,strat_small_cheat,strat_big_wave_fold,strat_big_wave_end,strat_big_wave_kill,strat_big_wave_free,strat_big_cheat FROM c_room WHERE (game_id = ? AND state = ?)
2025-11-09 19:33:06.292 DEBUG 46241 --- [           main] c.p.c.dc.mapper.RoomMapper.selectList    : ==> Parameters: 40(Integer), 1(Integer)
2025-11-09 19:33:06.381 DEBUG 46241 --- [           main] c.p.c.dc.mapper.RoomMapper.selectList    : <==      Total: 4
2025-11-09 19:33:06.383 DEBUG 46241 --- [           main] c.p.c.d.m.RoomProfileMapper.updateById   : ==>  Preparing: UPDATE g_room_profile SET room_type=?, play_total=?, bet_total=?, payment_total=?, jackpot_value=?, temp_bet_total=?, blood_value=?, plan_type=?, last_wave_type=?, small_count=?, big_count=?, wave_cheat_rate=? WHERE room_id=?
2025-11-09 19:33:06.383 DEBUG 46241 --- [           main] c.p.c.d.m.RoomProfileMapper.updateById   : ==> Parameters: 1(Integer), 6491(Long), 29826900(Long), 28293400(Long), 298269(Long), 4230000(Long), 932540(Long), 1(Integer), 2(Integer), 0(Integer), 0(Integer), 3477(Long), 122(Integer)
2025-11-09 19:33:06.558 DEBUG 46241 --- [           main] c.p.c.d.m.RoomProfileMapper.updateById   : <==    Updates: 0
2025-11-09 19:33:06.562 DEBUG 46241 --- [           main] c.p.c.d.m.RoomProfileMapper.updateById   : ==>  Preparing: UPDATE g_room_profile SET room_type=?, play_total=?, bet_total=?, payment_total=?, jackpot_value=?, temp_bet_total=?, blood_value=?, plan_type=?, last_wave_type=?, small_count=?, big_count=?, wave_cheat_rate=? WHERE room_id=?
2025-11-09 19:33:06.562 DEBUG 46241 --- [           main] c.p.c.d.m.RoomProfileMapper.updateById   : ==> Parameters: 2(Integer), 4603(Long), 132273000(Long), 132259000(Long), 1322730(Long), 0(Long), -3292825(Long), 1(Integer), 2(Integer), 0(Integer), 0(Integer), 3282(Long), 127(Integer)
2025-11-09 19:33:06.740 DEBUG 46241 --- [           main] c.p.c.d.m.RoomProfileMapper.updateById   : <==    Updates: 0
2025-11-09 19:33:06.750 DEBUG 46241 --- [           main] c.p.c.d.m.RoomProfileMapper.updateById   : ==>  Preparing: UPDATE g_room_profile SET room_type=?, play_total=?, bet_total=?, payment_total=?, jackpot_value=?, temp_bet_total=?, blood_value=?, plan_type=?, last_wave_type=?, small_count=?, big_count=?, wave_cheat_rate=? WHERE room_id=?
2025-11-09 19:33:06.750 DEBUG 46241 --- [           main] c.p.c.d.m.RoomProfileMapper.updateById   : ==> Parameters: 3(Integer), 14(Long), 2430000(Long), 2100000(Long), 24300(Long), 540000(Long), 257100(Long), 2(Integer), 1(Integer), 1(Integer), 0(Integer), 2840(Long), 128(Integer)
2025-11-09 19:33:06.926 DEBUG 46241 --- [           main] c.p.c.d.m.RoomProfileMapper.updateById   : <==    Updates: 0
2025-11-09 19:33:06.929 DEBUG 46241 --- [           main] c.p.c.d.m.RoomProfileMapper.updateById   : ==>  Preparing: UPDATE g_room_profile SET room_type=?, play_total=?, bet_total=?, payment_total=?, jackpot_value=?, temp_bet_total=?, blood_value=?, plan_type=?, last_wave_type=?, small_count=?, big_count=?, wave_cheat_rate=? WHERE room_id=?
2025-11-09 19:33:06.931 DEBUG 46241 --- [           main] c.p.c.d.m.RoomProfileMapper.updateById   : ==> Parameters: 4(Integer), 10(Long), 26100000(Long), 11600000(Long), 261000(Long), 15300000(Long), 13717000(Long), 2(Integer), 1(Integer), 1(Integer), 0(Integer), 2901(Long), 129(Integer)
2025-11-09 19:33:07.109 DEBUG 46241 --- [           main] c.p.c.d.m.RoomProfileMapper.updateById   : <==    Updates: 0
2025-11-09 19:33:07.135 DEBUG 46241 --- [           main] c.p.c.dc.mapper.RoomMapper.selectList    : ==>  Preparing: SELECT id,game_id,room_type,name,min_gold_number,bet_arrs,rebate_rate,rebate_type,state,jackpot_tax,jackpot_type,jackpot_real_config,jackpot_fake_config,strat_blood_tax,strat_blood_multiple,strat_blood_balance,strat_plan_prob,strat_balance_end,strat_small_wave_fold,strat_small_wave_end,strat_small_wave_kill,strat_small_wave_free,strat_small_cheat,strat_big_wave_fold,strat_big_wave_end,strat_big_wave_kill,strat_big_wave_free,strat_big_cheat FROM c_room WHERE (game_id = ? AND state = ?)
2025-11-09 19:33:07.136 DEBUG 46241 --- [           main] c.p.c.dc.mapper.RoomMapper.selectList    : ==> Parameters: 41(Integer), 1(Integer)
2025-11-09 19:33:07.231 DEBUG 46241 --- [           main] c.p.c.dc.mapper.RoomMapper.selectList    : <==      Total: 4
2025-11-09 19:33:07.237 DEBUG 46241 --- [           main] c.p.c.d.m.RoomProfileMapper.updateById   : ==>  Preparing: UPDATE g_room_profile SET room_type=?, play_total=?, bet_total=?, payment_total=?, jackpot_value=?, temp_bet_total=?, blood_value=?, plan_type=?, last_wave_type=?, small_count=?, big_count=?, wave_cheat_rate=? WHERE room_id=?
2025-11-09 19:33:07.241 DEBUG 46241 --- [           main] c.p.c.d.m.RoomProfileMapper.updateById   : ==> Parameters: 1(Integer), 95(Long), 790000(Long), 608700(Long), 7900(Long), 300000(Long), 165500(Long), 1(Integer), 2(Integer), 0(Integer), 0(Integer), 3171(Long), 123(Integer)
2025-11-09 19:33:07.420 DEBUG 46241 --- [           main] c.p.c.d.m.RoomProfileMapper.updateById   : <==    Updates: 0
2025-11-09 19:33:07.422 DEBUG 46241 --- [           main] c.p.c.d.m.RoomProfileMapper.updateById   : ==>  Preparing: UPDATE g_room_profile SET room_type=?, play_total=?, bet_total=?, payment_total=?, jackpot_value=?, temp_bet_total=?, blood_value=?, plan_type=?, last_wave_type=?, small_count=?, big_count=?, wave_cheat_rate=? WHERE room_id=?
2025-11-09 19:33:07.423 DEBUG 46241 --- [           main] c.p.c.d.m.RoomProfileMapper.updateById   : ==> Parameters: 2(Integer), 101(Long), 3990000(Long), 2276000(Long), 39900(Long), 2440000(Long), 1590750(Long), 1(Integer), 2(Integer), 0(Integer), 0(Integer), 3313(Long), 124(Integer)
2025-11-09 19:33:07.600 DEBUG 46241 --- [           main] c.p.c.d.m.RoomProfileMapper.updateById   : <==    Updates: 0
2025-11-09 19:33:07.606 DEBUG 46241 --- [           main] c.p.c.d.m.RoomProfileMapper.updateById   : ==>  Preparing: UPDATE g_room_profile SET room_type=?, play_total=?, bet_total=?, payment_total=?, jackpot_value=?, temp_bet_total=?, blood_value=?, plan_type=?, last_wave_type=?, small_count=?, big_count=?, wave_cheat_rate=? WHERE room_id=?
2025-11-09 19:33:07.607 DEBUG 46241 --- [           main] c.p.c.d.m.RoomProfileMapper.updateById   : ==> Parameters: 3(Integer), 435(Long), 38500000(Long), 27470000(Long), 385000(Long), 38100000(Long), 9875000(Long), 2(Integer), 1(Integer), 1(Integer), 0(Integer), 2891(Long), 125(Integer)
2025-11-09 19:33:07.785 DEBUG 46241 --- [           main] c.p.c.d.m.RoomProfileMapper.updateById   : <==    Updates: 0
2025-11-09 19:33:07.791 DEBUG 46241 --- [           main] c.p.c.d.m.RoomProfileMapper.updateById   : ==>  Preparing: UPDATE g_room_profile SET room_type=?, play_total=?, bet_total=?, payment_total=?, jackpot_value=?, temp_bet_total=?, blood_value=?, plan_type=?, last_wave_type=?, small_count=?, big_count=?, wave_cheat_rate=? WHERE room_id=?
2025-11-09 19:33:07.798 DEBUG 46241 --- [           main] c.p.c.d.m.RoomProfileMapper.updateById   : ==> Parameters: 4(Integer), 0(Long), 0(Long), 0(Long), 0(Long), 0(Long), 0(Long), 1(Integer), 2(Integer), 0(Integer), 0(Integer), 0(Long), 126(Integer)
2025-11-09 19:33:07.973 DEBUG 46241 --- [           main] c.p.c.d.m.RoomProfileMapper.updateById   : <==    Updates: 0
2025-11-09 19:33:08.001 DEBUG 46241 --- [           main] c.p.c.dc.mapper.RoomMapper.selectList    : ==>  Preparing: SELECT id,game_id,room_type,name,min_gold_number,bet_arrs,rebate_rate,rebate_type,state,jackpot_tax,jackpot_type,jackpot_real_config,jackpot_fake_config,strat_blood_tax,strat_blood_multiple,strat_blood_balance,strat_plan_prob,strat_balance_end,strat_small_wave_fold,strat_small_wave_end,strat_small_wave_kill,strat_small_wave_free,strat_small_cheat,strat_big_wave_fold,strat_big_wave_end,strat_big_wave_kill,strat_big_wave_free,strat_big_cheat FROM c_room WHERE (game_id = ? AND state = ?)
2025-11-09 19:33:08.003 DEBUG 46241 --- [           main] c.p.c.dc.mapper.RoomMapper.selectList    : ==> Parameters: 42(Integer), 1(Integer)
2025-11-09 19:33:08.093 DEBUG 46241 --- [           main] c.p.c.dc.mapper.RoomMapper.selectList    : <==      Total: 4
2025-11-09 19:33:08.104 DEBUG 46241 --- [           main] c.p.c.d.m.RoomProfileMapper.updateById   : ==>  Preparing: UPDATE g_room_profile SET room_type=?, play_total=?, bet_total=?, payment_total=?, jackpot_value=?, temp_bet_total=?, blood_value=?, plan_type=?, last_wave_type=?, small_count=?, big_count=?, wave_cheat_rate=? WHERE room_id=?
2025-11-09 19:33:08.106 DEBUG 46241 --- [           main] c.p.c.d.m.RoomProfileMapper.updateById   : ==> Parameters: 1(Integer), 1322(Long), 5742000(Long), 4567300(Long), 57420(Long), 4919000(Long), 1053700(Long), 1(Integer), 2(Integer), 0(Integer), 0(Integer), 3318(Long), 130(Integer)
2025-11-09 19:33:08.287 DEBUG 46241 --- [           main] c.p.c.d.m.RoomProfileMapper.updateById   : <==    Updates: 0
2025-11-09 19:33:08.289 DEBUG 46241 --- [           main] c.p.c.d.m.RoomProfileMapper.updateById   : ==>  Preparing: UPDATE g_room_profile SET room_type=?, play_total=?, bet_total=?, payment_total=?, jackpot_value=?, temp_bet_total=?, blood_value=?, plan_type=?, last_wave_type=?, small_count=?, big_count=?, wave_cheat_rate=? WHERE room_id=?
2025-11-09 19:33:08.290 DEBUG 46241 --- [           main] c.p.c.d.m.RoomProfileMapper.updateById   : ==> Parameters: 2(Integer), 84(Long), 990000(Long), 612000(Long), 9900(Long), 450000(Long), 353250(Long), 1(Integer), 2(Integer), 0(Integer), 0(Integer), 3039(Long), 131(Integer)
2025-11-09 19:33:08.469 DEBUG 46241 --- [           main] c.p.c.d.m.RoomProfileMapper.updateById   : <==    Updates: 0
2025-11-09 19:33:08.473 DEBUG 46241 --- [           main] c.p.c.d.m.RoomProfileMapper.updateById   : ==>  Preparing: UPDATE g_room_profile SET room_type=?, play_total=?, bet_total=?, payment_total=?, jackpot_value=?, temp_bet_total=?, blood_value=?, plan_type=?, last_wave_type=?, small_count=?, big_count=?, wave_cheat_rate=? WHERE room_id=?
2025-11-09 19:33:08.476 DEBUG 46241 --- [           main] c.p.c.d.m.RoomProfileMapper.updateById   : ==> Parameters: 3(Integer), 14(Long), 1400000(Long), 1370000(Long), 14000(Long), 1300000(Long), -12000(Long), 2(Integer), 1(Integer), 1(Integer), 0(Integer), 2564(Long), 132(Integer)
2025-11-09 19:33:08.652 DEBUG 46241 --- [           main] c.p.c.d.m.RoomProfileMapper.updateById   : <==    Updates: 0
2025-11-09 19:33:08.656 DEBUG 46241 --- [           main] c.p.c.d.m.RoomProfileMapper.updateById   : ==>  Preparing: UPDATE g_room_profile SET room_type=?, play_total=?, bet_total=?, payment_total=?, jackpot_value=?, temp_bet_total=?, blood_value=?, plan_type=?, last_wave_type=?, small_count=?, big_count=?, wave_cheat_rate=? WHERE room_id=?
2025-11-09 19:33:08.658 DEBUG 46241 --- [           main] c.p.c.d.m.RoomProfileMapper.updateById   : ==> Parameters: 4(Integer), 0(Long), 0(Long), 0(Long), 0(Long), 0(Long), 0(Long), 1(Integer), 2(Integer), 0(Integer), 0(Integer), 0(Long), 133(Integer)
2025-11-09 19:33:08.835 DEBUG 46241 --- [           main] c.p.c.d.m.RoomProfileMapper.updateById   : <==    Updates: 0
2025-11-09 19:33:08.859 DEBUG 46241 --- [           main] c.p.c.dc.mapper.RoomMapper.selectList    : ==>  Preparing: SELECT id,game_id,room_type,name,min_gold_number,bet_arrs,rebate_rate,rebate_type,state,jackpot_tax,jackpot_type,jackpot_real_config,jackpot_fake_config,strat_blood_tax,strat_blood_multiple,strat_blood_balance,strat_plan_prob,strat_balance_end,strat_small_wave_fold,strat_small_wave_end,strat_small_wave_kill,strat_small_wave_free,strat_small_cheat,strat_big_wave_fold,strat_big_wave_end,strat_big_wave_kill,strat_big_wave_free,strat_big_cheat FROM c_room WHERE (game_id = ? AND state = ?)
2025-11-09 19:33:08.861 DEBUG 46241 --- [           main] c.p.c.dc.mapper.RoomMapper.selectList    : ==> Parameters: 43(Integer), 1(Integer)
2025-11-09 19:33:08.955 DEBUG 46241 --- [           main] c.p.c.dc.mapper.RoomMapper.selectList    : <==      Total: 4
2025-11-09 19:33:08.959 DEBUG 46241 --- [           main] c.p.c.d.m.RoomProfileMapper.updateById   : ==>  Preparing: UPDATE g_room_profile SET room_type=?, play_total=?, bet_total=?, payment_total=?, jackpot_value=?, temp_bet_total=?, blood_value=?, plan_type=?, last_wave_type=?, small_count=?, big_count=?, wave_cheat_rate=? WHERE room_id=?
2025-11-09 19:33:08.959 DEBUG 46241 --- [           main] c.p.c.d.m.RoomProfileMapper.updateById   : ==> Parameters: 1(Integer), 205(Long), 713000(Long), 203500(Long), 7130(Long), 713000(Long), 493605(Long), 1(Integer), 2(Integer), 0(Integer), 0(Integer), 0(Long), 134(Integer)
2025-11-09 19:33:09.138 DEBUG 46241 --- [           main] c.p.c.d.m.RoomProfileMapper.updateById   : <==    Updates: 0
2025-11-09 19:33:09.145 DEBUG 46241 --- [           main] c.p.c.d.m.RoomProfileMapper.updateById   : ==>  Preparing: UPDATE g_room_profile SET room_type=?, play_total=?, bet_total=?, payment_total=?, jackpot_value=?, temp_bet_total=?, blood_value=?, plan_type=?, last_wave_type=?, small_count=?, big_count=?, wave_cheat_rate=? WHERE room_id=?
2025-11-09 19:33:09.145 DEBUG 46241 --- [           main] c.p.c.d.m.RoomProfileMapper.updateById   : ==> Parameters: 2(Integer), 89(Long), 1190000(Long), 298000(Long), 11900(Long), 1190000(Long), 858150(Long), 1(Integer), 2(Integer), 0(Integer), 0(Integer), 0(Long), 135(Integer)
2025-11-09 19:33:09.323 DEBUG 46241 --- [           main] c.p.c.d.m.RoomProfileMapper.updateById   : <==    Updates: 0
2025-11-09 19:33:09.325 DEBUG 46241 --- [           main] c.p.c.d.m.RoomProfileMapper.updateById   : ==>  Preparing: UPDATE g_room_profile SET room_type=?, play_total=?, bet_total=?, payment_total=?, jackpot_value=?, temp_bet_total=?, blood_value=?, plan_type=?, last_wave_type=?, small_count=?, big_count=?, wave_cheat_rate=? WHERE room_id=?
2025-11-09 19:33:09.327 DEBUG 46241 --- [           main] c.p.c.d.m.RoomProfileMapper.updateById   : ==> Parameters: 3(Integer), 45(Long), 4500000(Long), 760000(Long), 45000(Long), 4500000(Long), 3605000(Long), 1(Integer), 2(Integer), 0(Integer), 0(Integer), 0(Long), 136(Integer)
2025-11-09 19:33:09.504 DEBUG 46241 --- [           main] c.p.c.d.m.RoomProfileMapper.updateById   : <==    Updates: 0
2025-11-09 19:33:09.509 DEBUG 46241 --- [           main] c.p.c.d.m.RoomProfileMapper.updateById   : ==>  Preparing: UPDATE g_room_profile SET room_type=?, play_total=?, bet_total=?, payment_total=?, jackpot_value=?, temp_bet_total=?, blood_value=?, plan_type=?, last_wave_type=?, small_count=?, big_count=?, wave_cheat_rate=? WHERE room_id=?
2025-11-09 19:33:09.509 DEBUG 46241 --- [           main] c.p.c.d.m.RoomProfileMapper.updateById   : ==> Parameters: 4(Integer), 43(Long), 120400000(Long), 49560000(Long), 1204000(Long), 92400000(Long), 65422000(Long), 2(Integer), 2(Integer), 2(Integer), 0(Integer), 2669(Long), 137(Integer)
2025-11-09 19:33:09.686 DEBUG 46241 --- [           main] c.p.c.d.m.RoomProfileMapper.updateById   : <==    Updates: 0
2025-11-09 19:33:09.718 DEBUG 46241 --- [           main] c.p.c.dc.mapper.RoomMapper.selectList    : ==>  Preparing: SELECT id,game_id,room_type,name,min_gold_number,bet_arrs,rebate_rate,rebate_type,state,jackpot_tax,jackpot_type,jackpot_real_config,jackpot_fake_config,strat_blood_tax,strat_blood_multiple,strat_blood_balance,strat_plan_prob,strat_balance_end,strat_small_wave_fold,strat_small_wave_end,strat_small_wave_kill,strat_small_wave_free,strat_small_cheat,strat_big_wave_fold,strat_big_wave_end,strat_big_wave_kill,strat_big_wave_free,strat_big_cheat FROM c_room WHERE (game_id = ? AND state = ?)
2025-11-09 19:33:09.718 DEBUG 46241 --- [           main] c.p.c.dc.mapper.RoomMapper.selectList    : ==> Parameters: 44(Integer), 1(Integer)
2025-11-09 19:33:09.808 DEBUG 46241 --- [           main] c.p.c.dc.mapper.RoomMapper.selectList    : <==      Total: 3
2025-11-09 19:33:09.815 DEBUG 46241 --- [           main] c.p.c.d.m.RoomProfileMapper.updateById   : ==>  Preparing: UPDATE g_room_profile SET room_type=?, play_total=?, bet_total=?, payment_total=?, jackpot_value=?, temp_bet_total=?, blood_value=?, plan_type=?, last_wave_type=?, small_count=?, big_count=?, wave_cheat_rate=? WHERE room_id=?
2025-11-09 19:33:09.819 DEBUG 46241 --- [           main] c.p.c.d.m.RoomProfileMapper.updateById   : ==> Parameters: 1(Integer), 1549(Long), 1693900(Long), 1633900(Long), 0(Long), 100600(Long), 43061(Long), 1(Integer), 2(Integer), 0(Integer), 0(Integer), 3803(Long), 1707(Integer)
2025-11-09 19:33:09.996 DEBUG 46241 --- [           main] c.p.c.d.m.RoomProfileMapper.updateById   : <==    Updates: 0
2025-11-09 19:33:09.999 DEBUG 46241 --- [           main] c.p.c.d.m.RoomProfileMapper.updateById   : ==>  Preparing: UPDATE g_room_profile SET room_type=?, play_total=?, bet_total=?, payment_total=?, jackpot_value=?, temp_bet_total=?, blood_value=?, plan_type=?, last_wave_type=?, small_count=?, big_count=?, wave_cheat_rate=? WHERE room_id=?
2025-11-09 19:33:10.000 DEBUG 46241 --- [           main] c.p.c.d.m.RoomProfileMapper.updateById   : ==> Parameters: 2(Integer), 4173(Long), 41631000(Long), 39408000(Long), 0(Long), 6378000(Long), 1598535(Long), 1(Integer), 2(Integer), 0(Integer), 0(Integer), 3795(Long), 1710(Integer)
2025-11-09 19:33:10.179 DEBUG 46241 --- [           main] c.p.c.d.m.RoomProfileMapper.updateById   : <==    Updates: 0
2025-11-09 19:33:10.188 DEBUG 46241 --- [           main] c.p.c.d.m.RoomProfileMapper.updateById   : ==>  Preparing: UPDATE g_room_profile SET room_type=?, play_total=?, bet_total=?, payment_total=?, jackpot_value=?, temp_bet_total=?, blood_value=?, plan_type=?, last_wave_type=?, small_count=?, big_count=?, wave_cheat_rate=? WHERE room_id=?
2025-11-09 19:33:10.188 DEBUG 46241 --- [           main] c.p.c.d.m.RoomProfileMapper.updateById   : ==> Parameters: 3(Integer), 546(Long), 0(Long), 0(Long), 0(Long), 0(Long), 0(Long), 2(Integer), 1(Integer), 1(Integer), 0(Integer), 2752(Long), 1711(Integer)
2025-11-09 19:33:10.366 DEBUG 46241 --- [           main] c.p.c.d.m.RoomProfileMapper.updateById   : <==    Updates: 0
2025-11-09 19:33:10.389 DEBUG 46241 --- [           main] c.p.c.d.m.ErrorCodeMapper.selectById     : ==>  Preparing: SELECT code,code_type,default_langue,chinese,tradition,english FROM c_error_code WHERE code=?
2025-11-09 19:33:10.389 DEBUG 46241 --- [           main] c.p.c.d.m.ErrorCodeMapper.selectById     : ==> Parameters: 5505(Integer)
2025-11-09 19:33:10.482 DEBUG 46241 --- [           main] c.p.c.d.m.ErrorCodeMapper.selectById     : <==      Total: 1
2025-11-09 19:33:10.490 DEBUG 46241 --- [           main] c.p.c.d.m.ErrorCodeMapper.selectById     : ==>  Preparing: SELECT code,code_type,default_langue,chinese,tradition,english FROM c_error_code WHERE code=?
2025-11-09 19:33:10.491 DEBUG 46241 --- [           main] c.p.c.d.m.ErrorCodeMapper.selectById     : ==> Parameters: 6401(Integer)
2025-11-09 19:33:10.584 DEBUG 46241 --- [           main] c.p.c.d.m.ErrorCodeMapper.selectById     : <==      Total: 1
2025-11-09 19:33:10.592 DEBUG 46241 --- [           main] c.p.c.d.m.ErrorCodeMapper.selectById     : ==>  Preparing: SELECT code,code_type,default_langue,chinese,tradition,english FROM c_error_code WHERE code=?
2025-11-09 19:33:10.592 DEBUG 46241 --- [           main] c.p.c.d.m.ErrorCodeMapper.selectById     : ==> Parameters: 6402(Integer)
2025-11-09 19:33:10.679 DEBUG 46241 --- [           main] c.p.c.d.m.ErrorCodeMapper.selectById     : <==      Total: 1
2025-11-09 19:33:10.685 DEBUG 46241 --- [           main] c.p.c.d.m.ErrorCodeMapper.selectById     : ==>  Preparing: SELECT code,code_type,default_langue,chinese,tradition,english FROM c_error_code WHERE code=?
2025-11-09 19:33:10.686 DEBUG 46241 --- [           main] c.p.c.d.m.ErrorCodeMapper.selectById     : ==> Parameters: 6403(Integer)
2025-11-09 19:33:10.775 DEBUG 46241 --- [           main] c.p.c.d.m.ErrorCodeMapper.selectById     : <==      Total: 1
2025-11-09 19:33:10.779 DEBUG 46241 --- [           main] c.p.c.d.m.ErrorCodeMapper.selectById     : ==>  Preparing: SELECT code,code_type,default_langue,chinese,tradition,english FROM c_error_code WHERE code=?
2025-11-09 19:33:10.779 DEBUG 46241 --- [           main] c.p.c.d.m.ErrorCodeMapper.selectById     : ==> Parameters: 6404(Integer)
2025-11-09 19:33:10.866 DEBUG 46241 --- [           main] c.p.c.d.m.ErrorCodeMapper.selectById     : <==      Total: 1
2025-11-09 19:33:10.869 DEBUG 46241 --- [           main] c.p.c.d.m.ErrorCodeMapper.selectById     : ==>  Preparing: SELECT code,code_type,default_langue,chinese,tradition,english FROM c_error_code WHERE code=?
2025-11-09 19:33:10.870 DEBUG 46241 --- [           main] c.p.c.d.m.ErrorCodeMapper.selectById     : ==> Parameters: 6405(Integer)
2025-11-09 19:33:10.958 DEBUG 46241 --- [           main] c.p.c.d.m.ErrorCodeMapper.selectById     : <==      Total: 1
2025-11-09 19:33:10.964 DEBUG 46241 --- [           main] c.p.c.d.m.ErrorCodeMapper.selectById     : ==>  Preparing: SELECT code,code_type,default_langue,chinese,tradition,english FROM c_error_code WHERE code=?
2025-11-09 19:33:10.964 DEBUG 46241 --- [           main] c.p.c.d.m.ErrorCodeMapper.selectById     : ==> Parameters: 6406(Integer)
2025-11-09 19:33:11.052 DEBUG 46241 --- [           main] c.p.c.d.m.ErrorCodeMapper.selectById     : <==      Total: 1
2025-11-09 19:33:11.056 DEBUG 46241 --- [           main] c.p.c.d.m.ErrorCodeMapper.selectById     : ==>  Preparing: SELECT code,code_type,default_langue,chinese,tradition,english FROM c_error_code WHERE code=?
2025-11-09 19:33:11.056 DEBUG 46241 --- [           main] c.p.c.d.m.ErrorCodeMapper.selectById     : ==> Parameters: 6407(Integer)
2025-11-09 19:33:11.144 DEBUG 46241 --- [           main] c.p.c.d.m.ErrorCodeMapper.selectById     : <==      Total: 1
2025-11-09 19:33:11.150 DEBUG 46241 --- [           main] c.p.c.d.m.ErrorCodeMapper.selectById     : ==>  Preparing: SELECT code,code_type,default_langue,chinese,tradition,english FROM c_error_code WHERE code=?
2025-11-09 19:33:11.150 DEBUG 46241 --- [           main] c.p.c.d.m.ErrorCodeMapper.selectById     : ==> Parameters: 6408(Integer)
2025-11-09 19:33:11.240 DEBUG 46241 --- [           main] c.p.c.d.m.ErrorCodeMapper.selectById     : <==      Total: 1
2025-11-09 19:33:11.245 DEBUG 46241 --- [           main] c.p.c.d.m.ErrorCodeMapper.selectById     : ==>  Preparing: SELECT code,code_type,default_langue,chinese,tradition,english FROM c_error_code WHERE code=?
2025-11-09 19:33:11.246 DEBUG 46241 --- [           main] c.p.c.d.m.ErrorCodeMapper.selectById     : ==> Parameters: 6409(Integer)
2025-11-09 19:33:11.333 DEBUG 46241 --- [           main] c.p.c.d.m.ErrorCodeMapper.selectById     : <==      Total: 1
2025-11-09 19:33:11.336 DEBUG 46241 --- [           main] c.p.c.d.m.ErrorCodeMapper.selectById     : ==>  Preparing: SELECT code,code_type,default_langue,chinese,tradition,english FROM c_error_code WHERE code=?
2025-11-09 19:33:11.336 DEBUG 46241 --- [           main] c.p.c.d.m.ErrorCodeMapper.selectById     : ==> Parameters: 6410(Integer)
2025-11-09 19:33:11.425 DEBUG 46241 --- [           main] c.p.c.d.m.ErrorCodeMapper.selectById     : <==      Total: 1
2025-11-09 19:33:11.426 DEBUG 46241 --- [           main] c.p.c.d.m.ErrorCodeMapper.selectById     : ==>  Preparing: SELECT code,code_type,default_langue,chinese,tradition,english FROM c_error_code WHERE code=?
2025-11-09 19:33:11.426 DEBUG 46241 --- [           main] c.p.c.d.m.ErrorCodeMapper.selectById     : ==> Parameters: 6411(Integer)
2025-11-09 19:33:11.517 DEBUG 46241 --- [           main] c.p.c.d.m.ErrorCodeMapper.selectById     : <==      Total: 1
2025-11-09 19:33:11.522 DEBUG 46241 --- [           main] c.p.c.d.m.ErrorCodeMapper.selectById     : ==>  Preparing: SELECT code,code_type,default_langue,chinese,tradition,english FROM c_error_code WHERE code=?
2025-11-09 19:33:11.522 DEBUG 46241 --- [           main] c.p.c.d.m.ErrorCodeMapper.selectById     : ==> Parameters: 6412(Integer)
2025-11-09 19:33:11.613 DEBUG 46241 --- [           main] c.p.c.d.m.ErrorCodeMapper.selectById     : <==      Total: 1
2025-11-09 19:33:11.622 DEBUG 46241 --- [           main] c.p.c.d.m.ErrorCodeMapper.selectById     : ==>  Preparing: SELECT code,code_type,default_langue,chinese,tradition,english FROM c_error_code WHERE code=?
2025-11-09 19:33:11.623 DEBUG 46241 --- [           main] c.p.c.d.m.ErrorCodeMapper.selectById     : ==> Parameters: 6413(Integer)
2025-11-09 19:33:11.711 DEBUG 46241 --- [           main] c.p.c.d.m.ErrorCodeMapper.selectById     : <==      Total: 1
2025-11-09 19:33:11.719 DEBUG 46241 --- [           main] c.p.c.d.m.ErrorCodeMapper.selectById     : ==>  Preparing: SELECT code,code_type,default_langue,chinese,tradition,english FROM c_error_code WHERE code=?
2025-11-09 19:33:11.720 DEBUG 46241 --- [           main] c.p.c.d.m.ErrorCodeMapper.selectById     : ==> Parameters: 6414(Integer)
2025-11-09 19:33:11.809 DEBUG 46241 --- [           main] c.p.c.d.m.ErrorCodeMapper.selectById     : <==      Total: 1
2025-11-09 19:33:11.819 DEBUG 46241 --- [           main] c.p.c.d.m.ErrorCodeMapper.selectById     : ==>  Preparing: SELECT code,code_type,default_langue,chinese,tradition,english FROM c_error_code WHERE code=?
2025-11-09 19:33:11.819 DEBUG 46241 --- [           main] c.p.c.d.m.ErrorCodeMapper.selectById     : ==> Parameters: 6415(Integer)
2025-11-09 19:33:11.907 DEBUG 46241 --- [           main] c.p.c.d.m.ErrorCodeMapper.selectById     : <==      Total: 1
2025-11-09 19:33:11.912 DEBUG 46241 --- [           main] c.p.c.d.m.ErrorCodeMapper.selectById     : ==>  Preparing: SELECT code,code_type,default_langue,chinese,tradition,english FROM c_error_code WHERE code=?
2025-11-09 19:33:11.913 DEBUG 46241 --- [           main] c.p.c.d.m.ErrorCodeMapper.selectById     : ==> Parameters: 6416(Integer)
2025-11-09 19:33:12.003 DEBUG 46241 --- [           main] c.p.c.d.m.ErrorCodeMapper.selectById     : <==      Total: 1
2025-11-09 19:33:12.004 DEBUG 46241 --- [           main] c.p.c.d.m.ErrorCodeMapper.selectById     : ==>  Preparing: SELECT code,code_type,default_langue,chinese,tradition,english FROM c_error_code WHERE code=?
2025-11-09 19:33:12.006 DEBUG 46241 --- [           main] c.p.c.d.m.ErrorCodeMapper.selectById     : ==> Parameters: 7700(Integer)
2025-11-09 19:33:12.094 DEBUG 46241 --- [           main] c.p.c.d.m.ErrorCodeMapper.selectById     : <==      Total: 1
2025-11-09 19:33:12.100 DEBUG 46241 --- [           main] c.p.c.d.m.ErrorCodeMapper.selectById     : ==>  Preparing: SELECT code,code_type,default_langue,chinese,tradition,english FROM c_error_code WHERE code=?
2025-11-09 19:33:12.101 DEBUG 46241 --- [           main] c.p.c.d.m.ErrorCodeMapper.selectById     : ==> Parameters: 6300(Integer)
2025-11-09 19:33:12.190 DEBUG 46241 --- [           main] c.p.c.d.m.ErrorCodeMapper.selectById     : <==      Total: 1
2025-11-09 19:33:12.192 DEBUG 46241 --- [           main] c.p.c.d.m.ErrorCodeMapper.selectById     : ==>  Preparing: SELECT code,code_type,default_langue,chinese,tradition,english FROM c_error_code WHERE code=?
2025-11-09 19:33:12.193 DEBUG 46241 --- [           main] c.p.c.d.m.ErrorCodeMapper.selectById     : ==> Parameters: 6301(Integer)
2025-11-09 19:33:12.283 DEBUG 46241 --- [           main] c.p.c.d.m.ErrorCodeMapper.selectById     : <==      Total: 1
2025-11-09 19:33:12.291 DEBUG 46241 --- [           main] c.p.c.d.m.ErrorCodeMapper.selectById     : ==>  Preparing: SELECT code,code_type,default_langue,chinese,tradition,english FROM c_error_code WHERE code=?
2025-11-09 19:33:12.291 DEBUG 46241 --- [           main] c.p.c.d.m.ErrorCodeMapper.selectById     : ==> Parameters: 6302(Integer)
2025-11-09 19:33:12.382 DEBUG 46241 --- [           main] c.p.c.d.m.ErrorCodeMapper.selectById     : <==      Total: 1
2025-11-09 19:33:12.388 DEBUG 46241 --- [           main] c.p.c.d.m.ErrorCodeMapper.selectById     : ==>  Preparing: SELECT code,code_type,default_langue,chinese,tradition,english FROM c_error_code WHERE code=?
2025-11-09 19:33:12.388 DEBUG 46241 --- [           main] c.p.c.d.m.ErrorCodeMapper.selectById     : ==> Parameters: 6303(Integer)
2025-11-09 19:33:12.476 DEBUG 46241 --- [           main] c.p.c.d.m.ErrorCodeMapper.selectById     : <==      Total: 1
2025-11-09 19:33:12.480 DEBUG 46241 --- [           main] c.p.c.d.m.ErrorCodeMapper.selectById     : ==>  Preparing: SELECT code,code_type,default_langue,chinese,tradition,english FROM c_error_code WHERE code=?
2025-11-09 19:33:12.480 DEBUG 46241 --- [           main] c.p.c.d.m.ErrorCodeMapper.selectById     : ==> Parameters: 6304(Integer)
2025-11-09 19:33:12.571 DEBUG 46241 --- [           main] c.p.c.d.m.ErrorCodeMapper.selectById     : <==      Total: 1
2025-11-09 19:33:12.572 DEBUG 46241 --- [           main] c.p.c.d.m.ErrorCodeMapper.selectById     : ==>  Preparing: SELECT code,code_type,default_langue,chinese,tradition,english FROM c_error_code WHERE code=?
2025-11-09 19:33:12.574 DEBUG 46241 --- [           main] c.p.c.d.m.ErrorCodeMapper.selectById     : ==> Parameters: 6305(Integer)
2025-11-09 19:33:12.661 DEBUG 46241 --- [           main] c.p.c.d.m.ErrorCodeMapper.selectById     : <==      Total: 1
2025-11-09 19:33:12.664 DEBUG 46241 --- [           main] c.p.c.d.m.ErrorCodeMapper.selectById     : ==>  Preparing: SELECT code,code_type,default_langue,chinese,tradition,english FROM c_error_code WHERE code=?
2025-11-09 19:33:12.665 DEBUG 46241 --- [           main] c.p.c.d.m.ErrorCodeMapper.selectById     : ==> Parameters: 550(Integer)
2025-11-09 19:33:12.754 DEBUG 46241 --- [           main] c.p.c.d.m.ErrorCodeMapper.selectById     : <==      Total: 1
2025-11-09 19:33:12.755 DEBUG 46241 --- [           main] c.p.c.d.m.ErrorCodeMapper.selectById     : ==>  Preparing: SELECT code,code_type,default_langue,chinese,tradition,english FROM c_error_code WHERE code=?
2025-11-09 19:33:12.755 DEBUG 46241 --- [           main] c.p.c.d.m.ErrorCodeMapper.selectById     : ==> Parameters: 7720(Integer)
2025-11-09 19:33:12.845 DEBUG 46241 --- [           main] c.p.c.d.m.ErrorCodeMapper.selectById     : <==      Total: 1
2025-11-09 19:33:12.846 DEBUG 46241 --- [           main] c.p.c.d.m.ErrorCodeMapper.selectById     : ==>  Preparing: SELECT code,code_type,default_langue,chinese,tradition,english FROM c_error_code WHERE code=?
2025-11-09 19:33:12.846 DEBUG 46241 --- [           main] c.p.c.d.m.ErrorCodeMapper.selectById     : ==> Parameters: 7721(Integer)
2025-11-09 19:33:12.933 DEBUG 46241 --- [           main] c.p.c.d.m.ErrorCodeMapper.selectById     : <==      Total: 1
2025-11-09 19:33:12.938 DEBUG 46241 --- [           main] c.p.c.d.m.ErrorCodeMapper.selectById     : ==>  Preparing: SELECT code,code_type,default_langue,chinese,tradition,english FROM c_error_code WHERE code=?
2025-11-09 19:33:12.939 DEBUG 46241 --- [           main] c.p.c.d.m.ErrorCodeMapper.selectById     : ==> Parameters: 7722(Integer)
2025-11-09 19:33:13.026 DEBUG 46241 --- [           main] c.p.c.d.m.ErrorCodeMapper.selectById     : <==      Total: 1
2025-11-09 19:33:13.034 DEBUG 46241 --- [           main] c.p.c.d.m.ErrorCodeMapper.selectById     : ==>  Preparing: SELECT code,code_type,default_langue,chinese,tradition,english FROM c_error_code WHERE code=?
2025-11-09 19:33:13.035 DEBUG 46241 --- [           main] c.p.c.d.m.ErrorCodeMapper.selectById     : ==> Parameters: 5555(Integer)
2025-11-09 19:33:13.122 DEBUG 46241 --- [           main] c.p.c.d.m.ErrorCodeMapper.selectById     : <==      Total: 1
2025-11-09 19:33:13.133 DEBUG 46241 --- [           main] c.p.c.d.m.ErrorCodeMapper.selectById     : ==>  Preparing: SELECT code,code_type,default_langue,chinese,tradition,english FROM c_error_code WHERE code=?
2025-11-09 19:33:13.133 DEBUG 46241 --- [           main] c.p.c.d.m.ErrorCodeMapper.selectById     : ==> Parameters: 5560(Integer)
2025-11-09 19:33:13.223 DEBUG 46241 --- [           main] c.p.c.d.m.ErrorCodeMapper.selectById     : <==      Total: 1
2025-11-09 19:33:13.224 DEBUG 46241 --- [           main] c.p.c.d.m.ErrorCodeMapper.selectById     : ==>  Preparing: SELECT code,code_type,default_langue,chinese,tradition,english FROM c_error_code WHERE code=?
2025-11-09 19:33:13.224 DEBUG 46241 --- [           main] c.p.c.d.m.ErrorCodeMapper.selectById     : ==> Parameters: 6200(Integer)
2025-11-09 19:33:13.312 DEBUG 46241 --- [           main] c.p.c.d.m.ErrorCodeMapper.selectById     : <==      Total: 1
2025-11-09 19:33:13.316 DEBUG 46241 --- [           main] c.p.c.d.m.ErrorCodeMapper.selectById     : ==>  Preparing: SELECT code,code_type,default_langue,chinese,tradition,english FROM c_error_code WHERE code=?
2025-11-09 19:33:13.316 DEBUG 46241 --- [           main] c.p.c.d.m.ErrorCodeMapper.selectById     : ==> Parameters: 6202(Integer)
2025-11-09 19:33:13.406 DEBUG 46241 --- [           main] c.p.c.d.m.ErrorCodeMapper.selectById     : <==      Total: 1
2025-11-09 19:33:13.407 DEBUG 46241 --- [           main] c.p.c.d.m.ErrorCodeMapper.selectById     : ==>  Preparing: SELECT code,code_type,default_langue,chinese,tradition,english FROM c_error_code WHERE code=?
2025-11-09 19:33:13.407 DEBUG 46241 --- [           main] c.p.c.d.m.ErrorCodeMapper.selectById     : ==> Parameters: 7740(Integer)
2025-11-09 19:33:13.495 DEBUG 46241 --- [           main] c.p.c.d.m.ErrorCodeMapper.selectById     : <==      Total: 1
2025-11-09 19:33:13.498 DEBUG 46241 --- [           main] c.p.c.d.m.ErrorCodeMapper.selectById     : ==>  Preparing: SELECT code,code_type,default_langue,chinese,tradition,english FROM c_error_code WHERE code=?
2025-11-09 19:33:13.500 DEBUG 46241 --- [           main] c.p.c.d.m.ErrorCodeMapper.selectById     : ==> Parameters: 5565(Integer)
2025-11-09 19:33:13.587 DEBUG 46241 --- [           main] c.p.c.d.m.ErrorCodeMapper.selectById     : <==      Total: 1
2025-11-09 19:33:13.589 DEBUG 46241 --- [           main] c.p.c.d.m.ErrorCodeMapper.selectById     : ==>  Preparing: SELECT code,code_type,default_langue,chinese,tradition,english FROM c_error_code WHERE code=?
2025-11-09 19:33:13.590 DEBUG 46241 --- [           main] c.p.c.d.m.ErrorCodeMapper.selectById     : ==> Parameters: 7741(Integer)
2025-11-09 19:33:13.677 DEBUG 46241 --- [           main] c.p.c.d.m.ErrorCodeMapper.selectById     : <==      Total: 1
2025-11-09 19:33:13.679 DEBUG 46241 --- [           main] c.p.c.d.m.ErrorCodeMapper.selectById     : ==>  Preparing: SELECT code,code_type,default_langue,chinese,tradition,english FROM c_error_code WHERE code=?
2025-11-09 19:33:13.680 DEBUG 46241 --- [           main] c.p.c.d.m.ErrorCodeMapper.selectById     : ==> Parameters: 5566(Integer)
2025-11-09 19:33:13.767 DEBUG 46241 --- [           main] c.p.c.d.m.ErrorCodeMapper.selectById     : <==      Total: 1
2025-11-09 19:33:13.768 DEBUG 46241 --- [           main] c.p.c.d.m.ErrorCodeMapper.selectById     : ==>  Preparing: SELECT code,code_type,default_langue,chinese,tradition,english FROM c_error_code WHERE code=?
2025-11-09 19:33:13.769 DEBUG 46241 --- [           main] c.p.c.d.m.ErrorCodeMapper.selectById     : ==> Parameters: 8000(Integer)
2025-11-09 19:33:13.857 DEBUG 46241 --- [           main] c.p.c.d.m.ErrorCodeMapper.selectById     : <==      Total: 1
2025-11-09 19:33:13.858 DEBUG 46241 --- [           main] c.p.c.d.m.ErrorCodeMapper.selectById     : ==>  Preparing: SELECT code,code_type,default_langue,chinese,tradition,english FROM c_error_code WHERE code=?
2025-11-09 19:33:13.858 DEBUG 46241 --- [           main] c.p.c.d.m.ErrorCodeMapper.selectById     : ==> Parameters: 5570(Integer)
2025-11-09 19:33:13.945 DEBUG 46241 --- [           main] c.p.c.d.m.ErrorCodeMapper.selectById     : <==      Total: 1
2025-11-09 19:33:13.946 DEBUG 46241 --- [           main] c.p.c.d.m.ErrorCodeMapper.selectById     : ==>  Preparing: SELECT code,code_type,default_langue,chinese,tradition,english FROM c_error_code WHERE code=?
2025-11-09 19:33:13.946 DEBUG 46241 --- [           main] c.p.c.d.m.ErrorCodeMapper.selectById     : ==> Parameters: 200(Integer)
2025-11-09 19:33:14.033 DEBUG 46241 --- [           main] c.p.c.d.m.ErrorCodeMapper.selectById     : <==      Total: 1
2025-11-09 19:33:14.034 DEBUG 46241 --- [           main] c.p.c.d.m.ErrorCodeMapper.selectById     : ==>  Preparing: SELECT code,code_type,default_langue,chinese,tradition,english FROM c_error_code WHERE code=?
2025-11-09 19:33:14.034 DEBUG 46241 --- [           main] c.p.c.d.m.ErrorCodeMapper.selectById     : ==> Parameters: 6100(Integer)
2025-11-09 19:33:14.123 DEBUG 46241 --- [           main] c.p.c.d.m.ErrorCodeMapper.selectById     : <==      Total: 1
2025-11-09 19:33:14.125 DEBUG 46241 --- [           main] c.p.c.d.m.ErrorCodeMapper.selectById     : ==>  Preparing: SELECT code,code_type,default_langue,chinese,tradition,english FROM c_error_code WHERE code=?
2025-11-09 19:33:14.127 DEBUG 46241 --- [           main] c.p.c.d.m.ErrorCodeMapper.selectById     : ==> Parameters: 6101(Integer)
2025-11-09 19:33:14.215 DEBUG 46241 --- [           main] c.p.c.d.m.ErrorCodeMapper.selectById     : <==      Total: 1
2025-11-09 19:33:14.220 DEBUG 46241 --- [           main] c.p.c.d.m.ErrorCodeMapper.selectById     : ==>  Preparing: SELECT code,code_type,default_langue,chinese,tradition,english FROM c_error_code WHERE code=?
2025-11-09 19:33:14.220 DEBUG 46241 --- [           main] c.p.c.d.m.ErrorCodeMapper.selectById     : ==> Parameters: 6102(Integer)
2025-11-09 19:33:14.308 DEBUG 46241 --- [           main] c.p.c.d.m.ErrorCodeMapper.selectById     : <==      Total: 1
2025-11-09 19:33:14.317 DEBUG 46241 --- [           main] c.p.c.d.m.ErrorCodeMapper.selectById     : ==>  Preparing: SELECT code,code_type,default_langue,chinese,tradition,english FROM c_error_code WHERE code=?
2025-11-09 19:33:14.320 DEBUG 46241 --- [           main] c.p.c.d.m.ErrorCodeMapper.selectById     : ==> Parameters: 6103(Integer)
2025-11-09 19:33:14.410 DEBUG 46241 --- [           main] c.p.c.d.m.ErrorCodeMapper.selectById     : <==      Total: 1
2025-11-09 19:33:14.415 DEBUG 46241 --- [           main] c.p.c.d.m.ErrorCodeMapper.selectById     : ==>  Preparing: SELECT code,code_type,default_langue,chinese,tradition,english FROM c_error_code WHERE code=?
2025-11-09 19:33:14.417 DEBUG 46241 --- [           main] c.p.c.d.m.ErrorCodeMapper.selectById     : ==> Parameters: 6104(Integer)
2025-11-09 19:33:14.505 DEBUG 46241 --- [           main] c.p.c.d.m.ErrorCodeMapper.selectById     : <==      Total: 1
2025-11-09 19:33:14.508 DEBUG 46241 --- [           main] c.p.c.d.m.ErrorCodeMapper.selectById     : ==>  Preparing: SELECT code,code_type,default_langue,chinese,tradition,english FROM c_error_code WHERE code=?
2025-11-09 19:33:14.509 DEBUG 46241 --- [           main] c.p.c.d.m.ErrorCodeMapper.selectById     : ==> Parameters: 6105(Integer)
2025-11-09 19:33:14.598 DEBUG 46241 --- [           main] c.p.c.d.m.ErrorCodeMapper.selectById     : <==      Total: 1
2025-11-09 19:33:14.601 DEBUG 46241 --- [           main] c.p.c.d.m.ErrorCodeMapper.selectById     : ==>  Preparing: SELECT code,code_type,default_langue,chinese,tradition,english FROM c_error_code WHERE code=?
2025-11-09 19:33:14.601 DEBUG 46241 --- [           main] c.p.c.d.m.ErrorCodeMapper.selectById     : ==> Parameters: 6106(Integer)
2025-11-09 19:33:14.688 DEBUG 46241 --- [           main] c.p.c.d.m.ErrorCodeMapper.selectById     : <==      Total: 1
2025-11-09 19:33:14.690 DEBUG 46241 --- [           main] c.p.c.d.m.ErrorCodeMapper.selectById     : ==>  Preparing: SELECT code,code_type,default_langue,chinese,tradition,english FROM c_error_code WHERE code=?
2025-11-09 19:33:14.690 DEBUG 46241 --- [           main] c.p.c.d.m.ErrorCodeMapper.selectById     : ==> Parameters: 6107(Integer)
2025-11-09 19:33:14.777 DEBUG 46241 --- [           main] c.p.c.d.m.ErrorCodeMapper.selectById     : <==      Total: 1
2025-11-09 19:33:14.779 DEBUG 46241 --- [           main] c.p.c.d.m.ErrorCodeMapper.selectById     : ==>  Preparing: SELECT code,code_type,default_langue,chinese,tradition,english FROM c_error_code WHERE code=?
2025-11-09 19:33:14.779 DEBUG 46241 --- [           main] c.p.c.d.m.ErrorCodeMapper.selectById     : ==> Parameters: 6108(Integer)
2025-11-09 19:33:14.866 DEBUG 46241 --- [           main] c.p.c.d.m.ErrorCodeMapper.selectById     : <==      Total: 1
2025-11-09 19:33:14.867 DEBUG 46241 --- [           main] c.p.c.d.m.ErrorCodeMapper.selectById     : ==>  Preparing: SELECT code,code_type,default_langue,chinese,tradition,english FROM c_error_code WHERE code=?
2025-11-09 19:33:14.867 DEBUG 46241 --- [           main] c.p.c.d.m.ErrorCodeMapper.selectById     : ==> Parameters: 6109(Integer)
2025-11-09 19:33:14.954 DEBUG 46241 --- [           main] c.p.c.d.m.ErrorCodeMapper.selectById     : <==      Total: 1
2025-11-09 19:33:14.955 DEBUG 46241 --- [           main] c.p.c.d.m.ErrorCodeMapper.selectById     : ==>  Preparing: SELECT code,code_type,default_langue,chinese,tradition,english FROM c_error_code WHERE code=?
2025-11-09 19:33:14.955 DEBUG 46241 --- [           main] c.p.c.d.m.ErrorCodeMapper.selectById     : ==> Parameters: 6110(Integer)
2025-11-09 19:33:15.042 DEBUG 46241 --- [           main] c.p.c.d.m.ErrorCodeMapper.selectById     : <==      Total: 1
2025-11-09 19:33:15.042 DEBUG 46241 --- [           main] c.p.c.d.m.ErrorCodeMapper.selectById     : ==>  Preparing: SELECT code,code_type,default_langue,chinese,tradition,english FROM c_error_code WHERE code=?
2025-11-09 19:33:15.043 DEBUG 46241 --- [           main] c.p.c.d.m.ErrorCodeMapper.selectById     : ==> Parameters: 6111(Integer)
2025-11-09 19:33:15.129 DEBUG 46241 --- [           main] c.p.c.d.m.ErrorCodeMapper.selectById     : <==      Total: 1
2025-11-09 19:33:15.130 DEBUG 46241 --- [           main] c.p.c.d.m.ErrorCodeMapper.selectById     : ==>  Preparing: SELECT code,code_type,default_langue,chinese,tradition,english FROM c_error_code WHERE code=?
2025-11-09 19:33:15.131 DEBUG 46241 --- [           main] c.p.c.d.m.ErrorCodeMapper.selectById     : ==> Parameters: 5600(Integer)
2025-11-09 19:33:15.217 DEBUG 46241 --- [           main] c.p.c.d.m.ErrorCodeMapper.selectById     : <==      Total: 1
2025-11-09 19:33:15.218 DEBUG 46241 --- [           main] c.p.c.d.m.ErrorCodeMapper.selectById     : ==>  Preparing: SELECT code,code_type,default_langue,chinese,tradition,english FROM c_error_code WHERE code=?
2025-11-09 19:33:15.218 DEBUG 46241 --- [           main] c.p.c.d.m.ErrorCodeMapper.selectById     : ==> Parameters: 6112(Integer)
2025-11-09 19:33:15.305 DEBUG 46241 --- [           main] c.p.c.d.m.ErrorCodeMapper.selectById     : <==      Total: 1
2025-11-09 19:33:15.306 DEBUG 46241 --- [           main] c.p.c.d.m.ErrorCodeMapper.selectById     : ==>  Preparing: SELECT code,code_type,default_langue,chinese,tradition,english FROM c_error_code WHERE code=?
2025-11-09 19:33:15.306 DEBUG 46241 --- [           main] c.p.c.d.m.ErrorCodeMapper.selectById     : ==> Parameters: 6113(Integer)
2025-11-09 19:33:15.393 DEBUG 46241 --- [           main] c.p.c.d.m.ErrorCodeMapper.selectById     : <==      Total: 1
2025-11-09 19:33:15.394 DEBUG 46241 --- [           main] c.p.c.d.m.ErrorCodeMapper.selectById     : ==>  Preparing: SELECT code,code_type,default_langue,chinese,tradition,english FROM c_error_code WHERE code=?
2025-11-09 19:33:15.394 DEBUG 46241 --- [           main] c.p.c.d.m.ErrorCodeMapper.selectById     : ==> Parameters: 5610(Integer)
2025-11-09 19:33:15.480 DEBUG 46241 --- [           main] c.p.c.d.m.ErrorCodeMapper.selectById     : <==      Total: 1
2025-11-09 19:33:15.481 DEBUG 46241 --- [           main] c.p.c.d.m.ErrorCodeMapper.selectById     : ==>  Preparing: SELECT code,code_type,default_langue,chinese,tradition,english FROM c_error_code WHERE code=?
2025-11-09 19:33:15.481 DEBUG 46241 --- [           main] c.p.c.d.m.ErrorCodeMapper.selectById     : ==> Parameters: 5611(Integer)
2025-11-09 19:33:15.568 DEBUG 46241 --- [           main] c.p.c.d.m.ErrorCodeMapper.selectById     : <==      Total: 1
2025-11-09 19:33:15.569 DEBUG 46241 --- [           main] c.p.c.d.m.ErrorCodeMapper.selectById     : ==>  Preparing: SELECT code,code_type,default_langue,chinese,tradition,english FROM c_error_code WHERE code=?
2025-11-09 19:33:15.569 DEBUG 46241 --- [           main] c.p.c.d.m.ErrorCodeMapper.selectById     : ==> Parameters: 500(Integer)
2025-11-09 19:33:15.656 DEBUG 46241 --- [           main] c.p.c.d.m.ErrorCodeMapper.selectById     : <==      Total: 1
2025-11-09 19:33:15.657 DEBUG 46241 --- [           main] c.p.c.d.m.ErrorCodeMapper.selectById     : ==>  Preparing: SELECT code,code_type,default_langue,chinese,tradition,english FROM c_error_code WHERE code=?
2025-11-09 19:33:15.657 DEBUG 46241 --- [           main] c.p.c.d.m.ErrorCodeMapper.selectById     : ==> Parameters: 5500(Integer)
2025-11-09 19:33:15.743 DEBUG 46241 --- [           main] c.p.c.d.m.ErrorCodeMapper.selectById     : <==      Total: 1
2025-11-09 19:33:15.747 DEBUG 46241 --- [           main] c.p.c.d.m.ControlUserMapper.selectList   : ==>  Preparing: SELECT id,user_id,target_value,complete_value,roller_id,recorded_user,recorded_room,state FROM g_control_user WHERE (state = ?)
2025-11-09 19:33:15.748 DEBUG 46241 --- [           main] c.p.c.d.m.ControlUserMapper.selectList   : ==> Parameters: 1(Integer)
2025-11-09 19:33:15.834 DEBUG 46241 --- [           main] c.p.c.d.m.ControlUserMapper.selectList   : <==      Total: 0
2025-11-09 19:33:15.838 DEBUG 46241 --- [           main] c.p.c.d.m.ControlRoomMapper.selectList   : ==>  Preparing: SELECT id,room_id,target_value,complete_value,roller_id,recorded,state FROM g_control_room WHERE (state = ?)
2025-11-09 19:33:15.838 DEBUG 46241 --- [           main] c.p.c.d.m.ControlRoomMapper.selectList   : ==> Parameters: 1(Integer)
2025-11-09 19:33:15.925 DEBUG 46241 --- [           main] c.p.c.d.m.ControlRoomMapper.selectList   : <==      Total: 0
2025-11-09 19:33:15.927 DEBUG 46241 --- [           main] c.p.c.d.m.C.selectList                   : ==>  Preparing: SELECT id,user_id,special_type,state FROM g_control_special WHERE (state = ?)
2025-11-09 19:33:15.927 DEBUG 46241 --- [           main] c.p.c.d.m.C.selectList                   : ==> Parameters: 1(Integer)
2025-11-09 19:33:16.014 DEBUG 46241 --- [           main] c.p.c.d.m.C.selectList                   : <==      Total: 0
2025-11-09 19:33:16.017 DEBUG 46241 --- [           main] c.p.c.d.m.FishingFishMapper.selectList   : ==>  Preparing: SELECT id,name,kill_rate,score,state FROM c_fishing_fish WHERE (state = ?)
2025-11-09 19:33:16.018 DEBUG 46241 --- [           main] c.p.c.d.m.FishingFishMapper.selectList   : ==> Parameters: 1(Integer)
2025-11-09 19:33:16.107 DEBUG 46241 --- [           main] c.p.c.d.m.FishingFishMapper.selectList   : <==      Total: 30
